Archive member included because of file (symbol)

.\CortexM3\ARM_GCC_493\Debug\Processor.a(cyfitter_cfg.o)
                              .\CortexM3\ARM_GCC_493\Debug\Cm3Start.o (cyfitter_cfg)
.\CortexM3\ARM_GCC_493\Debug\Processor.a(CyBootAsmGnu.o)
                              .\CortexM3\ARM_GCC_493\Debug\Processor.a(cyfitter_cfg.o) (CyDelayCycles)
.\CortexM3\ARM_GCC_493\Debug\Processor.a(CyLib.o)
                              .\CortexM3\ARM_GCC_493\Debug\Cm3Start.o (CyResetStatus)
.\CortexM3\ARM_GCC_493\Debug\Processor.a(cyPm.o)
                              .\CortexM3\ARM_GCC_493\Debug\Processor.a(CyLib.o) (CyPmReadStatus)
.\CortexM3\ARM_GCC_493\Debug\Processor.a(UART.o)
                              .\CortexM3\ARM_GCC_493\Debug\main.o (UART_Start)
.\CortexM3\ARM_GCC_493\Debug\Processor.a(rx_int.o)
                              .\CortexM3\ARM_GCC_493\Debug\main.o (rx_int_StartEx)
.\CortexM3\ARM_GCC_493\Debug\Processor.a(UART_IntClock.o)
                              .\CortexM3\ARM_GCC_493\Debug\Processor.a(UART.o) (UART_IntClock_Start)
.\CortexM3\ARM_GCC_493\Debug\Processor.a(LED_1.o)
                              .\CortexM3\ARM_GCC_493\Debug\main.o (LED_1_Write)
.\CortexM3\ARM_GCC_493\Debug\Processor.a(SPIM_1.o)
                              .\CortexM3\ARM_GCC_493\Debug\tft.o (SPIM_1_ReadTxStatus)
.\CortexM3\ARM_GCC_493\Debug\Processor.a(DC.o)
                              .\CortexM3\ARM_GCC_493\Debug\tft.o (DC_Write)
.\CortexM3\ARM_GCC_493\Debug\Processor.a(SPIM_1_IntClock.o)
                              .\CortexM3\ARM_GCC_493\Debug\Processor.a(SPIM_1.o) (SPIM_1_IntClock_Start)
.\CortexM3\ARM_GCC_493\Debug\Processor.a(LCD_1.o)
                              .\CortexM3\ARM_GCC_493\Debug\main.o (LCD_1_WriteControl)
.\CortexM3\ARM_GCC_493\Debug\Processor.a(CyFlash.o)
                              .\CortexM3\ARM_GCC_493\Debug\Processor.a(cyPm.o) (CyFlash_SetWaitCycles)
.\CortexM3\ARM_GCC_493\Debug\Processor.a(CySpc.o)
                              .\CortexM3\ARM_GCC_493\Debug\Processor.a(CyFlash.o) (CySpcStart)
..\..\..\emWinGraphics_v5_46\LinkLibrary\PSoC5\GCC\libemWin_nosnts_cm3_gcc.a(F6x8.o)
                              .\CortexM3\ARM_GCC_493\Debug\GUIConf.o (GUI_Font6x8)
..\..\..\emWinGraphics_v5_46\LinkLibrary\PSoC5\GCC\libemWin_nosnts_cm3_gcc.a(F8x16.o)
                              .\CortexM3\ARM_GCC_493\Debug\main.o (GUI_Font8x16)
..\..\..\emWinGraphics_v5_46\LinkLibrary\PSoC5\GCC\libemWin_nosnts_cm3_gcc.a(GUI_Alloc.o)
                              .\CortexM3\ARM_GCC_493\Debug\GUIConf.o (GUI_ALLOC_AssignMemory)
..\..\..\emWinGraphics_v5_46\LinkLibrary\PSoC5\GCC\libemWin_nosnts_cm3_gcc.a(GUI_CharM.o)
                              ..\..\..\emWinGraphics_v5_46\LinkLibrary\PSoC5\GCC\libemWin_nosnts_cm3_gcc.a(F6x8.o) (GUIMONO_DispChar)
..\..\..\emWinGraphics_v5_46\LinkLibrary\PSoC5\GCC\libemWin_nosnts_cm3_gcc.a(GUI_Common.o)
                              .\CortexM3\ARM_GCC_493\Debug\main.o (GUI_SetColor)
..\..\..\emWinGraphics_v5_46\LinkLibrary\PSoC5\GCC\libemWin_nosnts_cm3_gcc.a(GUI_Core.o)
                              ..\..\..\emWinGraphics_v5_46\LinkLibrary\PSoC5\GCC\libemWin_nosnts_cm3_gcc.a(GUI_Common.o) (GUI__apDevice)
..\..\..\emWinGraphics_v5_46\LinkLibrary\PSoC5\GCC\libemWin_nosnts_cm3_gcc.a(GUI_Device.o)
                              .\CortexM3\ARM_GCC_493\Debug\LCDConf.o (GUI_DEVICE_CreateAndLink)
..\..\..\emWinGraphics_v5_46\LinkLibrary\PSoC5\GCC\libemWin_nosnts_cm3_gcc.a(GUI_DispString.o)
                              ..\..\..\emWinGraphics_v5_46\LinkLibrary\PSoC5\GCC\libemWin_nosnts_cm3_gcc.a(GUI_Common.o) (GUI_DispString)
..\..\..\emWinGraphics_v5_46\LinkLibrary\PSoC5\GCC\libemWin_nosnts_cm3_gcc.a(GUI_DispStringInRectEx.o)
                              ..\..\..\emWinGraphics_v5_46\LinkLibrary\PSoC5\GCC\libemWin_nosnts_cm3_gcc.a(GUI_DispString.o) (GUI_DispStringInRectEx)
..\..\..\emWinGraphics_v5_46\LinkLibrary\PSoC5\GCC\libemWin_nosnts_cm3_gcc.a(GUI_OnKey.o)
                              ..\..\..\emWinGraphics_v5_46\LinkLibrary\PSoC5\GCC\libemWin_nosnts_cm3_gcc.a(GUI_Common.o) (GUI_GetKey)
..\..\..\emWinGraphics_v5_46\LinkLibrary\PSoC5\GCC\libemWin_nosnts_cm3_gcc.a(GUI_UC.o)
                              ..\..\..\emWinGraphics_v5_46\LinkLibrary\PSoC5\GCC\libemWin_nosnts_cm3_gcc.a(GUI_DispString.o) (GUI_UC__GetCharCodeInc)
..\..\..\emWinGraphics_v5_46\LinkLibrary\PSoC5\GCC\libemWin_nosnts_cm3_gcc.a(GUI_UC_EncodeNone.o)
                              ..\..\..\emWinGraphics_v5_46\LinkLibrary\PSoC5\GCC\libemWin_nosnts_cm3_gcc.a(GUI_Core.o) (GUI_UC_None)
..\..\..\emWinGraphics_v5_46\LinkLibrary\PSoC5\GCC\libemWin_nosnts_cm3_gcc.a(GUI_WaitEvent.o)
                              ..\..\..\emWinGraphics_v5_46\LinkLibrary\PSoC5\GCC\libemWin_nosnts_cm3_gcc.a(GUI_OnKey.o) (GUI_SignalEvent)
..\..\..\emWinGraphics_v5_46\LinkLibrary\PSoC5\GCC\libemWin_nosnts_cm3_gcc.a(GUICC_M565.o)
[...]
Memory Configuration

Name             Origin             Length             Attributes
rom              0x00000000         0x00040000         xr
ram              0x1fff8000         0x00010000         xrw
*default*        0x00000000         0xffffffff

Linker script and memory map

LOAD c:/program files (x86)/cypress/psoc creator/3.3/psoc creator/import/gnu/arm/4.9.3/bin/../lib/gcc/arm-none-eabi/4.9.3/armv7-m/crti.o
LOAD c:/program files (x86)/cypress/psoc creator/3.3/psoc creator/import/gnu/arm/4.9.3/bin/../lib/gcc/arm-none-eabi/4.9.3/armv7-m/crtbegin.o
LOAD c:/program files (x86)/cypress/psoc creator/3.3/psoc creator/import/gnu/arm/4.9.3/bin/../lib/gcc/arm-none-eabi/4.9.3/../../../../arm-none-eabi/lib/armv7-m/crt0.o
START GROUP
LOAD .\CortexM3\ARM_GCC_493\Debug\main.o
LOAD .\CortexM3\ARM_GCC_493\Debug\GUI_X.o
LOAD .\CortexM3\ARM_GCC_493\Debug\GUIConf.o
LOAD .\CortexM3\ARM_GCC_493\Debug\LCDConf.o
LOAD .\CortexM3\ARM_GCC_493\Debug\tft.o
LOAD .\CortexM3\ARM_GCC_493\Debug\Cm3Start.o
LOAD .\CortexM3\ARM_GCC_493\Debug\cymetadata.o
LOAD .\CortexM3\ARM_GCC_493\Debug\Processor.a
LOAD C:\Program Files (x86)\Cypress\PSoC Creator\3.3\PSoC Creator\psoc\content\cycomponentlibrary\CyComponentLibrary.cylib\CapSense_CSD_v3_50\Library\CapSenseLibrary_GCC.a
LOAD C:\Program Files (x86)\Cypress\PSoC Creator\3.3\PSoC Creator\psoc\content\cycomponentlibrary\CyComponentLibrary.cylib\CortexM3\ARM_GCC_493\Debug\CyComponentLibrary.a
LOAD c:/program files (x86)/cypress/psoc creator/3.3/psoc creator/import/gnu/arm/4.9.3/bin/../lib/gcc/arm-none-eabi/4.9.3/../../../../arm-none-eabi/lib/armv7-m\libm.a
LOAD ..\..\..\emWinGraphics_v5_46\LinkLibrary\PSoC5\GCC\libemWin_nosnts_cm3_gcc.a
END GROUP
START GROUP
LOAD c:/program files (x86)/cypress/psoc creator/3.3/psoc creator/import/gnu/arm/4.9.3/bin/../lib/gcc/arm-none-eabi/4.9.3/armv7-m\libgcc.a
LOAD c:/program files (x86)/cypress/psoc creator/3.3/psoc creator/import/gnu/arm/4.9.3/bin/../lib/gcc/arm-none-eabi/4.9.3/../../../../arm-none-eabi/lib/armv7-m\libg_nano.a
LOAD c:/program files (x86)/cypress/psoc creator/3.3/psoc creator/import/gnu/arm/4.9.3/bin/../lib/gcc/arm-none-eabi/4.9.3/../../../../arm-none-eabi/lib/armv7-m\libc_nano.a
END GROUP
START GROUP
LOAD c:/program files (x86)/cypress/psoc creator/3.3/psoc creator/import/gnu/arm/4.9.3/bin/../lib/gcc/arm-none-eabi/4.9.3/armv7-m\libgcc.a
LOAD c:/program files (x86)/cypress/psoc creator/3.3/psoc creator/import/gnu/arm/4.9.3/bin/../lib/gcc/arm-none-eabi/4.9.3/../../../../arm-none-eabi/lib/armv7-m\libc_nano.a
END GROUP
LOAD c:/program files (x86)/cypress/psoc creator/3.3/psoc creator/import/gnu/arm/4.9.3/bin/../lib/gcc/arm-none-eabi/4.9.3/armv7-m/crtend.o
LOAD c:/program files (x86)/cypress/psoc creator/3.3/psoc creator/import/gnu/arm/4.9.3/bin/../lib/gcc/arm-none-eabi/4.9.3/armv7-m/crtn.o
START GROUP
LOAD c:/program files (x86)/cypress/psoc creator/3.3/psoc creator/import/gnu/arm/4.9.3/bin/../lib/gcc/arm-none-eabi/4.9.3/armv7-m\libgcc.a
LOAD c:/program files (x86)/cypress/psoc creator/3.3/psoc creator/import/gnu/arm/4.9.3/bin/../lib/gcc/arm-none-eabi/4.9.3/../../../../arm-none-eabi/lib/armv7-m\libc.a
LOAD c:/program files (x86)/cypress/psoc creator/3.3/psoc creator/import/gnu/arm/4.9.3/bin/../lib/gcc/arm-none-eabi/4.9.3/../../../../arm-none-eabi/lib/armv7-m\libnosys.a
END GROUP
                0x00000000                CY_APPL_ORIGIN = 0x0
                0x00000100                CY_FLASH_ROW_SIZE = 0x100
                0x00000020                CY_ECC_ROW_SIZE = 0x20
                0x00000000                CY_EE_IN_BTLDR = 0x0
                0x00000000                CY_APPL_LOADABLE = 0x0
                0x00000800                CY_EE_SIZE = 0x800
                0x00000001                CY_APPL_NUM = 0x1
                0x00000001                CY_APPL_MAX = 0x1
                0x00000040                CY_METADATA_SIZE = 0x40
                0x00000000                CY_APPL_LOADABLE = 0x0
                0x00000000                CY_CHECKSUM_EXCLUDE_SIZE = ALIGN (0x0, CY_FLASH_ROW_SIZE)
                0x1fffabb0                PROVIDE (__cy_heap_start, _end)
                0x00000001                PROVIDE (__cy_region_num, ((__cy_regions_end - __cy_regions) / 0x10))
                0x20008000                PROVIDE (__cy_stack, (ORIGIN (ram) + 0x10000))
                0x20004000                PROVIDE (__cy_heap_end, (__cy_stack - 0x4000))

.cybootloader   0x00000000        0x0
 *(.cybootloader)
                0x00000000                appl1_start = CY_APPL_ORIGIN?CY_APPL_ORIGIN:ALIGN (CY_FLASH_ROW_SIZE)
                0x0001ff00                appl2_start = (appl1_start + ALIGN ((((0x40000 - appl1_start) - (0x2 * CY_FLASH_ROW_SIZE)) / 0x2), CY_FLASH_ROW_SIZE))
                0x00000000                appl_start = (CY_APPL_NUM == 0x1)?appl1_start:appl2_start
                0x00000000                ecc_offset = ((appl_start / CY_FLASH_ROW_SIZE) * CY_ECC_ROW_SIZE)
                0x00000000                ee_offset = (CY_APPL_LOADABLE && ! (CY_EE_IN_BTLDR))?((CY_EE_SIZE / CY_APPL_MAX) * (CY_APPL_NUM - 0x1)):0x0
                0x00000800                ee_size = (CY_APPL_LOADABLE && ! (CY_EE_IN_BTLDR))?(CY_EE_SIZE / CY_APPL_MAX):CY_EE_SIZE
                0x00000000                PROVIDE (CY_ECC_OFFSET, ecc_offset)

.text           0x00000000     0x69d0
 CREATE_OBJECT_SYMBOLS
                0x00000000                PROVIDE (__cy_interrupt_vector, RomVectors)
 *(.romvectors)
 .romvectors    0x00000000       0x10 .\CortexM3\ARM_GCC_493\Debug\Cm3Start.o
                0x00000000                RomVectors
                0x00000001                ASSERT ((. != __cy_interrupt_vector), No interrupt vector)
                0x00000001                ASSERT (CY_APPL_ORIGIN?(SIZEOF (.cybootloader) <= CY_APPL_ORIGIN):0x1, Wrong image location)
                0x00000010                PROVIDE (__cy_reset, Reset)
 *(.text.Reset)
 .text.Reset    0x00000010       0x18 .\CortexM3\ARM_GCC_493\Debug\Cm3Start.o
                0x00000010                Reset
                0x00000001                ASSERT ((. != __cy_reset), No reset code)
 *(.dma_init)
                0x00000001                ASSERT ((((appl_start + .) <= 0x10000) || 0x1), DMA Init must be within the first 64k of flash)
 *(.text .text.* .gnu.linkonce.t.*)
 .text          0x00000028       0x5c c:/program files (x86)/cypress/psoc creator/3.3/psoc creator/import/gnu/arm/4.9.3/bin/../lib/gcc/arm-none-eabi/4.9.3/armv7-m/crtbegin.o
 .text.RX_INT   0x00000084       0xc8 .\CortexM3\ARM_GCC_493\Debug\main.o
                0x00000084                RX_INT
 .text.main     0x0000014c       0x34 .\CortexM3\ARM_GCC_493\Debug\main.o
                0x0000014c                main
 .text.MainTask
                0x00000180       0x1c .\CortexM3\ARM_GCC_493\Debug\main.o
                0x00000180                MainTask
 .text.create_rects
                0x0000019c      0x1b4 .\CortexM3\ARM_GCC_493\Debug\main.o
                0x0000019c                create_rects
 .text.display_stats
                0x00000350       0x7c .\CortexM3\ARM_GCC_493\Debug\main.o
                0x00000350                display_stats
 .text.color_change
                0x000003cc       0x3c .\CortexM3\ARM_GCC_493\Debug\main.o
                0x000003cc                color_change
 .text.clear_words
                0x00000408       0x3c .\CortexM3\ARM_GCC_493\Debug\main.o
                0x00000408                clear_words
 .text.GUI_X_Init
                0x00000444        0xc .\CortexM3\ARM_GCC_493\Debug\GUI_X.o
                0x00000444                GUI_X_Init
 .text.GUI_X_Systick_Intr
                0x00000450       0x1c .\CortexM3\ARM_GCC_493\Debug\GUI_X.o
                0x00000450                GUI_X_Systick_Intr
 .text.GUI_X_Systick_Init
                0x0000046c       0x48 .\CortexM3\ARM_GCC_493\Debug\GUI_X.o
                0x0000046c                GUI_X_Systick_Init
 .text.GUI_X_Config
                0x000004b4       0x20 .\CortexM3\ARM_GCC_493\Debug\GUIConf.o
                0x000004b4                GUI_X_Config
 .text._InitController
                0x000004d4        0xc .\CortexM3\ARM_GCC_493\Debug\LCDConf.o
 .text.LCD_X_Config
                0x000004e0       0xb8 .\CortexM3\ARM_GCC_493\Debug\LCDConf.o
                0x000004e0                LCD_X_Config
 .text.LCD_X_DisplayDriver
                0x00000598       0x2c .\CortexM3\ARM_GCC_493\Debug\LCDConf.o
                0x00000598                LCD_X_DisplayDriver
 .text.write8_a0
                0x000005c4       0x30 .\CortexM3\ARM_GCC_493\Debug\tft.o
                0x000005c4                write8_a0
 .text.write8_a1
                0x000005f4       0x30 .\CortexM3\ARM_GCC_493\Debug\tft.o
                0x000005f4                write8_a1
 .text.writeM8_a1
                0x00000624       0x48 .\CortexM3\ARM_GCC_493\Debug\tft.o
                0x00000624                writeM8_a1
 .text.read8_a1
                0x0000066c        0x8 .\CortexM3\ARM_GCC_493\Debug\tft.o
                0x0000066c                read8_a1
 .text.readM8_a1
                0x00000674        0xc .\CortexM3\ARM_GCC_493\Debug\tft.o
                0x00000674                readM8_a1
 .text.tftStart
                0x00000680       0x3c .\CortexM3\ARM_GCC_493\Debug\tft.o
                0x00000680                tftStart
 .text.IntDefaultHandler
                0x000006bc        0x8 .\CortexM3\ARM_GCC_493\Debug\Cm3Start.o
                0x000006bc                IntDefaultHandler
 .text.Start_c  0x000006c4       0x98 .\CortexM3\ARM_GCC_493\Debug\Cm3Start.o
                0x000006c4                Start_c
 .text.initialize_psoc
                0x0000075c       0x8c .\CortexM3\ARM_GCC_493\Debug\Cm3Start.o
                0x0000075c                initialize_psoc
 .text.CYMEMZERO
                0x000007e8       0x1c .\CortexM3\ARM_GCC_493\Debug\Processor.a(cyfitter_cfg.o)
 .text.CYCONFIGCPY
                0x00000804       0x1c .\CortexM3\ARM_GCC_493\Debug\Processor.a(cyfitter_cfg.o)
 .text.CyClockStartupError
                0x00000820        0xc .\CortexM3\ARM_GCC_493\Debug\Processor.a(cyfitter_cfg.o)
 .text.cfg_write_bytes32
                0x0000082c       0x74 .\CortexM3\ARM_GCC_493\Debug\Processor.a(cyfitter_cfg.o)
 .text.ClockSetup
                0x000008a0      0x128 .\CortexM3\ARM_GCC_493\Debug\Processor.a(cyfitter_cfg.o)
 .text.AnalogSetDefault
                0x000009c8       0x6c .\CortexM3\ARM_GCC_493\Debug\Processor.a(cyfitter_cfg.o)
 .text.cyfitter_cfg
                0x00000a34      0x1c4 .\CortexM3\ARM_GCC_493\Debug\Processor.a(cyfitter_cfg.o)
                0x00000a34                cyfitter_cfg
 .text          0x00000bf8       0x20 .\CortexM3\ARM_GCC_493\Debug\Processor.a(CyBootAsmGnu.o)
                0x00000bf8                CyDelayCycles
                0x00000c08                CyEnterCriticalSection
                0x00000c10                CyExitCriticalSection
 .text.CyHalt   0x00000c18       0x18 .\CortexM3\ARM_GCC_493\Debug\Processor.a(CyLib.o)
                0x00000c18                CyHalt
 .text.CyDelay  0x00000c30       0x44 .\CortexM3\ARM_GCC_493\Debug\Processor.a(CyLib.o)
                0x00000c30                CyDelay
 .text.CyDelayUs
                0x00000c74       0x24 .\CortexM3\ARM_GCC_493\Debug\Processor.a(CyLib.o)
                0x00000c74                CyDelayUs
 .text.CyIntSetSysVector
                0x00000c98       0x4c .\CortexM3\ARM_GCC_493\Debug\Processor.a(CyLib.o)
                0x00000c98                CyIntSetSysVector
 .text.CySysTickStart
                0x00000ce4       0x20 .\CortexM3\ARM_GCC_493\Debug\Processor.a(CyLib.o)
                0x00000ce4                CySysTickStart
 .text.CySysTickInit
                0x00000d04       0x68 .\CortexM3\ARM_GCC_493\Debug\Processor.a(CyLib.o)
                0x00000d04                CySysTickInit
 .text.CySysTickEnable
                0x00000d6c       0x1c .\CortexM3\ARM_GCC_493\Debug\Processor.a(CyLib.o)
                0x00000d6c                CySysTickEnable
 .text.CySysTickEnableInterrupt
                0x00000d88       0x1c .\CortexM3\ARM_GCC_493\Debug\Processor.a(CyLib.o)
                0x00000d88                CySysTickEnableInterrupt
 .text.CySysTickSetReload
                0x00000da4       0x20 .\CortexM3\ARM_GCC_493\Debug\Processor.a(CyLib.o)
                0x00000da4                CySysTickSetReload
 .text.CySysTickSetClockSource
                0x00000dc4       0x38 .\CortexM3\ARM_GCC_493\Debug\Processor.a(CyLib.o)
                0x00000dc4                CySysTickSetClockSource
 .text.CySysTickGetCountFlag
                0x00000dfc       0x1c .\CortexM3\ARM_GCC_493\Debug\Processor.a(CyLib.o)
                0x00000dfc                CySysTickGetCountFlag
 .text.CySysTickClear
                0x00000e18       0x18 .\CortexM3\ARM_GCC_493\Debug\Processor.a(CyLib.o)
                0x00000e18                CySysTickClear
 .text.CySysTickSetCallback
                0x00000e30       0x30 .\CortexM3\ARM_GCC_493\Debug\Processor.a(CyLib.o)
                0x00000e30                CySysTickSetCallback
 .text.CySysTickGetCallback
                0x00000e60       0x20 .\CortexM3\ARM_GCC_493\Debug\Processor.a(CyLib.o)
                0x00000e60                CySysTickGetCallback
 .text.CySysTickServiceCallbacks
                0x00000e80       0x44 .\CortexM3\ARM_GCC_493\Debug\Processor.a(CyLib.o)
 .text.UART_Start
                0x00000ec4       0x20 .\CortexM3\ARM_GCC_493\Debug\Processor.a(UART.o)
                0x00000ec4                UART_Start
 .text.UART_Init
                0x00000ee4       0x40 .\CortexM3\ARM_GCC_493\Debug\Processor.a(UART.o)
                0x00000ee4                UART_Init
 .text.UART_Enable
                0x00000f24       0x5c .\CortexM3\ARM_GCC_493\Debug\Processor.a(UART.o)
                0x00000f24                UART_Enable
 .text.UART_ReadRxData
                0x00000f80       0x20 .\CortexM3\ARM_GCC_493\Debug\Processor.a(UART.o)
                0x00000f80                UART_ReadRxData
 .text.UART_ClearRxBuffer
                0x00000fa0       0x40 .\CortexM3\ARM_GCC_493\Debug\Processor.a(UART.o)
                0x00000fa0                UART_ClearRxBuffer
 .text.UART_WriteTxData
                0x00000fe0       0x2c .\CortexM3\ARM_GCC_493\Debug\Processor.a(UART.o)
                0x00000fe0                UART_WriteTxData
 .text.rx_int_StartEx
                0x0000100c       0x24 .\CortexM3\ARM_GCC_493\Debug\Processor.a(rx_int.o)
                0x0000100c                rx_int_StartEx
 .text.rx_int_SetVector
                0x00001030       0x24 .\CortexM3\ARM_GCC_493\Debug\Processor.a(rx_int.o)
                0x00001030                rx_int_SetVector
 .text.rx_int_SetPriority
                0x00001054       0x24 .\CortexM3\ARM_GCC_493\Debug\Processor.a(rx_int.o)
                0x00001054                rx_int_SetPriority
 .text.rx_int_Enable
                0x00001078       0x18 .\CortexM3\ARM_GCC_493\Debug\Processor.a(rx_int.o)
                0x00001078                rx_int_Enable
 .text.rx_int_Disable
                0x00001090       0x18 .\CortexM3\ARM_GCC_493\Debug\Processor.a(rx_int.o)
                0x00001090                rx_int_Disable
 .text.UART_IntClock_Start
                0x000010a8       0x34 .\CortexM3\ARM_GCC_493\Debug\Processor.a(UART_IntClock.o)
                0x000010a8                UART_IntClock_Start
 .text.LED_1_Write
                0x000010dc       0x3c .\CortexM3\ARM_GCC_493\Debug\Processor.a(LED_1.o)
                0x000010dc                LED_1_Write
 .text.SPIM_1_Init
                0x00001118       0x30 .\CortexM3\ARM_GCC_493\Debug\Processor.a(SPIM_1.o)
                0x00001118                SPIM_1_Init
 .text.SPIM_1_Enable
                0x00001148       0x64 .\CortexM3\ARM_GCC_493\Debug\Processor.a(SPIM_1.o)
                0x00001148                SPIM_1_Enable
 .text.SPIM_1_Start
                0x000011ac       0x20 .\CortexM3\ARM_GCC_493\Debug\Processor.a(SPIM_1.o)
                0x000011ac                SPIM_1_Start
 .text.SPIM_1_EnableTxInt
                0x000011cc        0xc .\CortexM3\ARM_GCC_493\Debug\Processor.a(SPIM_1.o)
                0x000011cc                SPIM_1_EnableTxInt
 .text.SPIM_1_EnableRxInt
                0x000011d8        0xc .\CortexM3\ARM_GCC_493\Debug\Processor.a(SPIM_1.o)
                0x000011d8                SPIM_1_EnableRxInt
 .text.SPIM_1_ReadTxStatus
                0x000011e4       0x20 .\CortexM3\ARM_GCC_493\Debug\Processor.a(SPIM_1.o)
                0x000011e4                SPIM_1_ReadTxStatus
 .text.SPIM_1_ReadRxStatus
                0x00001204       0x20 .\CortexM3\ARM_GCC_493\Debug\Processor.a(SPIM_1.o)
                0x00001204                SPIM_1_ReadRxStatus
 .text.SPIM_1_WriteTxData
                0x00001224       0x34 .\CortexM3\ARM_GCC_493\Debug\Processor.a(SPIM_1.o)
                0x00001224                SPIM_1_WriteTxData
 .text.SPIM_1_ClearFIFO
                0x00001258       0x5c .\CortexM3\ARM_GCC_493\Debug\Processor.a(SPIM_1.o)
                0x00001258                SPIM_1_ClearFIFO
 .text.DC_Write
                0x000012b4       0x3c .\CortexM3\ARM_GCC_493\Debug\Processor.a(DC.o)
                0x000012b4                DC_Write
 .text.SPIM_1_IntClock_Start
                0x000012f0       0x34 .\CortexM3\ARM_GCC_493\Debug\Processor.a(SPIM_1_IntClock.o)
                0x000012f0                SPIM_1_IntClock_Start
 .text.LCD_1_Init
                0x00001324       0x6c .\CortexM3\ARM_GCC_493\Debug\Processor.a(LCD_1.o)
                0x00001324                LCD_1_Init
 .text.LCD_1_Enable
                0x00001390       0x18 .\CortexM3\ARM_GCC_493\Debug\Processor.a(LCD_1.o)
                0x00001390                LCD_1_Enable
 .text.LCD_1_Start
                0x000013a8       0x20 .\CortexM3\ARM_GCC_493\Debug\Processor.a(LCD_1.o)
                0x000013a8                LCD_1_Start
 .text.LCD_1_PutChar
                0x000013c8       0x18 .\CortexM3\ARM_GCC_493\Debug\Processor.a(LCD_1.o)
                0x000013c8                LCD_1_PutChar
 .text.LCD_1_WriteData
                0x000013e0       0x34 .\CortexM3\ARM_GCC_493\Debug\Processor.a(LCD_1.o)
                0x000013e0                LCD_1_WriteData
 .text.LCD_1_WriteControl
                0x00001414       0x34 .\CortexM3\ARM_GCC_493\Debug\Processor.a(LCD_1.o)
                0x00001414                LCD_1_WriteControl
 .text.LCD_1_IsReady
                0x00001448      0x178 .\CortexM3\ARM_GCC_493\Debug\Processor.a(LCD_1.o)
                0x00001448                LCD_1_IsReady
 .text.LCD_1_WrDatNib
                0x000015c0       0x78 .\CortexM3\ARM_GCC_493\Debug\Processor.a(LCD_1.o)
 .text.LCD_1_WrCntrlNib
                0x00001638       0x60 .\CortexM3\ARM_GCC_493\Debug\Processor.a(LCD_1.o)
 .text._PushFreeBlock
                0x00001698       0x24 ..\..\..\emWinGraphics_v5_46\LinkLibrary\PSoC5\GCC\libemWin_nosnts_cm3_gcc.a(GUI_Alloc.o)
 .text._RemoveFreeBlock
                0x000016bc       0x40 ..\..\..\emWinGraphics_v5_46\LinkLibrary\PSoC5\GCC\libemWin_nosnts_cm3_gcc.a(GUI_Alloc.o)
 .text._AddFreeMemory
                0x000016fc       0xa4 ..\..\..\emWinGraphics_v5_46\LinkLibrary\PSoC5\GCC\libemWin_nosnts_cm3_gcc.a(GUI_Alloc.o)
 .text._RemoveHoles
                0x000017a0       0x98 ..\..\..\emWinGraphics_v5_46\LinkLibrary\PSoC5\GCC\libemWin_nosnts_cm3_gcc.a(GUI_Alloc.o)
 .text.GUI_ALLOC_FreeFixedBlock
                0x00001838       0x14 ..\..\..\emWinGraphics_v5_46\LinkLibrary\PSoC5\GCC\libemWin_nosnts_cm3_gcc.a(GUI_Alloc.o)
                0x00001838                GUI_ALLOC_FreeFixedBlock
 .text.GUI_ALLOC_h2p
                0x0000184c       0x14 ..\..\..\emWinGraphics_v5_46\LinkLibrary\PSoC5\GCC\libemWin_nosnts_cm3_gcc.a(GUI_Alloc.o)
                0x0000184c                GUI_ALLOC_h2p
 .text.GUI_ALLOC_LockH
                0x00001860       0x1c ..\..\..\emWinGraphics_v5_46\LinkLibrary\PSoC5\GCC\libemWin_nosnts_cm3_gcc.a(GUI_Alloc.o)
                0x00001860                GUI_ALLOC_LockH
 .text.GUI_ALLOC_UnlockH
                0x0000187c       0x30 ..\..\..\emWinGraphics_v5_46\LinkLibrary\PSoC5\GCC\libemWin_nosnts_cm3_gcc.a(GUI_Alloc.o)
                0x0000187c                GUI_ALLOC_UnlockH
 .text.GUI_ALLOC_AssignMemory
                0x000018ac       0x10 ..\..\..\emWinGraphics_v5_46\LinkLibrary\PSoC5\GCC\libemWin_nosnts_cm3_gcc.a(GUI_Alloc.o)
                0x000018ac                GUI_ALLOC_AssignMemory
 .text.GUI_ALLOC_Free
                0x000018bc       0x28 ..\..\..\emWinGraphics_v5_46\LinkLibrary\PSoC5\GCC\libemWin_nosnts_cm3_gcc.a(GUI_Alloc.o)
                0x000018bc                GUI_ALLOC_Free
 .text._EnlargeBlocks
                0x000018e4       0x9c ..\..\..\emWinGraphics_v5_46\LinkLibrary\PSoC5\GCC\libemWin_nosnts_cm3_gcc.a(GUI_Alloc.o)
 .text._InitOnce
                0x00001980       0x6c ..\..\..\emWinGraphics_v5_46\LinkLibrary\PSoC5\GCC\libemWin_nosnts_cm3_gcc.a(GUI_Alloc.o)
 .text.GUI_ALLOC_GetFixedBlock
                0x000019ec       0xa4 ..\..\..\emWinGraphics_v5_46\LinkLibrary\PSoC5\GCC\libemWin_nosnts_cm3_gcc.a(GUI_Alloc.o)
                0x000019ec                GUI_ALLOC_GetFixedBlock
 .text._Alloc   0x00001a90       0xf0 ..\..\..\emWinGraphics_v5_46\LinkLibrary\PSoC5\GCC\libemWin_nosnts_cm3_gcc.a(GUI_Alloc.o)
 .text.GUI_ALLOC_AllocNoInit
                0x00001b80        0x8 ..\..\..\emWinGraphics_v5_46\LinkLibrary\PSoC5\GCC\libemWin_nosnts_cm3_gcc.a(GUI_Alloc.o)
                0x00001b80                GUI_ALLOC_AllocNoInit
 .text.GUI_ALLOC_AllocZero
                0x00001b88       0x30 ..\..\..\emWinGraphics_v5_46\LinkLibrary\PSoC5\GCC\libemWin_nosnts_cm3_gcc.a(GUI_Alloc.o)
                0x00001b88                GUI_ALLOC_AllocZero
 .text.GUIMONO_DispChar
                0x00001bb8      0x13c ..\..\..\emWinGraphics_v5_46\LinkLibrary\PSoC5\GCC\libemWin_nosnts_cm3_gcc.a(GUI_CharM.o)
                0x00001bb8                GUIMONO_DispChar
 .text.GUIMONO_GetCharDistX
                0x00001cf4       0x18 ..\..\..\emWinGraphics_v5_46\LinkLibrary\PSoC5\GCC\libemWin_nosnts_cm3_gcc.a(GUI_CharM.o)
                0x00001cf4                GUIMONO_GetCharDistX
 .text.GUIMONO_GetFontInfo
                0x00001d0c        0x6 ..\..\..\emWinGraphics_v5_46\LinkLibrary\PSoC5\GCC\libemWin_nosnts_cm3_gcc.a(GUI_CharM.o)
                0x00001d0c                GUIMONO_GetFontInfo
 .text.GUIMONO_IsInFont
                0x00001d12       0x36 ..\..\..\emWinGraphics_v5_46\LinkLibrary\PSoC5\GCC\libemWin_nosnts_cm3_gcc.a(GUI_CharM.o)
                0x00001d12                GUIMONO_IsInFont
 .text.GUI_CalcColorDist
                0x00001d48       0x4e ..\..\..\emWinGraphics_v5_46\LinkLibrary\PSoC5\GCC\libemWin_nosnts_cm3_gcc.a(GUI_Common.o)
                0x00001d48                GUI_CalcColorDist
 .text.GUI_MergeRect
                0x00001d96       0x56 ..\..\..\emWinGraphics_v5_46\LinkLibrary\PSoC5\GCC\libemWin_nosnts_cm3_gcc.a(GUI_Common.o)
                0x00001d96                GUI_MergeRect
 .text.GUI_MoveRect
                0x00001dec       0x20 ..\..\..\emWinGraphics_v5_46\LinkLibrary\PSoC5\GCC\libemWin_nosnts_cm3_gcc.a(GUI_Common.o)
                0x00001dec                GUI_MoveRect
 .text.GUI_GotoXY
                0x00001e0c       0x10 ..\..\..\emWinGraphics_v5_46\LinkLibrary\PSoC5\GCC\libemWin_nosnts_cm3_gcc.a(GUI_Common.o)
                0x00001e0c                GUI_GotoXY
 .text.GUI_RectsIntersect
                0x00001e1c       0x3a ..\..\..\emWinGraphics_v5_46\LinkLibrary\PSoC5\GCC\libemWin_nosnts_cm3_gcc.a(GUI_Common.o)
                0x00001e1c                GUI_RectsIntersect
 .text.GUI_SelectLCD
                0x00001e56       0x12 ..\..\..\emWinGraphics_v5_46\LinkLibrary\PSoC5\GCC\libemWin_nosnts_cm3_gcc.a(GUI_Common.o)
                0x00001e56                GUI_SelectLCD
 .text.GUI_SetBkColor
                0x00001e68        0x4 ..\..\..\emWinGraphics_v5_46\LinkLibrary\PSoC5\GCC\libemWin_nosnts_cm3_gcc.a(GUI_Common.o)
                0x00001e68                GUI_SetBkColor
 .text.GUI_SetColor
                0x00001e6c        0x4 ..\..\..\emWinGraphics_v5_46\LinkLibrary\PSoC5\GCC\libemWin_nosnts_cm3_gcc.a(GUI_Common.o)
                0x00001e6c                GUI_SetColor
 .text.GUI_SetFont
                0x00001e70       0x14 ..\..\..\emWinGraphics_v5_46\LinkLibrary\PSoC5\GCC\libemWin_nosnts_cm3_gcc.a(GUI_Common.o)
                0x00001e70                GUI_SetFont
 .text.GUI_SetOrg
                0x00001e84       0x38 ..\..\..\emWinGraphics_v5_46\LinkLibrary\PSoC5\GCC\libemWin_nosnts_cm3_gcc.a(GUI_Common.o)
                0x00001e84                GUI_SetOrg
 .text._OnExit  0x00001ebc       0x48 ..\..\..\emWinGraphics_v5_46\LinkLibrary\PSoC5\GCC\libemWin_nosnts_cm3_gcc.a(GUI_Core.o)
 .text.GUI_SetDefaultFont
                0x00001f04        0xc ..\..\..\emWinGraphics_v5_46\LinkLibrary\PSoC5\GCC\libemWin_nosnts_cm3_gcc.a(GUI_Core.o)
                0x00001f04                GUI_SetDefaultFont
 .text.GUI_ClearRect
                0x00001f10       0x60 ..\..\..\emWinGraphics_v5_46\LinkLibrary\PSoC5\GCC\libemWin_nosnts_cm3_gcc.a(GUI_Core.o)
                0x00001f10                GUI_ClearRect
 .text.GUI_Clear
                0x00001f70       0x20 ..\..\..\emWinGraphics_v5_46\LinkLibrary\PSoC5\GCC\libemWin_nosnts_cm3_gcc.a(GUI_Core.o)
                0x00001f70                GUI_Clear
 .text.GUI__RegisterExit
                0x00001f90       0x10 ..\..\..\emWinGraphics_v5_46\LinkLibrary\PSoC5\GCC\libemWin_nosnts_cm3_gcc.a(GUI_Core.o)
                0x00001f90                GUI__RegisterExit
 .text.GUI__Config
                0x00001fa0       0x30 ..\..\..\emWinGraphics_v5_46\LinkLibrary\PSoC5\GCC\libemWin_nosnts_cm3_gcc.a(GUI_Core.o)
                0x00001fa0                GUI__Config
 .text.GUI_Init
                0x00001fd0       0xec ..\..\..\emWinGraphics_v5_46\LinkLibrary\PSoC5\GCC\libemWin_nosnts_cm3_gcc.a(GUI_Core.o)
                0x00001fd0                GUI_Init
 .text.GUI_DEVICE__GetpDriver
                0x000020bc       0x20 ..\..\..\emWinGraphics_v5_46\LinkLibrary\PSoC5\GCC\libemWin_nosnts_cm3_gcc.a(GUI_Device.o)
                0x000020bc                GUI_DEVICE__GetpDriver
 .text.GUI_DEVICE_Delete
                0x000020dc        0x4 ..\..\..\emWinGraphics_v5_46\LinkLibrary\PSoC5\GCC\libemWin_nosnts_cm3_gcc.a(GUI_Device.o)
                0x000020dc                GUI_DEVICE_Delete
 .text.GUI_DEVICE_Create
                0x000020e0       0x48 ..\..\..\emWinGraphics_v5_46\LinkLibrary\PSoC5\GCC\libemWin_nosnts_cm3_gcc.a(GUI_Device.o)
                0x000020e0                GUI_DEVICE_Create
 .text.GUI_DEVICE_Unlink
                0x00002128       0x30 ..\..\..\emWinGraphics_v5_46\LinkLibrary\PSoC5\GCC\libemWin_nosnts_cm3_gcc.a(GUI_Device.o)
                0x00002128                GUI_DEVICE_Unlink
 .text.GUI_DEVICE_Link
                0x00002158       0x84 ..\..\..\emWinGraphics_v5_46\LinkLibrary\PSoC5\GCC\libemWin_nosnts_cm3_gcc.a(GUI_Device.o)
                0x00002158                GUI_DEVICE_Link
 .text.GUI_DEVICE_CreateAndLink
                0x000021dc       0x28 ..\..\..\emWinGraphics_v5_46\LinkLibrary\PSoC5\GCC\libemWin_nosnts_cm3_gcc.a(GUI_Device.o)
                0x000021dc                GUI_DEVICE_CreateAndLink
 .text.GUI_WrapGetNumLines
                0x00002204       0x20 ..\..\..\emWinGraphics_v5_46\LinkLibrary\PSoC5\GCC\libemWin_nosnts_cm3_gcc.a(GUI_DispString.o)
                0x00002204                GUI_WrapGetNumLines
 .text.GUI_DispStringInRectWrap
                0x00002224      0x1e8 ..\..\..\emWinGraphics_v5_46\LinkLibrary\PSoC5\GCC\libemWin_nosnts_cm3_gcc.a(GUI_DispString.o)
                0x00002224                GUI_DispStringInRectWrap
 .text.GUI_StoreKey
                0x0000240c       0x10 ..\..\..\emWinGraphics_v5_46\LinkLibrary\PSoC5\GCC\libemWin_nosnts_cm3_gcc.a(GUI_OnKey.o)
                0x0000240c                GUI_StoreKey
 .text.GUI_UC__GetCharCodeInc
                0x0000241c       0x28 ..\..\..\emWinGraphics_v5_46\LinkLibrary\PSoC5\GCC\libemWin_nosnts_cm3_gcc.a(GUI_UC.o)
                0x0000241c                GUI_UC__GetCharCodeInc
 .text.GUI_UC__NumChars2NumBytes
                0x00002444       0x24 ..\..\..\emWinGraphics_v5_46\LinkLibrary\PSoC5\GCC\libemWin_nosnts_cm3_gcc.a(GUI_UC.o)
                0x00002444                GUI_UC__NumChars2NumBytes
 .text._GetCharCode
                0x00002468        0x4 ..\..\..\emWinGraphics_v5_46\LinkLibrary\PSoC5\GCC\libemWin_nosnts_cm3_gcc.a(GUI_UC_EncodeNone.o)
 .text._GetCharSize
                0x0000246c        0x4 ..\..\..\emWinGraphics_v5_46\LinkLibrary\PSoC5\GCC\libemWin_nosnts_cm3_gcc.a(GUI_UC_EncodeNone.o)
 .text._CalcSizeOfChar
                0x00002470        0x4 ..\..\..\emWinGraphics_v5_46\LinkLibrary\PSoC5\GCC\libemWin_nosnts_cm3_gcc.a(GUI_UC_EncodeNone.o)
 .text._Encode  0x00002474        0x6 ..\..\..\emWinGraphics_v5_46\LinkLibrary\PSoC5\GCC\libemWin_nosnts_cm3_gcc.a(GUI_UC_EncodeNone.o)
 *fill*         0x0000247a        0x2 
 .text.GUI_SignalEvent
                0x0000247c       0x10 ..\..\..\emWinGraphics_v5_46\LinkLibrary\PSoC5\GCC\libemWin_nosnts_cm3_gcc.a(GUI_WaitEvent.o)
                0x0000247c                GUI_SignalEvent
 .text.LCD_Index2Color_M565
                0x0000248c       0x28 ..\..\..\emWinGraphics_v5_46\LinkLibrary\PSoC5\GCC\libemWin_nosnts_cm3_gcc.a(GUICC_M565.o)
                0x0000248c                LCD_Index2Color_M565
 .text._Color2Index_M565
                0x000024b4       0x28 ..\..\..\emWinGraphics_v5_46\LinkLibrary\PSoC5\GCC\libemWin_nosnts_cm3_gcc.a(GUICC_M565.o)
 .text._GetIndexMask_M565
                0x000024dc        0x6 ..\..\..\emWinGraphics_v5_46\LinkLibrary\PSoC5\GCC\libemWin_nosnts_cm3_gcc.a(GUICC_M565.o)
 *fill*         0x000024e2        0x2 
 .text._Color2IndexBulk
                0x000024e4       0x5c ..\..\..\emWinGraphics_v5_46\LinkLibrary\PSoC5\GCC\libemWin_nosnts_cm3_gcc.a(GUICC_M565.o)
 .text._Index2ColorBulk
                0x00002540       0x64 ..\..\..\emWinGraphics_v5_46\LinkLibrary\PSoC5\GCC\libemWin_nosnts_cm3_gcc.a(GUICC_M565.o)
 .text._Log2PhysY_X1Y0S0
                0x000025a4        0x4 ..\..\..\emWinGraphics_v5_46\LinkLibrary\PSoC5\GCC\libemWin_nosnts_cm3_gcc.a(GUIDRV_FlexColor.o)
 .text._Log2PhysY_X1Y1S0
                0x000025a8        0x8 ..\..\..\emWinGraphics_v5_46\LinkLibrary\PSoC5\GCC\libemWin_nosnts_cm3_gcc.a(GUIDRV_FlexColor.o)
 .text._Log2PhysY_X1Y0S1
                0x000025b0        0x4 ..\..\..\emWinGraphics_v5_46\LinkLibrary\PSoC5\GCC\libemWin_nosnts_cm3_gcc.a(GUIDRV_FlexColor.o)
 .text._Log2PhysY_X1Y1S1
                0x000025b4        0x8 ..\..\..\emWinGraphics_v5_46\LinkLibrary\PSoC5\GCC\libemWin_nosnts_cm3_gcc.a(GUIDRV_FlexColor.o)
 .text._SetPixelIndex
                0x000025bc        0xe ..\..\..\emWinGraphics_v5_46\LinkLibrary\PSoC5\GCC\libemWin_nosnts_cm3_gcc.a(GUIDRV_FlexColor.o)
 .text._GetPixelIndex
                0x000025ca        0x8 ..\..\..\emWinGraphics_v5_46\LinkLibrary\PSoC5\GCC\libemWin_nosnts_cm3_gcc.a(GUIDRV_FlexColor.o)
 .text._XorPixel
                0x000025d2       0x24 ..\..\..\emWinGraphics_v5_46\LinkLibrary\PSoC5\GCC\libemWin_nosnts_cm3_gcc.a(GUIDRV_FlexColor.o)
 .text._DrawHLine
                0x000025f6       0x10 ..\..\..\emWinGraphics_v5_46\LinkLibrary\PSoC5\GCC\libemWin_nosnts_cm3_gcc.a(GUIDRV_FlexColor.o)
 .text._DrawVLine
                0x00002606       0x12 ..\..\..\emWinGraphics_v5_46\LinkLibrary\PSoC5\GCC\libemWin_nosnts_cm3_gcc.a(GUIDRV_FlexColor.o)
 .text._FillRect
                0x00002618        0xe ..\..\..\emWinGraphics_v5_46\LinkLibrary\PSoC5\GCC\libemWin_nosnts_cm3_gcc.a(GUIDRV_FlexColor.o)
 .text._DrawBitmap
                0x00002626        0xe ..\..\..\emWinGraphics_v5_46\LinkLibrary\PSoC5\GCC\libemWin_nosnts_cm3_gcc.a(GUIDRV_FlexColor.o)
 .text._GetDevFunc_SetRect
                0x00002634        0x2 ..\..\..\emWinGraphics_v5_46\LinkLibrary\PSoC5\GCC\libemWin_nosnts_cm3_gcc.a(GUIDRV_FlexColor.o)
 *fill*         0x00002636        0x2 
 .text._GetDevFunc_SetRectOutside
                0x00002638       0x40 ..\..\..\emWinGraphics_v5_46\LinkLibrary\PSoC5\GCC\libemWin_nosnts_cm3_gcc.a(GUIDRV_FlexColor.o)
 .text._ReadPixelCust_16bpp
                0x00002678        0xa ..\..\..\emWinGraphics_v5_46\LinkLibrary\PSoC5\GCC\libemWin_nosnts_cm3_gcc.a(GUIDRV_FlexColor.o)
 .text._ReadPixelCust_18bpp
                0x00002682        0xa ..\..\..\emWinGraphics_v5_46\LinkLibrary\PSoC5\GCC\libemWin_nosnts_cm3_gcc.a(GUIDRV_FlexColor.o)
 .text._ReadRectCust_16bpp
                0x0000268c       0x3a ..\..\..\emWinGraphics_v5_46\LinkLibrary\PSoC5\GCC\libemWin_nosnts_cm3_gcc.a(GUIDRV_FlexColor.o)
 .text._ReadRectCust_18bpp
                0x000026c6       0x3a ..\..\..\emWinGraphics_v5_46\LinkLibrary\PSoC5\GCC\libemWin_nosnts_cm3_gcc.a(GUIDRV_FlexColor.o)
 .text._GetDevFunc
                0x00002700       0x7c ..\..\..\emWinGraphics_v5_46\LinkLibrary\PSoC5\GCC\libemWin_nosnts_cm3_gcc.a(GUIDRV_FlexColor.o)
 .text._GetDevProp
                0x0000277c       0x5a ..\..\..\emWinGraphics_v5_46\LinkLibrary\PSoC5\GCC\libemWin_nosnts_cm3_gcc.a(GUIDRV_FlexColor.o)
 .text._GetDevData
                0x000027d6        0xc ..\..\..\emWinGraphics_v5_46\LinkLibrary\PSoC5\GCC\libemWin_nosnts_cm3_gcc.a(GUIDRV_FlexColor.o)
 .text._GetRect
                0x000027e2       0x16 ..\..\..\emWinGraphics_v5_46\LinkLibrary\PSoC5\GCC\libemWin_nosnts_cm3_gcc.a(GUIDRV_FlexColor.o)
 .text.GUIDRV_FlexColor__SetLog2Phys
                0x000027f8       0x48 ..\..\..\emWinGraphics_v5_46\LinkLibrary\PSoC5\GCC\libemWin_nosnts_cm3_gcc.a(GUIDRV_FlexColor.o)
                0x000027f8                GUIDRV_FlexColor__SetLog2Phys
 .text._SetOrg  0x00002840       0x16 ..\..\..\emWinGraphics_v5_46\LinkLibrary\PSoC5\GCC\libemWin_nosnts_cm3_gcc.a(GUIDRV_FlexColor.o)
 .text._Log2PhysY_X0Y0S1
                0x00002856        0x4 ..\..\..\emWinGraphics_v5_46\LinkLibrary\PSoC5\GCC\libemWin_nosnts_cm3_gcc.a(GUIDRV_FlexColor.o)
 .text._Log2PhysX_X0Y0S0
                0x0000285a        0x4 ..\..\..\emWinGraphics_v5_46\LinkLibrary\PSoC5\GCC\libemWin_nosnts_cm3_gcc.a(GUIDRV_FlexColor.o)
 .text._Log2PhysX_X0Y1S0
                0x0000285e        0x4 ..\..\..\emWinGraphics_v5_46\LinkLibrary\PSoC5\GCC\libemWin_nosnts_cm3_gcc.a(GUIDRV_FlexColor.o)
 .text._Log2PhysX_X0Y0S1
                0x00002862        0x4 ..\..\..\emWinGraphics_v5_46\LinkLibrary\PSoC5\GCC\libemWin_nosnts_cm3_gcc.a(GUIDRV_FlexColor.o)
 .text._Log2PhysX_X0Y1S1
                0x00002866        0x4 ..\..\..\emWinGraphics_v5_46\LinkLibrary\PSoC5\GCC\libemWin_nosnts_cm3_gcc.a(GUIDRV_FlexColor.o)
 .text._Log2PhysY_X0Y0S0
                0x0000286a        0x4 ..\..\..\emWinGraphics_v5_46\LinkLibrary\PSoC5\GCC\libemWin_nosnts_cm3_gcc.a(GUIDRV_FlexColor.o)
 .text._Log2PhysY_X0Y1S0
                0x0000286e        0x8 ..\..\..\emWinGraphics_v5_46\LinkLibrary\PSoC5\GCC\libemWin_nosnts_cm3_gcc.a(GUIDRV_FlexColor.o)
 .text._Log2PhysX_X1Y0S0
                0x00002876        0x8 ..\..\..\emWinGraphics_v5_46\LinkLibrary\PSoC5\GCC\libemWin_nosnts_cm3_gcc.a(GUIDRV_FlexColor.o)
 .text._Log2PhysX_X1Y1S0
                0x0000287e        0x8 ..\..\..\emWinGraphics_v5_46\LinkLibrary\PSoC5\GCC\libemWin_nosnts_cm3_gcc.a(GUIDRV_FlexColor.o)
 .text._Log2PhysX_X1Y0S1
                0x00002886        0x8 ..\..\..\emWinGraphics_v5_46\LinkLibrary\PSoC5\GCC\libemWin_nosnts_cm3_gcc.a(GUIDRV_FlexColor.o)
 .text._Log2PhysX_X1Y1S1
                0x0000288e        0x8 ..\..\..\emWinGraphics_v5_46\LinkLibrary\PSoC5\GCC\libemWin_nosnts_cm3_gcc.a(GUIDRV_FlexColor.o)
 .text._Log2PhysY_X0Y1S1
                0x00002896        0x8 ..\..\..\emWinGraphics_v5_46\LinkLibrary\PSoC5\GCC\libemWin_nosnts_cm3_gcc.a(GUIDRV_FlexColor.o)
 .text.GUIDRV_FlexColor__SetPixelIndexNoCache
                0x0000289e       0x88 ..\..\..\emWinGraphics_v5_46\LinkLibrary\PSoC5\GCC\libemWin_nosnts_cm3_gcc.a(GUIDRV_FlexColor.o)
                0x0000289e                GUIDRV_FlexColor__SetPixelIndexNoCache
 .text.GUIDRV_FlexColor__GetPixelIndexNoCache
                0x00002926       0xb2 ..\..\..\emWinGraphics_v5_46\LinkLibrary\PSoC5\GCC\libemWin_nosnts_cm3_gcc.a(GUIDRV_FlexColor.o)
                0x00002926                GUIDRV_FlexColor__GetPixelIndexNoCache
 .text.GUIDRV_FlexColor__InitOnce
                0x000029d8       0x3c ..\..\..\emWinGraphics_v5_46\LinkLibrary\PSoC5\GCC\libemWin_nosnts_cm3_gcc.a(GUIDRV_FlexColor.o)
                0x000029d8                GUIDRV_FlexColor__InitOnce
 .text._SetDevFunc
                0x00002a14       0x9c ..\..\..\emWinGraphics_v5_46\LinkLibrary\PSoC5\GCC\libemWin_nosnts_cm3_gcc.a(GUIDRV_FlexColor.o)
 .text._GetDevFunc_Init
                0x00002ab0       0x5a ..\..\..\emWinGraphics_v5_46\LinkLibrary\PSoC5\GCC\libemWin_nosnts_cm3_gcc.a(GUIDRV_FlexColor.o)
 .text._GetDevFunc_SetSize
                0x00002b0a       0x14 ..\..\..\emWinGraphics_v5_46\LinkLibrary\PSoC5\GCC\libemWin_nosnts_cm3_gcc.a(GUIDRV_FlexColor.o)
 .text._GetDevFunc_SetVSize
                0x00002b1e       0x14 ..\..\..\emWinGraphics_v5_46\LinkLibrary\PSoC5\GCC\libemWin_nosnts_cm3_gcc.a(GUIDRV_FlexColor.o)
 .text._GetDevFunc_Off
                0x00002b32       0x16 ..\..\..\emWinGraphics_v5_46\LinkLibrary\PSoC5\GCC\libemWin_nosnts_cm3_gcc.a(GUIDRV_FlexColor.o)
 .text._GetDevFunc_On
                0x00002b48       0x16 ..\..\..\emWinGraphics_v5_46\LinkLibrary\PSoC5\GCC\libemWin_nosnts_cm3_gcc.a(GUIDRV_FlexColor.o)
 .text.GUIDRV_FlexColor_Config
                0x00002b5e       0x3c ..\..\..\emWinGraphics_v5_46\LinkLibrary\PSoC5\GCC\libemWin_nosnts_cm3_gcc.a(GUIDRV_FlexColor.o)
                0x00002b5e                GUIDRV_FlexColor_Config
 .text.GUIDRV_FlexColor_SetFunc
                0x00002b9a       0x32 ..\..\..\emWinGraphics_v5_46\LinkLibrary\PSoC5\GCC\libemWin_nosnts_cm3_gcc.a(GUIDRV_FlexColor.o)
                0x00002b9a                GUIDRV_FlexColor_SetFunc
 .text._WriteU16_A1
                0x00002bcc       0x14 ..\..\..\emWinGraphics_v5_46\LinkLibrary\PSoC5\GCC\libemWin_nosnts_cm3_gcc.a(GUIDRV_FlexColor_16bpp_C0B8.o)
 .text._WriteDataMP
                0x00002be0       0x4e ..\..\..\emWinGraphics_v5_46\LinkLibrary\PSoC5\GCC\libemWin_nosnts_cm3_gcc.a(GUIDRV_FlexColor_16bpp_C0B8.o)
 .text._ReadData
                0x00002c2e        0xa ..\..\..\emWinGraphics_v5_46\LinkLibrary\PSoC5\GCC\libemWin_nosnts_cm3_gcc.a(GUIDRV_FlexColor_16bpp_C0B8.o)
 .text._WriteData
                0x00002c38        0x6 ..\..\..\emWinGraphics_v5_46\LinkLibrary\PSoC5\GCC\libemWin_nosnts_cm3_gcc.a(GUIDRV_FlexColor_16bpp_C0B8.o)
 *fill*         0x00002c3e        0x2 
 .text._FillRect
                0x00002c40      0x104 ..\..\..\emWinGraphics_v5_46\LinkLibrary\PSoC5\GCC\libemWin_nosnts_cm3_gcc.a(GUIDRV_FlexColor_16bpp_C0B8.o)
 .text._DrawBitmap
                0x00002d44      0x528 ..\..\..\emWinGraphics_v5_46\LinkLibrary\PSoC5\GCC\libemWin_nosnts_cm3_gcc.a(GUIDRV_FlexColor_16bpp_C0B8.o)
 .text.GUIDRV_FlexColor_SetMode16bppC0B8
                0x0000326c       0x68 ..\..\..\emWinGraphics_v5_46\LinkLibrary\PSoC5\GCC\libemWin_nosnts_cm3_gcc.a(GUIDRV_FlexColor_16bpp_C0B8.o)
                0x0000326c                GUIDRV_FlexColor_SetMode16bppC0B8
 .text._SetPhysRAMAddr
                0x000032d4       0xa6 ..\..\..\emWinGraphics_v5_46\LinkLibrary\PSoC5\GCC\libemWin_nosnts_cm3_gcc.a(GUIDRV_FlexColor_Func66709.o)
 .text._SetRect
                0x0000337a       0xa6 ..\..\..\emWinGraphics_v5_46\LinkLibrary\PSoC5\GCC\libemWin_nosnts_cm3_gcc.a(GUIDRV_FlexColor_Func66709.o)
 .text._SetOrientation
                0x00003420       0x40 ..\..\..\emWinGraphics_v5_46\LinkLibrary\PSoC5\GCC\libemWin_nosnts_cm3_gcc.a(GUIDRV_FlexColor_Func66709.o)
 .text._ReadPixel_16bpp_B8
                0x00003460       0x38 ..\..\..\emWinGraphics_v5_46\LinkLibrary\PSoC5\GCC\libemWin_nosnts_cm3_gcc.a(GUIDRV_FlexColor_Func66709.o)
 .text._ReadPixel_16bpp_B16_I
                0x00003498       0x3c ..\..\..\emWinGraphics_v5_46\LinkLibrary\PSoC5\GCC\libemWin_nosnts_cm3_gcc.a(GUIDRV_FlexColor_Func66709.o)
 .text._SetReg_B8
                0x000034d4       0x1a ..\..\..\emWinGraphics_v5_46\LinkLibrary\PSoC5\GCC\libemWin_nosnts_cm3_gcc.a(GUIDRV_FlexColor_Func66709.o)
 .text._SetReg_B16
                0x000034ee        0x8 ..\..\..\emWinGraphics_v5_46\LinkLibrary\PSoC5\GCC\libemWin_nosnts_cm3_gcc.a(GUIDRV_FlexColor_Func66709.o)
 .text._WritePara_B8
                0x000034f6        0x8 ..\..\..\emWinGraphics_v5_46\LinkLibrary\PSoC5\GCC\libemWin_nosnts_cm3_gcc.a(GUIDRV_FlexColor_Func66709.o)
 .text._WritePara_B16
                0x000034fe        0x8 ..\..\..\emWinGraphics_v5_46\LinkLibrary\PSoC5\GCC\libemWin_nosnts_cm3_gcc.a(GUIDRV_FlexColor_Func66709.o)
 *fill*         0x00003506        0x2 
 .text._SetInterface
                0x00003508       0x34 ..\..\..\emWinGraphics_v5_46\LinkLibrary\PSoC5\GCC\libemWin_nosnts_cm3_gcc.a(GUIDRV_FlexColor_Func66709.o)
 .text._ReadRect_16bpp_B8
                0x0000353c       0x66 ..\..\..\emWinGraphics_v5_46\LinkLibrary\PSoC5\GCC\libemWin_nosnts_cm3_gcc.a(GUIDRV_FlexColor_Func66709.o)
 .text._ReadRect_16bpp_B16_I
                0x000035a2       0x6a ..\..\..\emWinGraphics_v5_46\LinkLibrary\PSoC5\GCC\libemWin_nosnts_cm3_gcc.a(GUIDRV_FlexColor_Func66709.o)
 .text.GUIDRV_FlexColor_SetFunc66709
                0x0000360c       0x6c ..\..\..\emWinGraphics_v5_46\LinkLibrary\PSoC5\GCC\libemWin_nosnts_cm3_gcc.a(GUIDRV_FlexColor_Func66709.o)
                0x0000360c                GUIDRV_FlexColor_SetFunc66709
 .text._SetDrawMode
                0x00003678       0x28 ..\..\..\emWinGraphics_v5_46\LinkLibrary\PSoC5\GCC\libemWin_nosnts_cm3_gcc.a(LCD.o)
 .text.LCD_SetDrawMode
                0x000036a0        0xc ..\..\..\emWinGraphics_v5_46\LinkLibrary\PSoC5\GCC\libemWin_nosnts_cm3_gcc.a(LCD.o)
                0x000036a0                LCD_SetDrawMode
 .text.LCD_DrawPixel
                0x000036ac       0x60 ..\..\..\emWinGraphics_v5_46\LinkLibrary\PSoC5\GCC\libemWin_nosnts_cm3_gcc.a(LCD.o)
                0x000036ac                LCD_DrawPixel
 .text.LCD_DrawHLine
                0x0000370c       0x50 ..\..\..\emWinGraphics_v5_46\LinkLibrary\PSoC5\GCC\libemWin_nosnts_cm3_gcc.a(LCD.o)
                0x0000370c                LCD_DrawHLine
 .text.LCD_FillRect
                0x0000375c       0x58 ..\..\..\emWinGraphics_v5_46\LinkLibrary\PSoC5\GCC\libemWin_nosnts_cm3_gcc.a(LCD.o)
                0x0000375c                LCD_FillRect
 .text.LCD__DrawBitmap_1bpp
                0x000037b4      0x1d8 ..\..\..\emWinGraphics_v5_46\LinkLibrary\PSoC5\GCC\libemWin_nosnts_cm3_gcc.a(LCD.o)
                0x000037b4                LCD__DrawBitmap_1bpp
 .text.LCD_DrawBitmap
                0x0000398c      0x224 ..\..\..\emWinGraphics_v5_46\LinkLibrary\PSoC5\GCC\libemWin_nosnts_cm3_gcc.a(LCD.o)
                0x0000398c                LCD_DrawBitmap
 .text.LCD_SetClipRectMax
                0x00003bb0       0x1c ..\..\..\emWinGraphics_v5_46\LinkLibrary\PSoC5\GCC\libemWin_nosnts_cm3_gcc.a(LCD.o)
                0x00003bb0                LCD_SetClipRectMax
 .text.LCD_Init
                0x00003bcc       0x90 ..\..\..\emWinGraphics_v5_46\LinkLibrary\PSoC5\GCC\libemWin_nosnts_cm3_gcc.a(LCD.o)
                0x00003bcc                LCD_Init
 .text.LCD_Color2Index
                0x00003c5c       0x1c ..\..\..\emWinGraphics_v5_46\LinkLibrary\PSoC5\GCC\libemWin_nosnts_cm3_gcc.a(LCD.o)
                0x00003c5c                LCD_Color2Index
 .text.LCD_Index2Color
                0x00003c78       0x1c ..\..\..\emWinGraphics_v5_46\LinkLibrary\PSoC5\GCC\libemWin_nosnts_cm3_gcc.a(LCD.o)
                0x00003c78                LCD_Index2Color
 .text.LCD_SetColorIndex
                0x00003c94       0x18 ..\..\..\emWinGraphics_v5_46\LinkLibrary\PSoC5\GCC\libemWin_nosnts_cm3_gcc.a(LCD.o)
                0x00003c94                LCD_SetColorIndex
 .text._SetColor
                0x00003cac       0x20 ..\..\..\emWinGraphics_v5_46\LinkLibrary\PSoC5\GCC\libemWin_nosnts_cm3_gcc.a(LCD.o)
 .text.LCD_SetBkColorIndex
                0x00003ccc       0x18 ..\..\..\emWinGraphics_v5_46\LinkLibrary\PSoC5\GCC\libemWin_nosnts_cm3_gcc.a(LCD.o)
                0x00003ccc                LCD_SetBkColorIndex
 .text._SetBkColor
                0x00003ce4       0x20 ..\..\..\emWinGraphics_v5_46\LinkLibrary\PSoC5\GCC\libemWin_nosnts_cm3_gcc.a(LCD.o)
 .text.LCD_SetBkColor
                0x00003d04        0xc ..\..\..\emWinGraphics_v5_46\LinkLibrary\PSoC5\GCC\libemWin_nosnts_cm3_gcc.a(LCD.o)
                0x00003d04                LCD_SetBkColor
 .text.LCD_SetColor
                0x00003d10        0xc ..\..\..\emWinGraphics_v5_46\LinkLibrary\PSoC5\GCC\libemWin_nosnts_cm3_gcc.a(LCD.o)
                0x00003d10                LCD_SetColor
 .text._OnExit  0x00003d1c       0x1c ..\..\..\emWinGraphics_v5_46\LinkLibrary\PSoC5\GCC\libemWin_nosnts_cm3_gcc.a(LCD_Color.o)
 .text.LCD_InitColors
                0x00003d38       0x3c ..\..\..\emWinGraphics_v5_46\LinkLibrary\PSoC5\GCC\libemWin_nosnts_cm3_gcc.a(LCD_Color.o)
                0x00003d38                LCD_InitColors
 .text.LCD_GetpPalConvTableUncached
                0x00003d74       0x6c ..\..\..\emWinGraphics_v5_46\LinkLibrary\PSoC5\GCC\libemWin_nosnts_cm3_gcc.a(LCD_Color.o)
                0x00003d74                LCD_GetpPalConvTableUncached
 .text.LCD_GetpPalConvTableBM
                0x00003de0        0x4 ..\..\..\emWinGraphics_v5_46\LinkLibrary\PSoC5\GCC\libemWin_nosnts_cm3_gcc.a(LCD_Color.o)
                0x00003de0                LCD_GetpPalConvTableBM
 .text.LCD_InitLUT
                0x00003de4       0x88 ..\..\..\emWinGraphics_v5_46\LinkLibrary\PSoC5\GCC\libemWin_nosnts_cm3_gcc.a(LCD_Color.o)
                0x00003de4                LCD_InitLUT
 .text._GetDevProp.part.0
                0x00003e6c       0x18 ..\..\..\emWinGraphics_v5_46\LinkLibrary\PSoC5\GCC\libemWin_nosnts_cm3_gcc.a(LCD_GetEx.o)
 .text._GetDevProp
                0x00003e84        0xc ..\..\..\emWinGraphics_v5_46\LinkLibrary\PSoC5\GCC\libemWin_nosnts_cm3_gcc.a(LCD_GetEx.o)
 .text._GetMaxValue
                0x00003e90       0x10 ..\..\..\emWinGraphics_v5_46\LinkLibrary\PSoC5\GCC\libemWin_nosnts_cm3_gcc.a(LCD_GetEx.o)
 .text.LCD_GetBitsPerPixelEx
                0x00003ea0        0x6 ..\..\..\emWinGraphics_v5_46\LinkLibrary\PSoC5\GCC\libemWin_nosnts_cm3_gcc.a(LCD_GetEx.o)
                0x00003ea0                LCD_GetBitsPerPixelEx
 .text.LCD_GetNumColorsEx
                0x00003ea6        0x6 ..\..\..\emWinGraphics_v5_46\LinkLibrary\PSoC5\GCC\libemWin_nosnts_cm3_gcc.a(LCD_GetEx.o)
                0x00003ea6                LCD_GetNumColorsEx
 .text.LCD_GetNumColors
                0x00003eac       0x10 ..\..\..\emWinGraphics_v5_46\LinkLibrary\PSoC5\GCC\libemWin_nosnts_cm3_gcc.a(LCD_GetEx.o)
                0x00003eac                LCD_GetNumColors
 .text.GUI_GetBitsPerPixelEx
                0x00003ebc       0x14 ..\..\..\emWinGraphics_v5_46\LinkLibrary\PSoC5\GCC\libemWin_nosnts_cm3_gcc.a(LCD_GetEx.o)
                0x00003ebc                GUI_GetBitsPerPixelEx
 .text.LCD_GetPaletteEx
                0x00003ed0       0x16 ..\..\..\emWinGraphics_v5_46\LinkLibrary\PSoC5\GCC\libemWin_nosnts_cm3_gcc.a(LCD_GetEx.o)
                0x00003ed0                LCD_GetPaletteEx
 *fill*         0x00003ee6        0x2 
 .text.LCD_GetPalette
                0x00003ee8       0x10 ..\..\..\emWinGraphics_v5_46\LinkLibrary\PSoC5\GCC\libemWin_nosnts_cm3_gcc.a(LCD_GetEx.o)
                0x00003ee8                LCD_GetPalette
 .text.GUI_GetpfIndex2ColorEx
                0x00003ef8       0x10 ..\..\..\emWinGraphics_v5_46\LinkLibrary\PSoC5\GCC\libemWin_nosnts_cm3_gcc.a(LCD_GetEx.o)
                0x00003ef8                GUI_GetpfIndex2ColorEx
 .text.GUI_GetpfColor2IndexEx
                0x00003f08       0x10 ..\..\..\emWinGraphics_v5_46\LinkLibrary\PSoC5\GCC\libemWin_nosnts_cm3_gcc.a(LCD_GetEx.o)
                0x00003f08                GUI_GetpfColor2IndexEx
 .text.LCD_GetXSizeMax
                0x00003f18        0x6 ..\..\..\emWinGraphics_v5_46\LinkLibrary\PSoC5\GCC\libemWin_nosnts_cm3_gcc.a(LCD_GetEx.o)
                0x00003f18                LCD_GetXSizeMax
 .text.LCD_GetYSizeMax
                0x00003f1e        0x6 ..\..\..\emWinGraphics_v5_46\LinkLibrary\PSoC5\GCC\libemWin_nosnts_cm3_gcc.a(LCD_GetEx.o)
                0x00003f1e                LCD_GetYSizeMax
 .text.LCD_SetDisplaySize
                0x00003f24        0xc ..\..\..\emWinGraphics_v5_46\LinkLibrary\PSoC5\GCC\libemWin_nosnts_cm3_gcc.a(LCD_GetEx.o)
                0x00003f24                LCD_SetDisplaySize
 .text.LCD_GetXSizeDisplay
                0x00003f30        0xc ..\..\..\emWinGraphics_v5_46\LinkLibrary\PSoC5\GCC\libemWin_nosnts_cm3_gcc.a(LCD_GetEx.o)
                0x00003f30                LCD_GetXSizeDisplay
 .text.LCD_GetYSizeDisplay
                0x00003f3c        0xc ..\..\..\emWinGraphics_v5_46\LinkLibrary\PSoC5\GCC\libemWin_nosnts_cm3_gcc.a(LCD_GetEx.o)
                0x00003f3c                LCD_GetYSizeDisplay
 .text.LCD__GetBPP
                0x00003f48       0x7e ..\..\..\emWinGraphics_v5_46\LinkLibrary\PSoC5\GCC\libemWin_nosnts_cm3_gcc.a(LCD_GetEx.o)
                0x00003f48                LCD__GetBPP
 .text.LCD__GetBPPDevice
                0x00003fc6       0x2c ..\..\..\emWinGraphics_v5_46\LinkLibrary\PSoC5\GCC\libemWin_nosnts_cm3_gcc.a(LCD_GetEx.o)
                0x00003fc6                LCD__GetBPPDevice
 .text.LCD_GetNumLayers
                0x00003ff2       0x10 ..\..\..\emWinGraphics_v5_46\LinkLibrary\PSoC5\GCC\libemWin_nosnts_cm3_gcc.a(LCD_GetNumDisplays.o)
                0x00003ff2                LCD_GetNumLayers
 *fill*         0x00004002        0x2 
 .text.LCD_SelectLCD
                0x00004004       0x40 ..\..\..\emWinGraphics_v5_46\LinkLibrary\PSoC5\GCC\libemWin_nosnts_cm3_gcc.a(LCD_SelectLCD.o)
                0x00004004                LCD_SelectLCD
 .text.LCD_SetLUTEntryEx
                0x00004044       0x30 ..\..\..\emWinGraphics_v5_46\LinkLibrary\PSoC5\GCC\libemWin_nosnts_cm3_gcc.a(LCD_Set.o)
                0x00004044                LCD_SetLUTEntryEx
 .text.LCD_SetSizeEx
                0x00004074       0x30 ..\..\..\emWinGraphics_v5_46\LinkLibrary\PSoC5\GCC\libemWin_nosnts_cm3_gcc.a(LCD_Set.o)
                0x00004074                LCD_SetSizeEx
 .text.LCD_SetVSizeEx
                0x000040a4       0x30 ..\..\..\emWinGraphics_v5_46\LinkLibrary\PSoC5\GCC\libemWin_nosnts_cm3_gcc.a(LCD_Set.o)
                0x000040a4                LCD_SetVSizeEx
 .text.LCD_UpdateColorIndices
                0x000040d4       0x24 ..\..\..\emWinGraphics_v5_46\LinkLibrary\PSoC5\GCC\libemWin_nosnts_cm3_gcc.a(LCD_UpdateColorIndices.o)
                0x000040d4                LCD_UpdateColorIndices
 .text._OnExit  0x000040f8       0x88 ..\..\..\emWinGraphics_v5_46\LinkLibrary\PSoC5\GCC\libemWin_nosnts_cm3_gcc.a(WM.o)
 .text._Findy1  0x00004180       0xa6 ..\..\..\emWinGraphics_v5_46\LinkLibrary\PSoC5\GCC\libemWin_nosnts_cm3_gcc.a(WM.o)
 .text._Findx0  0x00004226       0x86 ..\..\..\emWinGraphics_v5_46\LinkLibrary\PSoC5\GCC\libemWin_nosnts_cm3_gcc.a(WM.o)
 .text._Findx1  0x000042ac       0x72 ..\..\..\emWinGraphics_v5_46\LinkLibrary\PSoC5\GCC\libemWin_nosnts_cm3_gcc.a(WM.o)
 *fill*         0x0000431e        0x2 
 .text.WM__ClipAtParentBorders
                0x00004320       0x50 ..\..\..\emWinGraphics_v5_46\LinkLibrary\PSoC5\GCC\libemWin_nosnts_cm3_gcc.a(WM.o)
                0x00004320                WM__ClipAtParentBorders
 .text.WM__InsertWindowIntoList
                0x00004370       0xac ..\..\..\emWinGraphics_v5_46\LinkLibrary\PSoC5\GCC\libemWin_nosnts_cm3_gcc.a(WM.o)
                0x00004370                WM__InsertWindowIntoList
 .text.WM__Client2Screen
                0x0000441c       0x10 ..\..\..\emWinGraphics_v5_46\LinkLibrary\PSoC5\GCC\libemWin_nosnts_cm3_gcc.a(WM.o)
                0x0000441c                WM__Client2Screen
 .text._SetClipRectUserIntersect
                0x0000442c       0x50 ..\..\..\emWinGraphics_v5_46\LinkLibrary\PSoC5\GCC\libemWin_nosnts_cm3_gcc.a(WM.o)
 .text.WM__ActivateClipRect
                0x0000447c       0x48 ..\..\..\emWinGraphics_v5_46\LinkLibrary\PSoC5\GCC\libemWin_nosnts_cm3_gcc.a(WM.o)
                0x0000447c                WM__ActivateClipRect
 .text.WM__InvalidateDrawAndDescs
                0x000044c4       0x50 ..\..\..\emWinGraphics_v5_46\LinkLibrary\PSoC5\GCC\libemWin_nosnts_cm3_gcc.a(WM.o)
                0x000044c4                WM__InvalidateDrawAndDescs
 .text.WM__RectIsNZ
                0x00004514       0x22 ..\..\..\emWinGraphics_v5_46\LinkLibrary\PSoC5\GCC\libemWin_nosnts_cm3_gcc.a(WM.o)
                0x00004514                WM__RectIsNZ
 *fill*         0x00004536        0x2 
 .text._Invalidate1Abs
                0x00004538       0x84 ..\..\..\emWinGraphics_v5_46\LinkLibrary\PSoC5\GCC\libemWin_nosnts_cm3_gcc.a(WM.o)
 .text.WM__Invalidate1Abs
                0x000045bc        0x6 ..\..\..\emWinGraphics_v5_46\LinkLibrary\PSoC5\GCC\libemWin_nosnts_cm3_gcc.a(WM.o)
                0x000045bc                WM__Invalidate1Abs
 .text.WM_InvalidateWindowAndDescsEx
                0x000045c2       0x64 ..\..\..\emWinGraphics_v5_46\LinkLibrary\PSoC5\GCC\libemWin_nosnts_cm3_gcc.a(WM.o)
                0x000045c2                WM_InvalidateWindowAndDescsEx
 .text.WM__InvalidateRect
                0x00004626       0x76 ..\..\..\emWinGraphics_v5_46\LinkLibrary\PSoC5\GCC\libemWin_nosnts_cm3_gcc.a(WM.o)
                0x00004626                WM__InvalidateRect
 .text.WM__InvalidateRectEx
                0x0000469c        0x6 ..\..\..\emWinGraphics_v5_46\LinkLibrary\PSoC5\GCC\libemWin_nosnts_cm3_gcc.a(WM.o)
                0x0000469c                WM__InvalidateRectEx
 .text.WM__SendMsgNoData
                0x000046a2       0x16 ..\..\..\emWinGraphics_v5_46\LinkLibrary\PSoC5\GCC\libemWin_nosnts_cm3_gcc.a(WM.o)
                0x000046a2                WM__SendMsgNoData
 .text.WM__GetClientRectWin
                0x000046b8       0x18 ..\..\..\emWinGraphics_v5_46\LinkLibrary\PSoC5\GCC\libemWin_nosnts_cm3_gcc.a(WM.o)
                0x000046b8                WM__GetClientRectWin
 .text.WM_InvalidateRect
                0x000046d0       0x78 ..\..\..\emWinGraphics_v5_46\LinkLibrary\PSoC5\GCC\libemWin_nosnts_cm3_gcc.a(WM.o)
                0x000046d0                WM_InvalidateRect
 .text.WM_InvalidateWindow
                0x00004748        0x6 ..\..\..\emWinGraphics_v5_46\LinkLibrary\PSoC5\GCC\libemWin_nosnts_cm3_gcc.a(WM.o)
                0x00004748                WM_InvalidateWindow
 *fill*         0x0000474e        0x2 
 .text.WM_SelectWindow
                0x00004750       0x38 ..\..\..\emWinGraphics_v5_46\LinkLibrary\PSoC5\GCC\libemWin_nosnts_cm3_gcc.a(WM.o)
                0x00004750                WM_SelectWindow
 .text.WM_CreateWindowAsChild
                0x00004788      0x154 ..\..\..\emWinGraphics_v5_46\LinkLibrary\PSoC5\GCC\libemWin_nosnts_cm3_gcc.a(WM.o)
                0x00004788                WM_CreateWindowAsChild
 .text.WM_CreateWindow
                0x000048dc       0x1a ..\..\..\emWinGraphics_v5_46\LinkLibrary\PSoC5\GCC\libemWin_nosnts_cm3_gcc.a(WM.o)
                0x000048dc                WM_CreateWindow
 *fill*         0x000048f6        0x2 
 .text.WM__GetNextIVR
                0x000048f8      0x184 ..\..\..\emWinGraphics_v5_46\LinkLibrary\PSoC5\GCC\libemWin_nosnts_cm3_gcc.a(WM.o)
                0x000048f8                WM__GetNextIVR
 .text.WM__InitIVRSearch
                0x00004a7c      0x100 ..\..\..\emWinGraphics_v5_46\LinkLibrary\PSoC5\GCC\libemWin_nosnts_cm3_gcc.a(WM.o)
                0x00004a7c                WM__InitIVRSearch
 .text.WM_Activate
                0x00004b7c       0x10 ..\..\..\emWinGraphics_v5_46\LinkLibrary\PSoC5\GCC\libemWin_nosnts_cm3_gcc.a(WM.o)
                0x00004b7c                WM_Activate
 .text.WM_DefaultProc
                0x00004b8c       0x4c ..\..\..\emWinGraphics_v5_46\LinkLibrary\PSoC5\GCC\libemWin_nosnts_cm3_gcc.a(WM.o)
                0x00004b8c                WM_DefaultProc
 .text._cbBackWin
                0x00004bd8       0x48 ..\..\..\emWinGraphics_v5_46\LinkLibrary\PSoC5\GCC\libemWin_nosnts_cm3_gcc.a(WM.o)
 .text.WM_Init  0x00004c20       0xa8 ..\..\..\emWinGraphics_v5_46\LinkLibrary\PSoC5\GCC\libemWin_nosnts_cm3_gcc.a(WM.o)
                0x00004c20                WM_Init
 .text.WM__GetFirstSibling
                0x00004cc8       0x12 ..\..\..\emWinGraphics_v5_46\LinkLibrary\PSoC5\GCC\libemWin_nosnts_cm3_gcc.a(WM__Private.o)
                0x00004cc8                WM__GetFirstSibling
 .text.WM__GetPrevSibling
                0x00004cda       0x26 ..\..\..\emWinGraphics_v5_46\LinkLibrary\PSoC5\GCC\libemWin_nosnts_cm3_gcc.a(WM__Private.o)
                0x00004cda                WM__GetPrevSibling
 .text.WM__SendMessage
                0x00004d00       0x3c ..\..\..\emWinGraphics_v5_46\LinkLibrary\PSoC5\GCC\libemWin_nosnts_cm3_gcc.a(WM__Private.o)
                0x00004d00                WM__SendMessage
 .text.WM__AddCriticalHandle
                0x00004d3c       0x10 ..\..\..\emWinGraphics_v5_46\LinkLibrary\PSoC5\GCC\libemWin_nosnts_cm3_gcc.a(WM__Private.o)
                0x00004d3c                WM__AddCriticalHandle
 .text.WM__GetClientRectEx
                0x00004d4c       0x22 ..\..\..\emWinGraphics_v5_46\LinkLibrary\PSoC5\GCC\libemWin_nosnts_cm3_gcc.a(WM__Private.o)
                0x00004d4c                WM__GetClientRectEx
 *fill*         0x00004d6e        0x2 
 .text.WM_GetDesktopWindow
                0x00004d70        0xc ..\..\..\emWinGraphics_v5_46\LinkLibrary\PSoC5\GCC\libemWin_nosnts_cm3_gcc.a(WM_Lib.o)
                0x00004d70                WM_GetDesktopWindow
 .text.WM_GetFirstChild
                0x00004d7c       0x10 ..\..\..\emWinGraphics_v5_46\LinkLibrary\PSoC5\GCC\libemWin_nosnts_cm3_gcc.a(WM_Lib.o)
                0x00004d7c                WM_GetFirstChild
 .text.WM_GetParent
                0x00004d8c       0x10 ..\..\..\emWinGraphics_v5_46\LinkLibrary\PSoC5\GCC\libemWin_nosnts_cm3_gcc.a(WM_Lib.o)
                0x00004d8c                WM_GetParent
 .text.WM_BringToBottom
                0x00004d9c       0x86 ..\..\..\emWinGraphics_v5_46\LinkLibrary\PSoC5\GCC\libemWin_nosnts_cm3_gcc.a(WM_Lib.o)
                0x00004d9c                WM_BringToBottom
 .text.WM_SendToParent
                0x00004e22       0x1c ..\..\..\emWinGraphics_v5_46\LinkLibrary\PSoC5\GCC\libemWin_nosnts_cm3_gcc.a(WM_Lib.o)
                0x00004e22                WM_SendToParent
 *fill*         0x00004e3e        0x2 
 .text.WM_SetUserClipRect
                0x00004e40       0x18 ..\..\..\emWinGraphics_v5_46\LinkLibrary\PSoC5\GCC\libemWin_nosnts_cm3_gcc.a(WM_Lib.o)
                0x00004e40                WM_SetUserClipRect
 .text.GUI__ManageCacheEx
                0x00004e58       0xd8 ..\..\..\emWinGraphics_v5_46\LinkLibrary\PSoC5\GCC\libemWin_nosnts_cm3_gcc.a(GUI__ManageCache.o)
                0x00004e58                GUI__ManageCacheEx
 .text.GUI__ManageCache
                0x00004f30       0x10 ..\..\..\emWinGraphics_v5_46\LinkLibrary\PSoC5\GCC\libemWin_nosnts_cm3_gcc.a(GUI__ManageCache.o)
                0x00004f30                GUI__ManageCache
 .text.GUI__IntersectRect
                0x00004f40       0x3a ..\..\..\emWinGraphics_v5_46\LinkLibrary\PSoC5\GCC\libemWin_nosnts_cm3_gcc.a(GUI__Private.o)
                0x00004f40                GUI__IntersectRect
 .text.GUI__IntersectRects
                0x00004f7a       0x56 ..\..\..\emWinGraphics_v5_46\LinkLibrary\PSoC5\GCC\libemWin_nosnts_cm3_gcc.a(GUI__Private.o)
                0x00004f7a                GUI__IntersectRects
 .text.GUI__memset16
                0x00004fd0       0x64 ..\..\..\emWinGraphics_v5_46\LinkLibrary\PSoC5\GCC\libemWin_nosnts_cm3_gcc.a(GUI__Private.o)
                0x00004fd0                GUI__memset16
 .text._GetWordWrap
                0x00005034       0x98 ..\..\..\emWinGraphics_v5_46\LinkLibrary\PSoC5\GCC\libemWin_nosnts_cm3_gcc.a(GUI__Wrap.o)
 .text._GetCharWrap
                0x000050cc       0x36 ..\..\..\emWinGraphics_v5_46\LinkLibrary\PSoC5\GCC\libemWin_nosnts_cm3_gcc.a(GUI__Wrap.o)
 *fill*         0x00005102        0x2 
 .text._WrapGetNumCharsDisp
                0x00005104       0x2c ..\..\..\emWinGraphics_v5_46\LinkLibrary\PSoC5\GCC\libemWin_nosnts_cm3_gcc.a(GUI__Wrap.o)
 .text.GUI__WrapGetNumCharsDisp
                0x00005130        0x6 ..\..\..\emWinGraphics_v5_46\LinkLibrary\PSoC5\GCC\libemWin_nosnts_cm3_gcc.a(GUI__Wrap.o)
                0x00005130                GUI__WrapGetNumCharsDisp
 .text.GUI__WrapGetNumCharsToNextLine
                0x00005136       0x5e ..\..\..\emWinGraphics_v5_46\LinkLibrary\PSoC5\GCC\libemWin_nosnts_cm3_gcc.a(GUI__Wrap.o)
                0x00005136                GUI__WrapGetNumCharsToNextLine
 .text.GUI__WrapGetNumBytesToNextLine
                0x00005194       0x14 ..\..\..\emWinGraphics_v5_46\LinkLibrary\PSoC5\GCC\libemWin_nosnts_cm3_gcc.a(GUI__Wrap.o)
                0x00005194                GUI__WrapGetNumBytesToNextLine
 .text.GUI_GetFontDistY
                0x000051a8       0x10 ..\..\..\emWinGraphics_v5_46\LinkLibrary\PSoC5\GCC\libemWin_nosnts_cm3_gcc.a(GUI_Char.o)
                0x000051a8                GUI_GetFontDistY
 .text.GUI_GetCharDistX
                0x000051b8       0x10 ..\..\..\emWinGraphics_v5_46\LinkLibrary\PSoC5\GCC\libemWin_nosnts_cm3_gcc.a(GUI_Char.o)
                0x000051b8                GUI_GetCharDistX
 .text.GUI_GetCharDistXEx
                0x000051c8       0x10 ..\..\..\emWinGraphics_v5_46\LinkLibrary\PSoC5\GCC\libemWin_nosnts_cm3_gcc.a(GUI_Char.o)
                0x000051c8                GUI_GetCharDistXEx
 .text._Log2VisBuffered
                0x000051d8        0x2 ..\..\..\emWinGraphics_v5_46\LinkLibrary\PSoC5\GCC\libemWin_nosnts_cm3_gcc.a(GUI_CharLine.o)
 *fill*         0x000051da        0x2 
 .text._DispLine
                0x000051dc       0x9c ..\..\..\emWinGraphics_v5_46\LinkLibrary\PSoC5\GCC\libemWin_nosnts_cm3_gcc.a(GUI_CharLine.o)
 .text.GUI__GetLineNumChars
                0x00005278       0x38 ..\..\..\emWinGraphics_v5_46\LinkLibrary\PSoC5\GCC\libemWin_nosnts_cm3_gcc.a(GUI_CharLine.o)
                0x00005278                GUI__GetLineNumChars
 .text.GUI__GetOverlap
                0x000052b0       0x1c ..\..\..\emWinGraphics_v5_46\LinkLibrary\PSoC5\GCC\libemWin_nosnts_cm3_gcc.a(GUI_CharLine.o)
                0x000052b0                GUI__GetOverlap
 .text.GUI__GetLineDistX
                0x000052cc       0x60 ..\..\..\emWinGraphics_v5_46\LinkLibrary\PSoC5\GCC\libemWin_nosnts_cm3_gcc.a(GUI_CharLine.o)
                0x000052cc                GUI__GetLineDistX
 .text.GUI__DispLine
                0x0000532c       0xa8 ..\..\..\emWinGraphics_v5_46\LinkLibrary\PSoC5\GCC\libemWin_nosnts_cm3_gcc.a(GUI_CharLine.o)
                0x0000532c                GUI__DispLine
 .text.GUI_SelectLayer
                0x000053d4       0x24 ..\..\..\emWinGraphics_v5_46\LinkLibrary\PSoC5\GCC\libemWin_nosnts_cm3_gcc.a(GUI_SelectLayer.o)
                0x000053d4                GUI_SelectLayer
 .text._GetIndexMask_0
                0x000053f8       0x52 ..\..\..\emWinGraphics_v5_46\LinkLibrary\PSoC5\GCC\libemWin_nosnts_cm3_gcc.a(GUICC_0.o)
 .text._Index2Color_0
                0x0000544a       0x1e ..\..\..\emWinGraphics_v5_46\LinkLibrary\PSoC5\GCC\libemWin_nosnts_cm3_gcc.a(GUICC_0.o)
 .text._Color2Index_0
                0x00005468       0x52 ..\..\..\emWinGraphics_v5_46\LinkLibrary\PSoC5\GCC\libemWin_nosnts_cm3_gcc.a(GUICC_0.o)
 .text.GUI_MEMDEV_GetBitsPerPixel
                0x000054ba       0x2a ..\..\..\emWinGraphics_v5_46\LinkLibrary\PSoC5\GCC\libemWin_nosnts_cm3_gcc.a(GUIDEV.o)
                0x000054ba                GUI_MEMDEV_GetBitsPerPixel
 .text.GUI_MEMDEV_Delete
                0x000054e4       0x44 ..\..\..\emWinGraphics_v5_46\LinkLibrary\PSoC5\GCC\libemWin_nosnts_cm3_gcc.a(GUIDEV.o)
                0x000054e4                GUI_MEMDEV_Delete
 .text._GetDevData
                0x00005528       0x10 ..\..\..\emWinGraphics_v5_46\LinkLibrary\PSoC5\GCC\libemWin_nosnts_cm3_gcc.a(GUIDEV_16.o)
 .text._GetDevFunc
                0x00005538       0x10 ..\..\..\emWinGraphics_v5_46\LinkLibrary\PSoC5\GCC\libemWin_nosnts_cm3_gcc.a(GUIDEV_16.o)
 .text._SetOrg  0x00005548        0xc ..\..\..\emWinGraphics_v5_46\LinkLibrary\PSoC5\GCC\libemWin_nosnts_cm3_gcc.a(GUIDEV_16.o)
 .text._GetRect
                0x00005554       0x36 ..\..\..\emWinGraphics_v5_46\LinkLibrary\PSoC5\GCC\libemWin_nosnts_cm3_gcc.a(GUIDEV_16.o)
 *fill*         0x0000558a        0x2 
 .text._XY2PTR  0x0000558c       0x40 ..\..\..\emWinGraphics_v5_46\LinkLibrary\PSoC5\GCC\libemWin_nosnts_cm3_gcc.a(GUIDEV_16.o)
 .text._GetPixelIndex
                0x000055cc        0xe ..\..\..\emWinGraphics_v5_46\LinkLibrary\PSoC5\GCC\libemWin_nosnts_cm3_gcc.a(GUIDEV_16.o)
 *fill*         0x000055da        0x2 
 .text._XorPixel
                0x000055dc       0x58 ..\..\..\emWinGraphics_v5_46\LinkLibrary\PSoC5\GCC\libemWin_nosnts_cm3_gcc.a(GUIDEV_16.o)
 .text._SetPixelIndex
                0x00005634       0x4c ..\..\..\emWinGraphics_v5_46\LinkLibrary\PSoC5\GCC\libemWin_nosnts_cm3_gcc.a(GUIDEV_16.o)
 .text._DrawVLine
                0x00005680       0xbc ..\..\..\emWinGraphics_v5_46\LinkLibrary\PSoC5\GCC\libemWin_nosnts_cm3_gcc.a(GUIDEV_16.o)
 .text._FillRect
                0x0000573c       0xb4 ..\..\..\emWinGraphics_v5_46\LinkLibrary\PSoC5\GCC\libemWin_nosnts_cm3_gcc.a(GUIDEV_16.o)
 .text._DrawHLine
                0x000057f0        0xe ..\..\..\emWinGraphics_v5_46\LinkLibrary\PSoC5\GCC\libemWin_nosnts_cm3_gcc.a(GUIDEV_16.o)
 *fill*         0x000057fe        0x2 
 .text._DrawBitmap
                0x00005800      0x720 ..\..\..\emWinGraphics_v5_46\LinkLibrary\PSoC5\GCC\libemWin_nosnts_cm3_gcc.a(GUIDEV_16.o)
 .text._GetDevProp
                0x00005f20       0x18 ..\..\..\emWinGraphics_v5_46\LinkLibrary\PSoC5\GCC\libemWin_nosnts_cm3_gcc.a(GUIDEV_16.o)
 .text.GUI_USAGE_DecUseCnt
                0x00005f38       0x28 ..\..\..\emWinGraphics_v5_46\LinkLibrary\PSoC5\GCC\libemWin_nosnts_cm3_gcc.a(GUIDEV_Usage.o)
                0x00005f38                GUI_USAGE_DecUseCnt
 .text.GUI_USAGE_AddRect
                0x00005f60       0x26 ..\..\..\emWinGraphics_v5_46\LinkLibrary\PSoC5\GCC\libemWin_nosnts_cm3_gcc.a(GUIDEV_Usage.o)
                0x00005f60                GUI_USAGE_AddRect
 .text._Convert16
                0x00005f86       0x3e ..\..\..\emWinGraphics_v5_46\LinkLibrary\PSoC5\GCC\libemWin_nosnts_cm3_gcc.a(GUIDEV_WriteToActiveOpaque.o)
 .text._Convert8
                0x00005fc4       0x42 ..\..\..\emWinGraphics_v5_46\LinkLibrary\PSoC5\GCC\libemWin_nosnts_cm3_gcc.a(GUIDEV_WriteToActiveOpaque.o)
 *fill*         0x00006006        0x2 
 .text.GUI_MEMDEV__WriteToActiveOpaque
                0x00006008      0x74c ..\..\..\emWinGraphics_v5_46\LinkLibrary\PSoC5\GCC\libemWin_nosnts_cm3_gcc.a(GUIDEV_WriteToActiveOpaque.o)
                0x00006008                GUI_MEMDEV__WriteToActiveOpaque
 .text.LCD_SetClipRectEx
                0x00006754       0x30 ..\..\..\emWinGraphics_v5_46\LinkLibrary\PSoC5\GCC\libemWin_nosnts_cm3_gcc.a(LCD_SetClipRectEx.o)
                0x00006754                LCD_SetClipRectEx
 .text.GUI__CompactPixelIndices
                0x00006784      0x16e ..\..\..\emWinGraphics_v5_46\LinkLibrary\PSoC5\GCC\libemWin_nosnts_cm3_gcc.a(GUI__CompactPixelIndices.o)
                0x00006784                GUI__CompactPixelIndices
 .text.GUI_MEMDEV_GetDataPtr
                0x000068f2       0x20 ..\..\..\emWinGraphics_v5_46\LinkLibrary\PSoC5\GCC\libemWin_nosnts_cm3_gcc.a(GUIDEV_GetDataPtr.o)
                0x000068f2                GUI_MEMDEV_GetDataPtr
 *fill*         0x00006912        0x2 
 .text.__libc_init_array
                0x00006914       0x4c c:/program files (x86)/cypress/psoc creator/3.3/psoc creator/import/gnu/arm/4.9.3/bin/../lib/gcc/arm-none-eabi/4.9.3/../../../../arm-none-eabi/lib/armv7-m\libg_nano.a(lib_a-init.o)
                0x00006914                __libc_init_array
 .text.memcpy   0x00006960       0x16 c:/program files (x86)/cypress/psoc creator/3.3/psoc creator/import/gnu/arm/4.9.3/bin/../lib/gcc/arm-none-eabi/4.9.3/../../../../arm-none-eabi/lib/armv7-m\libg_nano.a(lib_a-memcpy.o)
                0x00006960                memcpy
 .text.memmove  0x00006976       0x36 c:/program files (x86)/cypress/psoc creator/3.3/psoc creator/import/gnu/arm/4.9.3/bin/../lib/gcc/arm-none-eabi/4.9.3/../../../../arm-none-eabi/lib/armv7-m\libg_nano.a(lib_a-memmove.o)
                0x00006976                memmove
 .text.memset   0x000069ac       0x10 c:/program files (x86)/cypress/psoc creator/3.3/psoc creator/import/gnu/arm/4.9.3/bin/../lib/gcc/arm-none-eabi/4.9.3/../../../../arm-none-eabi/lib/armv7-m\libg_nano.a(lib_a-memset.o)
                0x000069ac                memset
 .text          0x000069bc       0x14 c:/program files (x86)/cypress/psoc creator/3.3/psoc creator/import/gnu/arm/4.9.3/bin/../lib/gcc/arm-none-eabi/4.9.3/../../../../arm-none-eabi/lib/armv7-m\libg_nano.a(lib_a-strcmp.o)
                0x000069bc                strcmp
 *(.plt)
 *(.gnu.warning)
 *(.glue_7t)
 .glue_7t       0x00000000        0x0 linker stubs
 *(.glue_7)
 .glue_7        0x00000000        0x0 linker stubs
 *(.vfp11_veneer)
 .vfp11_veneer  0x00000000        0x0 linker stubs
 *(.bootloader)
 *(.ARM.extab* .gnu.linkonce.armextab.*)
 *(.gcc_except_table)

.v4_bx          0x000069d0        0x0
 .v4_bx         0x00000000        0x0 linker stubs

.iplt           0x000069d0        0x0
 .iplt          0x00000000        0x0 c:/program files (x86)/cypress/psoc creator/3.3/psoc creator/import/gnu/arm/4.9.3/bin/../lib/gcc/arm-none-eabi/4.9.3/armv7-m/crtbegin.o

.eh_frame_hdr
 *(.eh_frame_hdr)

.eh_frame       0x000069d0       0x2c
 *(.eh_frame)
 .eh_frame      0x000069d0        0x0 c:/program files (x86)/cypress/psoc creator/3.3/psoc creator/import/gnu/arm/4.9.3/bin/../lib/gcc/arm-none-eabi/4.9.3/armv7-m/crtbegin.o
 .eh_frame      0x000069d0       0x28 c:/program files (x86)/cypress/psoc creator/3.3/psoc creator/import/gnu/arm/4.9.3/bin/../lib/gcc/arm-none-eabi/4.9.3/../../../../arm-none-eabi/lib/armv7-m\libg_nano.a(lib_a-strcmp.o)
 .eh_frame      0x000069f8        0x4 c:/program files (x86)/cypress/psoc creator/3.3/psoc creator/import/gnu/arm/4.9.3/bin/../lib/gcc/arm-none-eabi/4.9.3/armv7-m/crtend.o
                0x000069fc                PROVIDE (__exidx_start, .)

.ARM.exidx
 *(.ARM.exidx* .gnu.linkonce.armexidx.*)
                0x000069fc                __exidx_end = .

.rodata         0x000069fc     0x1aac
 *(.rodata .rodata.* .gnu.linkonce.r.*)
 .rodata        0x000069fc        0xc .\CortexM3\ARM_GCC_493\Debug\main.o
 .rodata        0x00006a08       0x58 .\CortexM3\ARM_GCC_493\Debug\Processor.a(cyfitter_cfg.o)
                0x00006a08                CapSense_AMuxCH0__addrTable
                0x00006a1c                CapSense_AMuxCH0__maskTable
 .rodata        0x00006a60      0x73c ..\..\..\emWinGraphics_v5_46\LinkLibrary\PSoC5\GCC\libemWin_nosnts_cm3_gcc.a(F6x8.o)
                0x00006a60                GUI_Font6x9
                0x00006a84                GUI_Font6x8
 .rodata        0x0000719c      0xd0c ..\..\..\emWinGraphics_v5_46\LinkLibrary\PSoC5\GCC\libemWin_nosnts_cm3_gcc.a(F8x16.o)
                0x0000719c                GUI_Font8x16x3x3
                0x000071c0                GUI_Font8x16x2x2
                0x000071e4                GUI_Font8x16x1x2
                0x00007230                GUI_Font8x18
                0x00007254                GUI_Font8x17
                0x00007278                GUI_Font8x16
 .rodata        0x00007ea8        0x8 ..\..\..\emWinGraphics_v5_46\LinkLibrary\PSoC5\GCC\libemWin_nosnts_cm3_gcc.a(GUI_Core.o)
 .rodata.str1.1
                0x00007eb0       0x14 ..\..\..\emWinGraphics_v5_46\LinkLibrary\PSoC5\GCC\libemWin_nosnts_cm3_gcc.a(GUI_Core.o)
 .rodata        0x00007ec4       0x10 ..\..\..\emWinGraphics_v5_46\LinkLibrary\PSoC5\GCC\libemWin_nosnts_cm3_gcc.a(GUI_UC_EncodeNone.o)
                0x00007ec4                GUI_UC_None
 .rodata        0x00007ed4       0x18 ..\..\..\emWinGraphics_v5_46\LinkLibrary\PSoC5\GCC\libemWin_nosnts_cm3_gcc.a(GUICC_M565.o)
                0x00007ed4                LCD_API_ColorConv_M565
 .rodata        0x00007eec       0x74 ..\..\..\emWinGraphics_v5_46\LinkLibrary\PSoC5\GCC\libemWin_nosnts_cm3_gcc.a(GUIDRV_FlexColor.o)
                0x00007f2c                GUIDRV_FlexColor_API
 .rodata        0x00007f60        0x8 ..\..\..\emWinGraphics_v5_46\LinkLibrary\PSoC5\GCC\libemWin_nosnts_cm3_gcc.a(GUIDRV_FlexColor_Func66709.o)
 .rodata        0x00007f68        0xc ..\..\..\emWinGraphics_v5_46\LinkLibrary\PSoC5\GCC\libemWin_nosnts_cm3_gcc.a(LCD.o)
 .rodata        0x00007f74      0x370 ..\..\..\emWinGraphics_v5_46\LinkLibrary\PSoC5\GCC\libemWin_nosnts_cm3_gcc.a(GUI__DivTbl.o)
                0x00007f74                GUI__aConvert_255_63
                0x00008074                GUI__aConvert_255_31
                0x00008174                GUI__aConvert_255_15
                0x00008274                GUI__aConvert_63_255
                0x000082b4                GUI__aConvert_31_255
                0x000082d4                GUI__aConvert_15_255
 .rodata        0x000082e4       0x18 ..\..\..\emWinGraphics_v5_46\LinkLibrary\PSoC5\GCC\libemWin_nosnts_cm3_gcc.a(GUICC_0.o)
                0x000082e4                LCD_API_ColorConv_0
 .rodata        0x000082fc       0x74 ..\..\..\emWinGraphics_v5_46\LinkLibrary\PSoC5\GCC\libemWin_nosnts_cm3_gcc.a(GUIDEV_16.o)
                0x000082fc                GUI_MEMDEV_DEVICE_16
 .rodata        0x00008370      0x100 ..\..\..\emWinGraphics_v5_46\LinkLibrary\PSoC5\GCC\libemWin_nosnts_cm3_gcc.a(LCD_Mirror.o)
                0x00008370                LCD_aMirror
                0x00008470                . = ALIGN (0x4)
 *(.init)
 .init          0x00008470        0x4 c:/program files (x86)/cypress/psoc creator/3.3/psoc creator/import/gnu/arm/4.9.3/bin/../lib/gcc/arm-none-eabi/4.9.3/armv7-m/crti.o
                0x00008470                _init
 .init          0x00008474        0x8 c:/program files (x86)/cypress/psoc creator/3.3/psoc creator/import/gnu/arm/4.9.3/bin/../lib/gcc/arm-none-eabi/4.9.3/armv7-m/crtn.o
                0x0000847c                . = ALIGN (0x4)
                0x0000847c                __preinit_array_start = .
 *(.preinit_array)
                0x0000847c                __preinit_array_end = .
                0x0000847c                . = ALIGN (0x4)
                0x0000847c                __init_array_start = .
 *(SORT(.init_array.*))
 *(.init_array)
 .init_array    0x0000847c        0x4 c:/program files (x86)/cypress/psoc creator/3.3/psoc creator/import/gnu/arm/4.9.3/bin/../lib/gcc/arm-none-eabi/4.9.3/armv7-m/crtbegin.o
 .init_array    0x00008480        0x4 .\CortexM3\ARM_GCC_493\Debug\Cm3Start.o
                0x00008484                __init_array_end = .
                0x00008484                . = ALIGN (0x4)
 *(.fini)
 .fini          0x00008484        0x4 c:/program files (x86)/cypress/psoc creator/3.3/psoc creator/import/gnu/arm/4.9.3/bin/../lib/gcc/arm-none-eabi/4.9.3/armv7-m/crti.o
                0x00008484                _fini
 .fini          0x00008488        0x8 c:/program files (x86)/cypress/psoc creator/3.3/psoc creator/import/gnu/arm/4.9.3/bin/../lib/gcc/arm-none-eabi/4.9.3/armv7-m/crtn.o
                0x00008490                . = ALIGN (0x4)
                0x00008490                __fini_array_start = .
 *(.fini_array)
 .fini_array    0x00008490        0x4 c:/program files (x86)/cypress/psoc creator/3.3/psoc creator/import/gnu/arm/4.9.3/bin/../lib/gcc/arm-none-eabi/4.9.3/armv7-m/crtbegin.o
 *(SORT(.fini_array.*))
                0x00008494                __fini_array_end = .
                0x00008494                . = ALIGN (0x4)
 *crtbegin.o(.ctors)
 *(EXCLUDE_FILE(*crtend.o) .ctors)
 *(SORT(.ctors.*))
 *crtend.o(.ctors)
                0x00008494                . = ALIGN (0x4)
 *crtbegin.o(.dtors)
 *(EXCLUDE_FILE(*crtend.o) .dtors)
 *(SORT(.dtors.*))
 *crtend.o(.dtors)
                0x00008494                . = ALIGN (0x4)
                0x00008494                __cy_regions = .
                0x00008494        0x4 LONG 0x84a8 __cy_region_init_ram
                0x00008498        0x4 LONG 0x1fff8108 __cy_region_start_data
                0x0000849c        0x4 LONG 0x68 __cy_region_init_size_ram
                0x000084a0        0x4 LONG 0x2a40 __cy_region_zero_size_ram
                0x000084a4                __cy_regions_end = .
                0x000084a8                . = ALIGN (0x8)
 *fill*         0x000084a4        0x4 
                0x000084a8                _etext = .

.cy_checksum_exclude
                0x000084a8        0x0
 *(.cy_checksum_exclude)

.ramvectors     0x1fff8000      0x100
                0x1fff8000                __cy_region_start_ram = .
 *(.ramvectors)
 .ramvectors    0x1fff8000      0x100 .\CortexM3\ARM_GCC_493\Debug\Cm3Start.o
                0x1fff8000                CyRamVectors

.noinit         0x1fff8100        0x5
 *(.noinit)
 .noinit        0x1fff8100        0x4 .\CortexM3\ARM_GCC_493\Debug\Cm3Start.o
 .noinit        0x1fff8104        0x1 .\CortexM3\ARM_GCC_493\Debug\Processor.a(CyLib.o)
                0x1fff8104                CyResetStatus

.data           0x1fff8108       0x68 load address 0x000084a8
                0x1fff8108                __cy_region_start_data = .
 *(.jcr)
 .jcr           0x1fff8108        0x0 c:/program files (x86)/cypress/psoc creator/3.3/psoc creator/import/gnu/arm/4.9.3/bin/../lib/gcc/arm-none-eabi/4.9.3/armv7-m/crtbegin.o
 .jcr           0x1fff8108        0x4 c:/program files (x86)/cypress/psoc creator/3.3/psoc creator/import/gnu/arm/4.9.3/bin/../lib/gcc/arm-none-eabi/4.9.3/armv7-m/crtend.o
 *(.got.plt)
 *(.got)
 *(.shdata)
 *(.data .data.* .gnu.linkonce.d.*)
 .data          0x1fff810c       0x1c .\CortexM3\ARM_GCC_493\Debug\main.o
                0x1fff810c                SCREEN_X
                0x1fff8110                SCREEN_Y
                0x1fff8114                MARGIN
                0x1fff8118                Y_INC
                0x1fff811c                end_command
                0x1fff8120                delimiter
                0x1fff8124                aWm
 .data          0x1fff8128       0x10 .\CortexM3\ARM_GCC_493\Debug\Processor.a(CyLib.o)
                0x1fff8128                cydelay_freq_hz
                0x1fff812c                cydelay_freq_khz
                0x1fff8130                cydelay_freq_mhz
                0x1fff8134                cydelay_32k_ms
 .data          0x1fff8138       0x10 ..\..\..\emWinGraphics_v5_46\LinkLibrary\PSoC5\GCC\libemWin_nosnts_cm3_gcc.a(GUI_Core.o)
                0x1fff8138                GUI_pContext
                0x1fff813c                GUI_pfGetpPalConvTable
                0x1fff8140                GUI__ColorDefault
                0x1fff8144                GUI__pFontDefault
 .data          0x1fff8148        0x8 ..\..\..\emWinGraphics_v5_46\LinkLibrary\PSoC5\GCC\libemWin_nosnts_cm3_gcc.a(GUIDRV_FlexColor_Func66709.o)
 .data          0x1fff8150        0x4 ..\..\..\emWinGraphics_v5_46\LinkLibrary\PSoC5\GCC\libemWin_nosnts_cm3_gcc.a(LCD.o)
                0x1fff8150                LCD__pSetColorAPI
 .data          0x1fff8154        0x4 ..\..\..\emWinGraphics_v5_46\LinkLibrary\PSoC5\GCC\libemWin_nosnts_cm3_gcc.a(LCD_Color.o)
 .data          0x1fff8158        0x8 ..\..\..\emWinGraphics_v5_46\LinkLibrary\PSoC5\GCC\libemWin_nosnts_cm3_gcc.a(GUI__Private.o)
                0x1fff8158                GUI__pfMemcpy
                0x1fff815c                GUI__pfMemset
 .data          0x1fff8160        0x8 ..\..\..\emWinGraphics_v5_46\LinkLibrary\PSoC5\GCC\libemWin_nosnts_cm3_gcc.a(GUI__Wrap.o)
                0x1fff8160                GUI__Wrap_pfGetWordWrap
                0x1fff8164                GUI__Wrap_pfGetCharWrap
 .data          0x1fff8168        0x4 ..\..\..\emWinGraphics_v5_46\LinkLibrary\PSoC5\GCC\libemWin_nosnts_cm3_gcc.a(GUI_CharLine.o)
                0x1fff8168                GUI_CharLine_pfLog2Vis
                0x1fff8170                . = ALIGN (0x8)
 *fill*         0x1fff816c        0x4 
 *(.ram)
                0x1fff8170                _edata = .

.igot.plt       0x1fff8170        0x0 load address 0x00008510
 .igot.plt      0x00000000        0x0 c:/program files (x86)/cypress/psoc creator/3.3/psoc creator/import/gnu/arm/4.9.3/bin/../lib/gcc/arm-none-eabi/4.9.3/armv7-m/crtbegin.o

.bss            0x1fff8170     0x2a40 load address 0x00008510
                0x1fff8170                PROVIDE (__bss_start__, .)
 *(.shbss)
 *(.bss .bss.* .gnu.linkonce.b.*)
 .bss           0x1fff8170       0x1c c:/program files (x86)/cypress/psoc creator/3.3/psoc creator/import/gnu/arm/4.9.3/bin/../lib/gcc/arm-none-eabi/4.9.3/armv7-m/crtbegin.o
 .bss           0x1fff818c        0x8 .\CortexM3\ARM_GCC_493\Debug\main.o
                0x1fff818c                printindex
                0x1fff8190                wordindex
 .bss           0x1fff8194     0x2000 .\CortexM3\ARM_GCC_493\Debug\GUIConf.o
 .bss           0x1fffa194       0x1c .\CortexM3\ARM_GCC_493\Debug\Processor.a(CyLib.o)
                0x1fffa1a8                CySysTickInitVar
 .bss           0x1fffa1b0        0x2 .\CortexM3\ARM_GCC_493\Debug\Processor.a(UART.o)
                0x1fffa1b0                UART_initVar
 .bss           0x1fffa1b2        0x1 .\CortexM3\ARM_GCC_493\Debug\Processor.a(SPIM_1.o)
                0x1fffa1b2                SPIM_1_initVar
 .bss           0x1fffa1b3        0x2 .\CortexM3\ARM_GCC_493\Debug\Processor.a(LCD_1.o)
                0x1fffa1b3                LCD_1_enableState
                0x1fffa1b4                LCD_1_initVar
 *fill*         0x1fffa1b5        0x3 
 .bss           0x1fffa1b8       0x10 ..\..\..\emWinGraphics_v5_46\LinkLibrary\PSoC5\GCC\libemWin_nosnts_cm3_gcc.a(GUI_Alloc.o)
 .bss           0x1fffa1c8       0x90 ..\..\..\emWinGraphics_v5_46\LinkLibrary\PSoC5\GCC\libemWin_nosnts_cm3_gcc.a(GUI_Core.o)
                0x1fffa23c                GUI__BkColorDefault
 .bss           0x1fffa258        0x1 ..\..\..\emWinGraphics_v5_46\LinkLibrary\PSoC5\GCC\libemWin_nosnts_cm3_gcc.a(GUI_DispString.o)
 *fill*         0x1fffa259        0x3 
 .bss           0x1fffa25c       0x60 ..\..\..\emWinGraphics_v5_46\LinkLibrary\PSoC5\GCC\libemWin_nosnts_cm3_gcc.a(GUI_OnKey.o)
 .bss           0x1fffa2bc        0x8 ..\..\..\emWinGraphics_v5_46\LinkLibrary\PSoC5\GCC\libemWin_nosnts_cm3_gcc.a(GUI_WaitEvent.o)
 .bss           0x1fffa2c4        0x8 ..\..\..\emWinGraphics_v5_46\LinkLibrary\PSoC5\GCC\libemWin_nosnts_cm3_gcc.a(GUICC_M565.o)
 .bss           0x1fffa2cc       0x1c ..\..\..\emWinGraphics_v5_46\LinkLibrary\PSoC5\GCC\libemWin_nosnts_cm3_gcc.a(GUIDRV_FlexColor.o)
 .bss           0x1fffa2e8        0xc ..\..\..\emWinGraphics_v5_46\LinkLibrary\PSoC5\GCC\libemWin_nosnts_cm3_gcc.a(LCD_Color.o)
 .bss           0x1fffa2f4        0x8 ..\..\..\emWinGraphics_v5_46\LinkLibrary\PSoC5\GCC\libemWin_nosnts_cm3_gcc.a(LCD_GetEx.o)
 .bss           0x1fffa2fc       0x30 ..\..\..\emWinGraphics_v5_46\LinkLibrary\PSoC5\GCC\libemWin_nosnts_cm3_gcc.a(WM.o)
 .bss           0x1fffa32c        0x4 ..\..\..\emWinGraphics_v5_46\LinkLibrary\PSoC5\GCC\libemWin_nosnts_cm3_gcc.a(WM__Private.o)
 .bss           0x1fffa330       0x14 ..\..\..\emWinGraphics_v5_46\LinkLibrary\PSoC5\GCC\libemWin_nosnts_cm3_gcc.a(GUI__ManageCache.o)
 .bss           0x1fffa344        0x8 ..\..\..\emWinGraphics_v5_46\LinkLibrary\PSoC5\GCC\libemWin_nosnts_cm3_gcc.a(GUI__Wrap.o)
 *(COMMON)
 COMMON         0x1fffa34c      0x6ee .\CortexM3\ARM_GCC_493\Debug\main.o
                0x1fffa34c                print
                0x1fffa3b0                rects
                0x1fffa490                words
                0x1fffaa08                word
 *fill*         0x1fffaa3a        0x2 
 COMMON         0x1fffaa3c        0x4 .\CortexM3\ARM_GCC_493\Debug\GUI_X.o
                0x1fffaa3c                OS_TimeMS
 COMMON         0x1fffaa40       0xc0 ..\..\..\emWinGraphics_v5_46\LinkLibrary\PSoC5\GCC\libemWin_nosnts_cm3_gcc.a(GUI_Alloc.o)
                0x1fffaa40                GUI_ALLOC__Context
 COMMON         0x1fffab00       0x5c ..\..\..\emWinGraphics_v5_46\LinkLibrary\PSoC5\GCC\libemWin_nosnts_cm3_gcc.a(GUI_Core.o)
                0x1fffab00                GUI__aNumBuffers
                0x1fffab01                GUI__NumLayersInUse
                0x1fffab04                GUI__LayerMask
                0x1fffab08                GUI__DrawStreamedBitmap
                0x1fffab09                GUI_DecChar
                0x1fffab0c                GUI_pLCD_APIList
                0x1fffab10                GUI_AA__ClipX0
                0x1fffab14                GUI_DCACHE__pfClearCacheHook
                0x1fffab18                GUI_OrgY
                0x1fffab1c                GUI_pfHookMTOUCH
                0x1fffab20                GUI_pfDispCharLine
                0x1fffab24                GUI_pfTimerExec
                0x1fffab28                GUI_OrgX
                0x1fffab2c                GUI_pfDispCharStyle
                0x1fffab30                GUI__IsInitialized
                0x1fffab34                GUI__pfDrawM565BitmapFunc
                0x1fffab38                GUI__PreserveTrans
                0x1fffab3c                GUI__pfDrawM565MemdevFunc
                0x1fffab40                GUI_MTOUCH__pStoreEvent
                0x1fffab44                GUI_pfExecAnimations
                0x1fffab48                GUI_pUC_API
                0x1fffab4c                GUI_pfUpdateSoftLayer
                0x1fffab50                GUI__apDevice
                0x1fffab54                GUI__BufferSize
                0x1fffab58                WM_pfHandlePID
 COMMON         0x1fffab5c        0x4 ..\..\..\emWinGraphics_v5_46\LinkLibrary\PSoC5\GCC\libemWin_nosnts_cm3_gcc.a(LCD_Color.o)
                0x1fffab5c                LCD__aConvTable
 COMMON         0x1fffab60       0x40 ..\..\..\emWinGraphics_v5_46\LinkLibrary\PSoC5\GCC\libemWin_nosnts_cm3_gcc.a(WM.o)
                0x1fffab60                WM__NumWindows
                0x1fffab64                WM__hATransWindow
                0x1fffab68                WM__ahDesktopWin
                0x1fffab6c                WM_pfPollPID
                0x1fffab70                WM__pExecGestures
                0x1fffab74                WM__ahWinFocus
                0x1fffab78                WM__NumInvalidWindows
                0x1fffab7c                WM__FirstWin
                0x1fffab80                WM__CaptureReleaseAuto
                0x1fffab81                WM__PaintCallbackCnt
                0x1fffab84                WM__CreateFlags
                0x1fffab88                WM__aBkColor
                0x1fffab8c                WM__pFirstCriticalHandle
                0x1fffab90                WM_MULTIBUF__pAPI
                0x1fffab94                WM__ahCapture
                0x1fffab98                WM__hCreateStatic
                0x1fffab9c                WM__TransWindowCnt
 COMMON         0x1fffaba0       0x10 ..\..\..\emWinGraphics_v5_46\LinkLibrary\PSoC5\GCC\libemWin_nosnts_cm3_gcc.a(WM_Touch.o)
                0x1fffaba0                WM__aCHWinLast
                0x1fffaba8                WM__aCHWinModal
                0x1fffabb0                . = ALIGN (0x8)
 *(.ram.b)
                0x1fffabb0                _end = .
                0x1fffabb0                __end = .
                0x1fffabb0                PROVIDE (end, .)
                0x1fffabb0                PROVIDE (__bss_end__, .)
                0x000084a8                __cy_region_init_ram = LOADADDR (.data)
                0x00000068                __cy_region_init_size_ram = (_edata - ADDR (.data))
                0x00002a40                __cy_region_zero_size_ram = (_end - _edata)

.heap           0x1fffabb0     0x1000 load address 0x00008510
                0x1fffabb0                . = _end
                0x1fffbbb0                . = (. + 0x1000)
 *fill*         0x1fffabb0     0x1000 
                0x1fffbbb0                __cy_heap_limit = .

.stack          0x20004000     0x4000
                0x20004000                __cy_stack_limit = .
                0x20008000                . = (. + 0x4000)
 *fill*         0x20004000     0x4000 
                0x00000001                ASSERT ((__cy_stack_limit >= __cy_heap_limit), region RAM overflowed with stack)
                0x00000000                cy_checksum_exclude_size = (CY_APPL_LOADABLE == 0x1)?SIZEOF (.cy_checksum_exclude):0x0
                0x00000001                ASSERT ((cy_checksum_exclude_size <= CY_CHECKSUM_EXCLUDE_SIZE), CY_BOOT: Section .cy_checksum_exclude size exceedes specified limit.)

.cyloadermeta
 *(.cyloadermeta)

.cyloadablemeta
 *(.cyloadablemeta)

.cyconfigecc    0x80000000      0x954
 *(.cyconfigecc)
 .cyconfigecc   0x80000000      0x954 .\CortexM3\ARM_GCC_493\Debug\cymetadata.o
                0x80000000                cy_meta_configecc

.cycustnvl      0x90000000        0x4
 *(.cycustnvl)
 .cycustnvl     0x90000000        0x4 .\CortexM3\ARM_GCC_493\Debug\cymetadata.o
                0x90000000                cy_meta_custnvl

.cywolatch      0x90100000        0x4
 *(.cywolatch)
 .cywolatch     0x90100000        0x4 .\CortexM3\ARM_GCC_493\Debug\cymetadata.o
                0x90100000                cy_meta_wonvl

.cyeeprom       0x90200000        0x0
 *(.cyeeprom)
                0x00000001                ASSERT ((. <= ((0x90200000 + ee_offset) + ee_size)), .cyeeprom data will not fit in EEPROM)

.cyflashprotect
                0x90400000      0x100
 *(.cyflashprotect)
 .cyflashprotect
                0x90400000      0x100 .\CortexM3\ARM_GCC_493\Debug\cymetadata.o
                0x90400000                cy_meta_flashprotect

.cymeta         0x90500000        0xc
 *(.cymeta)
 .cymeta        0x90500000        0xc .\CortexM3\ARM_GCC_493\Debug\cymetadata.o
                0x90500000                cy_metadata

.rel.dyn        0x00008510        0x0 load address 0x9050000c
 .rel.iplt      0x00000000        0x0 c:/program files (x86)/cypress/psoc creator/3.3/psoc creator/import/gnu/arm/4.9.3/bin/../lib/gcc/arm-none-eabi/4.9.3/armv7-m/crtbegin.o

.stab
 *(.stab)

.stabstr
 *(.stabstr)

.debug
 *(.debug)

.line
 *(.line)

.debug_srcinfo
 *(.debug_srcinfo)

.debug_sfnames
 *(.debug_sfnames)

.debug_aranges  0x00000000      0xa90
 *(.debug_aranges)
 .debug_aranges
                0x00000000       0x50 .\CortexM3\ARM_GCC_493\Debug\main.o
 .debug_aranges
                0x00000050       0x60 .\CortexM3\ARM_GCC_493\Debug\GUI_X.o
 .debug_aranges
                0x000000b0       0x20 .\CortexM3\ARM_GCC_493\Debug\GUIConf.o
 .debug_aranges
                0x000000d0       0x30 .\CortexM3\ARM_GCC_493\Debug\LCDConf.o
 .debug_aranges
                0x00000100       0x48 .\CortexM3\ARM_GCC_493\Debug\tft.o
 .debug_aranges
                0x00000148       0x48 .\CortexM3\ARM_GCC_493\Debug\Cm3Start.o
 .debug_aranges
                0x00000190       0x18 .\CortexM3\ARM_GCC_493\Debug\cymetadata.o
 .debug_aranges
                0x000001a8       0x70 .\CortexM3\ARM_GCC_493\Debug\Processor.a(cyfitter_cfg.o)
 .debug_aranges
                0x00000218       0x20 .\CortexM3\ARM_GCC_493\Debug\Processor.a(CyBootAsmGnu.o)
 .debug_aranges
                0x00000238      0x298 .\CortexM3\ARM_GCC_493\Debug\Processor.a(CyLib.o)
 .debug_aranges
                0x000004d0       0x98 .\CortexM3\ARM_GCC_493\Debug\Processor.a(cyPm.o)
 .debug_aranges
                0x00000568       0xf0 .\CortexM3\ARM_GCC_493\Debug\Processor.a(UART.o)
 .debug_aranges
                0x00000658       0x80 .\CortexM3\ARM_GCC_493\Debug\Processor.a(rx_int.o)
 .debug_aranges
                0x000006d8       0x70 .\CortexM3\ARM_GCC_493\Debug\Processor.a(UART_IntClock.o)
 .debug_aranges
                0x00000748       0x38 .\CortexM3\ARM_GCC_493\Debug\Processor.a(LED_1.o)
 .debug_aranges
                0x00000780       0xd8 .\CortexM3\ARM_GCC_493\Debug\Processor.a(SPIM_1.o)
 .debug_aranges
                0x00000858       0x38 .\CortexM3\ARM_GCC_493\Debug\Processor.a(DC.o)
 .debug_aranges
                0x00000890       0x70 .\CortexM3\ARM_GCC_493\Debug\Processor.a(SPIM_1_IntClock.o)
 .debug_aranges
                0x00000900       0x98 .\CortexM3\ARM_GCC_493\Debug\Processor.a(LCD_1.o)
 .debug_aranges
                0x00000998       0x80 .\CortexM3\ARM_GCC_493\Debug\Processor.a(CyFlash.o)
 .debug_aranges
                0x00000a18       0x78 .\CortexM3\ARM_GCC_493\Debug\Processor.a(CySpc.o)

.debug_pubnames
 *(.debug_pubnames)

.debug_info     0x00000000     0x55ee
 *(.debug_info .gnu.linkonce.wi.*)
 .debug_info    0x00000000      0x955 .\CortexM3\ARM_GCC_493\Debug\main.o
 .debug_info    0x00000955      0x1fd .\CortexM3\ARM_GCC_493\Debug\GUI_X.o
 .debug_info    0x00000b52      0x5f2 .\CortexM3\ARM_GCC_493\Debug\GUIConf.o
 .debug_info    0x00001144      0x7e2 .\CortexM3\ARM_GCC_493\Debug\LCDConf.o
 .debug_info    0x00001926      0x19a .\CortexM3\ARM_GCC_493\Debug\tft.o