Archive member included because of file (symbol)

.\CortexM3\ARM_GCC_493\Debug\Processor.a(cyfitter_cfg.o)
                              .\CortexM3\ARM_GCC_493\Debug\Cm3Start.o (cyfitter_cfg)
.\CortexM3\ARM_GCC_493\Debug\Processor.a(CyBootAsmGnu.o)
                              .\CortexM3\ARM_GCC_493\Debug\Processor.a(cyfitter_cfg.o) (CyDelayCycles)
.\CortexM3\ARM_GCC_493\Debug\Processor.a(CyLib.o)
                              .\CortexM3\ARM_GCC_493\Debug\Cm3Start.o (CyResetStatus)
.\CortexM3\ARM_GCC_493\Debug\Processor.a(cyPm.o)
                              .\CortexM3\ARM_GCC_493\Debug\Processor.a(CyLib.o) (CyPmReadStatus)
.\CortexM3\ARM_GCC_493\Debug\Processor.a(UART.o)
                              .\CortexM3\ARM_GCC_493\Debug\main.o (UART_Start)
.\CortexM3\ARM_GCC_493\Debug\Processor.a(rx_int.o)
                              .\CortexM3\ARM_GCC_493\Debug\main.o (rx_int_StartEx)
.\CortexM3\ARM_GCC_493\Debug\Processor.a(UART_IntClock.o)
                              .\CortexM3\ARM_GCC_493\Debug\Processor.a(UART.o) (UART_IntClock_Start)
.\CortexM3\ARM_GCC_493\Debug\Processor.a(LED_1.o)
                              .\CortexM3\ARM_GCC_493\Debug\main.o (LED_1_Write)
.\CortexM3\ARM_GCC_493\Debug\Processor.a(SPIM_1.o)
                              .\CortexM3\ARM_GCC_493\Debug\tft.o (SPIM_1_ReadTxStatus)
.\CortexM3\ARM_GCC_493\Debug\Processor.a(DC.o)
                              .\CortexM3\ARM_GCC_493\Debug\tft.o (DC_Write)
.\CortexM3\ARM_GCC_493\Debug\Processor.a(SPIM_1_IntClock.o)
                              .\CortexM3\ARM_GCC_493\Debug\Processor.a(SPIM_1.o) (SPIM_1_IntClock_Start)
.\CortexM3\ARM_GCC_493\Debug\Processor.a(LCD_1.o)
                              .\CortexM3\ARM_GCC_493\Debug\main.o (LCD_1_WriteControl)
.\CortexM3\ARM_GCC_493\Debug\Processor.a(CyFlash.o)
                              .\CortexM3\ARM_GCC_493\Debug\Processor.a(cyPm.o) (CyFlash_SetWaitCycles)
.\CortexM3\ARM_GCC_493\Debug\Processor.a(CySpc.o)
                              .\CortexM3\ARM_GCC_493\Debug\Processor.a(CyFlash.o) (CySpcStart)
..\..\..\emWinGraphics_v5_46\LinkLibrary\PSoC5\GCC\libemWin_nosnts_cm3_gcc.a(F6x8.o)
                              .\CortexM3\ARM_GCC_493\Debug\GUIConf.o (GUI_Font6x8)
..\..\..\emWinGraphics_v5_46\LinkLibrary\PSoC5\GCC\libemWin_nosnts_cm3_gcc.a(F8x16.o)
                              .\CortexM3\ARM_GCC_493\Debug\main.o (GUI_Font8x16)
..\..\..\emWinGraphics_v5_46\LinkLibrary\PSoC5\GCC\libemWin_nosnts_cm3_gcc.a(GUI_Alloc.o)
                              .\CortexM3\ARM_GCC_493\Debug\GUIConf.o (GUI_ALLOC_AssignMemory)
..\..\..\emWinGraphics_v5_46\LinkLibrary\PSoC5\GCC\libemWin_nosnts_cm3_gcc.a(GUI_CharM.o)
                              ..\..\..\emWinGraphics_v5_46\LinkLibrary\PSoC5\GCC\libemWin_nosnts_cm3_gcc.a(F6x8.o) (GUIMONO_DispChar)
..\..\..\emWinGraphics_v5_46\LinkLibrary\PSoC5\GCC\libemWin_nosnts_cm3_gcc.a(GUI_Common.o)
                              .\CortexM3\ARM_GCC_493\Debug\main.o (GUI_SetFont)
..\..\..\emWinGraphics_v5_46\LinkLibrary\PSoC5\GCC\libemWin_nosnts_cm3_gcc.a(GUI_Core.o)
                              ..\..\..\emWinGraphics_v5_46\LinkLibrary\PSoC5\GCC\libemWin_nosnts_cm3_gcc.a(GUI_Common.o) (GUI__apDevice)
..\..\..\emWinGraphics_v5_46\LinkLibrary\PSoC5\GCC\libemWin_nosnts_cm3_gcc.a(GUI_Device.o)
                              .\CortexM3\ARM_GCC_493\Debug\LCDConf.o (GUI_DEVICE_CreateAndLink)
..\..\..\emWinGraphics_v5_46\LinkLibrary\PSoC5\GCC\libemWin_nosnts_cm3_gcc.a(GUI_DispString.o)
                              ..\..\..\emWinGraphics_v5_46\LinkLibrary\PSoC5\GCC\libemWin_nosnts_cm3_gcc.a(GUI_Common.o) (GUI_DispString)
..\..\..\emWinGraphics_v5_46\LinkLibrary\PSoC5\GCC\libemWin_nosnts_cm3_gcc.a(GUI_DispStringInRectEx.o)
                              ..\..\..\emWinGraphics_v5_46\LinkLibrary\PSoC5\GCC\libemWin_nosnts_cm3_gcc.a(GUI_DispString.o) (GUI_DispStringInRectEx)
..\..\..\emWinGraphics_v5_46\LinkLibrary\PSoC5\GCC\libemWin_nosnts_cm3_gcc.a(GUI_OnKey.o)
                              ..\..\..\emWinGraphics_v5_46\LinkLibrary\PSoC5\GCC\libemWin_nosnts_cm3_gcc.a(GUI_Common.o) (GUI_GetKey)
..\..\..\emWinGraphics_v5_46\LinkLibrary\PSoC5\GCC\libemWin_nosnts_cm3_gcc.a(GUI_UC.o)
                              ..\..\..\emWinGraphics_v5_46\LinkLibrary\PSoC5\GCC\libemWin_nosnts_cm3_gcc.a(GUI_DispString.o) (GUI_UC__GetCharCodeInc)
..\..\..\emWinGraphics_v5_46\LinkLibrary\PSoC5\GCC\libemWin_nosnts_cm3_gcc.a(GUI_UC_EncodeNone.o)
                              ..\..\..\emWinGraphics_v5_46\LinkLibrary\PSoC5\GCC\libemWin_nosnts_cm3_gcc.a(GUI_Core.o) (GUI_UC_None)
..\..\..\emWinGraphics_v5_46\LinkLibrary\PSoC5\GCC\libemWin_nosnts_cm3_gcc.a(GUI_WaitEvent.o)
                              ..\..\..\emWinGraphics_v5_46\LinkLibrary\PSoC5\GCC\libemWin_nosnts_cm3_gcc.a(GUI_OnKey.o) (GUI_SignalEvent)
..\..\..\emWinGraphics_v5_46\LinkLibrary\PSoC5\GCC\libemWin_nosnts_cm3_gcc.a(GUICC_M565.o)
[...]
Memory Configuration

Name             Origin             Length             Attributes
rom              0x00000000         0x00040000         xr
ram              0x1fff8000         0x00010000         xrw
*default*        0x00000000         0xffffffff

Linker script and memory map

LOAD c:/program files (x86)/cypress/psoc creator/3.3/psoc creator/import/gnu/arm/4.9.3/bin/../lib/gcc/arm-none-eabi/4.9.3/armv7-m/crti.o
LOAD c:/program files (x86)/cypress/psoc creator/3.3/psoc creator/import/gnu/arm/4.9.3/bin/../lib/gcc/arm-none-eabi/4.9.3/armv7-m/crtbegin.o
LOAD c:/program files (x86)/cypress/psoc creator/3.3/psoc creator/import/gnu/arm/4.9.3/bin/../lib/gcc/arm-none-eabi/4.9.3/../../../../arm-none-eabi/lib/armv7-m/crt0.o
START GROUP
LOAD .\CortexM3\ARM_GCC_493\Debug\main.o
LOAD .\CortexM3\ARM_GCC_493\Debug\GUI_X.o
LOAD .\CortexM3\ARM_GCC_493\Debug\GUIConf.o
LOAD .\CortexM3\ARM_GCC_493\Debug\LCDConf.o
LOAD .\CortexM3\ARM_GCC_493\Debug\tft.o
LOAD .\CortexM3\ARM_GCC_493\Debug\Cm3Start.o
LOAD .\CortexM3\ARM_GCC_493\Debug\cymetadata.o
LOAD .\CortexM3\ARM_GCC_493\Debug\Processor.a
LOAD C:\Program Files (x86)\Cypress\PSoC Creator\3.3\PSoC Creator\psoc\content\cycomponentlibrary\CyComponentLibrary.cylib\CapSense_CSD_v3_50\Library\CapSenseLibrary_GCC.a
LOAD C:\Program Files (x86)\Cypress\PSoC Creator\3.3\PSoC Creator\psoc\content\cycomponentlibrary\CyComponentLibrary.cylib\CortexM3\ARM_GCC_493\Debug\CyComponentLibrary.a
LOAD c:/program files (x86)/cypress/psoc creator/3.3/psoc creator/import/gnu/arm/4.9.3/bin/../lib/gcc/arm-none-eabi/4.9.3/../../../../arm-none-eabi/lib/armv7-m\libm.a
LOAD ..\..\..\emWinGraphics_v5_46\LinkLibrary\PSoC5\GCC\libemWin_nosnts_cm3_gcc.a
END GROUP
START GROUP
LOAD c:/program files (x86)/cypress/psoc creator/3.3/psoc creator/import/gnu/arm/4.9.3/bin/../lib/gcc/arm-none-eabi/4.9.3/armv7-m\libgcc.a
LOAD c:/program files (x86)/cypress/psoc creator/3.3/psoc creator/import/gnu/arm/4.9.3/bin/../lib/gcc/arm-none-eabi/4.9.3/../../../../arm-none-eabi/lib/armv7-m\libg_nano.a
LOAD c:/program files (x86)/cypress/psoc creator/3.3/psoc creator/import/gnu/arm/4.9.3/bin/../lib/gcc/arm-none-eabi/4.9.3/../../../../arm-none-eabi/lib/armv7-m\libc_nano.a
END GROUP
START GROUP
LOAD c:/program files (x86)/cypress/psoc creator/3.3/psoc creator/import/gnu/arm/4.9.3/bin/../lib/gcc/arm-none-eabi/4.9.3/armv7-m\libgcc.a
LOAD c:/program files (x86)/cypress/psoc creator/3.3/psoc creator/import/gnu/arm/4.9.3/bin/../lib/gcc/arm-none-eabi/4.9.3/../../../../arm-none-eabi/lib/armv7-m\libc_nano.a
END GROUP
LOAD c:/program files (x86)/cypress/psoc creator/3.3/psoc creator/import/gnu/arm/4.9.3/bin/../lib/gcc/arm-none-eabi/4.9.3/armv7-m/crtend.o
LOAD c:/program files (x86)/cypress/psoc creator/3.3/psoc creator/import/gnu/arm/4.9.3/bin/../lib/gcc/arm-none-eabi/4.9.3/armv7-m/crtn.o
START GROUP
LOAD c:/program files (x86)/cypress/psoc creator/3.3/psoc creator/import/gnu/arm/4.9.3/bin/../lib/gcc/arm-none-eabi/4.9.3/armv7-m\libgcc.a
LOAD c:/program files (x86)/cypress/psoc creator/3.3/psoc creator/import/gnu/arm/4.9.3/bin/../lib/gcc/arm-none-eabi/4.9.3/../../../../arm-none-eabi/lib/armv7-m\libc.a
LOAD c:/program files (x86)/cypress/psoc creator/3.3/psoc creator/import/gnu/arm/4.9.3/bin/../lib/gcc/arm-none-eabi/4.9.3/../../../../arm-none-eabi/lib/armv7-m\libnosys.a
END GROUP
                0x00000000                CY_APPL_ORIGIN = 0x0
                0x00000100                CY_FLASH_ROW_SIZE = 0x100
                0x00000020                CY_ECC_ROW_SIZE = 0x20
                0x00000000                CY_EE_IN_BTLDR = 0x0
                0x00000000                CY_APPL_LOADABLE = 0x0
                0x00000800                CY_EE_SIZE = 0x800
                0x00000001                CY_APPL_NUM = 0x1
                0x00000001                CY_APPL_MAX = 0x1
                0x00000040                CY_METADATA_SIZE = 0x40
                0x00000000                CY_APPL_LOADABLE = 0x0
                0x00000000                CY_CHECKSUM_EXCLUDE_SIZE = ALIGN (0x0, CY_FLASH_ROW_SIZE)
                0x1fffabb0                PROVIDE (__cy_heap_start, _end)
                0x00000001                PROVIDE (__cy_region_num, ((__cy_regions_end - __cy_regions) / 0x10))
                0x20008000                PROVIDE (__cy_stack, (ORIGIN (ram) + 0x10000))
                0x20004000                PROVIDE (__cy_heap_end, (__cy_stack - 0x4000))

.cybootloader   0x00000000        0x0
 *(.cybootloader)
                0x00000000                appl1_start = CY_APPL_ORIGIN?CY_APPL_ORIGIN:ALIGN (CY_FLASH_ROW_SIZE)
                0x0001ff00                appl2_start = (appl1_start + ALIGN ((((0x40000 - appl1_start) - (0x2 * CY_FLASH_ROW_SIZE)) / 0x2), CY_FLASH_ROW_SIZE))
                0x00000000                appl_start = (CY_APPL_NUM == 0x1)?appl1_start:appl2_start
                0x00000000                ecc_offset = ((appl_start / CY_FLASH_ROW_SIZE) * CY_ECC_ROW_SIZE)
                0x00000000                ee_offset = (CY_APPL_LOADABLE && ! (CY_EE_IN_BTLDR))?((CY_EE_SIZE / CY_APPL_MAX) * (CY_APPL_NUM - 0x1)):0x0
                0x00000800                ee_size = (CY_APPL_LOADABLE && ! (CY_EE_IN_BTLDR))?(CY_EE_SIZE / CY_APPL_MAX):CY_EE_SIZE
                0x00000000                PROVIDE (CY_ECC_OFFSET, ecc_offset)

.text           0x00000000     0x68a0
 CREATE_OBJECT_SYMBOLS
                0x00000000                PROVIDE (__cy_interrupt_vector, RomVectors)
 *(.romvectors)
 .romvectors    0x00000000       0x10 .\CortexM3\ARM_GCC_493\Debug\Cm3Start.o
                0x00000000                RomVectors
                0x00000001                ASSERT ((. != __cy_interrupt_vector), No interrupt vector)
                0x00000001                ASSERT (CY_APPL_ORIGIN?(SIZEOF (.cybootloader) <= CY_APPL_ORIGIN):0x1, Wrong image location)
                0x00000010                PROVIDE (__cy_reset, Reset)
 *(.text.Reset)
 .text.Reset    0x00000010       0x18 .\CortexM3\ARM_GCC_493\Debug\Cm3Start.o
                0x00000010                Reset
                0x00000001                ASSERT ((. != __cy_reset), No reset code)
 *(.dma_init)
                0x00000001                ASSERT ((((appl_start + .) <= 0x10000) || 0x1), DMA Init must be within the first 64k of flash)
 *(.text .text.* .gnu.linkonce.t.*)
 .text          0x00000028       0x5c c:/program files (x86)/cypress/psoc creator/3.3/psoc creator/import/gnu/arm/4.9.3/bin/../lib/gcc/arm-none-eabi/4.9.3/armv7-m/crtbegin.o
 .text.RX_INT   0x00000084       0xc8 .\CortexM3\ARM_GCC_493\Debug\main.o
                0x00000084                RX_INT
 .text.main     0x0000014c       0x34 .\CortexM3\ARM_GCC_493\Debug\main.o
                0x0000014c                main
 .text.MainTask
                0x00000180       0x1c .\CortexM3\ARM_GCC_493\Debug\main.o
                0x00000180                MainTask
 .text.create_rects
                0x0000019c      0x1b4 .\CortexM3\ARM_GCC_493\Debug\main.o
                0x0000019c                create_rects
 .text.display_stats
                0x00000350       0x50 .\CortexM3\ARM_GCC_493\Debug\main.o
                0x00000350                display_stats
 .text.clear_words
                0x000003a0       0x3c .\CortexM3\ARM_GCC_493\Debug\main.o
                0x000003a0                clear_words
 .text.GUI_X_Init
                0x000003dc        0xc .\CortexM3\ARM_GCC_493\Debug\GUI_X.o
                0x000003dc                GUI_X_Init
 .text.GUI_X_Systick_Intr
                0x000003e8       0x1c .\CortexM3\ARM_GCC_493\Debug\GUI_X.o
                0x000003e8                GUI_X_Systick_Intr
 .text.GUI_X_Systick_Init
                0x00000404       0x48 .\CortexM3\ARM_GCC_493\Debug\GUI_X.o
                0x00000404                GUI_X_Systick_Init
 .text.GUI_X_Config
                0x0000044c       0x20 .\CortexM3\ARM_GCC_493\Debug\GUIConf.o
                0x0000044c                GUI_X_Config
 .text._InitController
                0x0000046c        0xc .\CortexM3\ARM_GCC_493\Debug\LCDConf.o
 .text.LCD_X_Config
                0x00000478       0xb8 .\CortexM3\ARM_GCC_493\Debug\LCDConf.o
                0x00000478                LCD_X_Config
 .text.LCD_X_DisplayDriver
                0x00000530       0x2c .\CortexM3\ARM_GCC_493\Debug\LCDConf.o
                0x00000530                LCD_X_DisplayDriver
 .text.write8_a0
                0x0000055c       0x30 .\CortexM3\ARM_GCC_493\Debug\tft.o
                0x0000055c                write8_a0
 .text.write8_a1
                0x0000058c       0x30 .\CortexM3\ARM_GCC_493\Debug\tft.o
                0x0000058c                write8_a1
 .text.writeM8_a1
                0x000005bc       0x48 .\CortexM3\ARM_GCC_493\Debug\tft.o
                0x000005bc                writeM8_a1
 .text.read8_a1
                0x00000604        0x8 .\CortexM3\ARM_GCC_493\Debug\tft.o
                0x00000604                read8_a1
 .text.readM8_a1
                0x0000060c        0xc .\CortexM3\ARM_GCC_493\Debug\tft.o
                0x0000060c                readM8_a1
 .text.tftStart
                0x00000618       0x3c .\CortexM3\ARM_GCC_493\Debug\tft.o
                0x00000618                tftStart
 .text.IntDefaultHandler
                0x00000654        0x8 .\CortexM3\ARM_GCC_493\Debug\Cm3Start.o
                0x00000654                IntDefaultHandler
 .text.Start_c  0x0000065c       0x98 .\CortexM3\ARM_GCC_493\Debug\Cm3Start.o
                0x0000065c                Start_c
 .text.initialize_psoc
                0x000006f4       0x8c .\CortexM3\ARM_GCC_493\Debug\Cm3Start.o
                0x000006f4                initialize_psoc
 .text.CYMEMZERO
                0x00000780       0x1c .\CortexM3\ARM_GCC_493\Debug\Processor.a(cyfitter_cfg.o)
 .text.CYCONFIGCPY
                0x0000079c       0x1c .\CortexM3\ARM_GCC_493\Debug\Processor.a(cyfitter_cfg.o)
 .text.CyClockStartupError
                0x000007b8        0xc .\CortexM3\ARM_GCC_493\Debug\Processor.a(cyfitter_cfg.o)
 .text.cfg_write_bytes32
                0x000007c4       0x74 .\CortexM3\ARM_GCC_493\Debug\Processor.a(cyfitter_cfg.o)
 .text.ClockSetup
                0x00000838      0x128 .\CortexM3\ARM_GCC_493\Debug\Processor.a(cyfitter_cfg.o)
 .text.AnalogSetDefault
                0x00000960       0x6c .\CortexM3\ARM_GCC_493\Debug\Processor.a(cyfitter_cfg.o)
 .text.cyfitter_cfg
                0x000009cc      0x1c4 .\CortexM3\ARM_GCC_493\Debug\Processor.a(cyfitter_cfg.o)
                0x000009cc                cyfitter_cfg
 .text          0x00000b90       0x20 .\CortexM3\ARM_GCC_493\Debug\Processor.a(CyBootAsmGnu.o)
                0x00000b90                CyDelayCycles
                0x00000ba0                CyEnterCriticalSection
                0x00000ba8                CyExitCriticalSection
 .text.CyHalt   0x00000bb0       0x18 .\CortexM3\ARM_GCC_493\Debug\Processor.a(CyLib.o)
                0x00000bb0                CyHalt
 .text.CyDelay  0x00000bc8       0x44 .\CortexM3\ARM_GCC_493\Debug\Processor.a(CyLib.o)
                0x00000bc8                CyDelay
 .text.CyDelayUs
                0x00000c0c       0x24 .\CortexM3\ARM_GCC_493\Debug\Processor.a(CyLib.o)
                0x00000c0c                CyDelayUs
 .text.CyIntSetSysVector
                0x00000c30       0x4c .\CortexM3\ARM_GCC_493\Debug\Processor.a(CyLib.o)
                0x00000c30                CyIntSetSysVector
 .text.CySysTickStart
                0x00000c7c       0x20 .\CortexM3\ARM_GCC_493\Debug\Processor.a(CyLib.o)
                0x00000c7c                CySysTickStart
 .text.CySysTickInit
                0x00000c9c       0x68 .\CortexM3\ARM_GCC_493\Debug\Processor.a(CyLib.o)
                0x00000c9c                CySysTickInit
 .text.CySysTickEnable
                0x00000d04       0x1c .\CortexM3\ARM_GCC_493\Debug\Processor.a(CyLib.o)
                0x00000d04                CySysTickEnable
 .text.CySysTickEnableInterrupt
                0x00000d20       0x1c .\CortexM3\ARM_GCC_493\Debug\Processor.a(CyLib.o)
                0x00000d20                CySysTickEnableInterrupt
 .text.CySysTickSetReload
                0x00000d3c       0x20 .\CortexM3\ARM_GCC_493\Debug\Processor.a(CyLib.o)
                0x00000d3c                CySysTickSetReload
 .text.CySysTickSetClockSource
                0x00000d5c       0x38 .\CortexM3\ARM_GCC_493\Debug\Processor.a(CyLib.o)
                0x00000d5c                CySysTickSetClockSource
 .text.CySysTickGetCountFlag
                0x00000d94       0x1c .\CortexM3\ARM_GCC_493\Debug\Processor.a(CyLib.o)
                0x00000d94                CySysTickGetCountFlag
 .text.CySysTickClear
                0x00000db0       0x18 .\CortexM3\ARM_GCC_493\Debug\Processor.a(CyLib.o)
                0x00000db0                CySysTickClear
 .text.CySysTickSetCallback
                0x00000dc8       0x30 .\CortexM3\ARM_GCC_493\Debug\Processor.a(CyLib.o)
                0x00000dc8                CySysTickSetCallback
 .text.CySysTickGetCallback
                0x00000df8       0x20 .\CortexM3\ARM_GCC_493\Debug\Processor.a(CyLib.o)
                0x00000df8                CySysTickGetCallback
 .text.CySysTickServiceCallbacks
                0x00000e18       0x44 .\CortexM3\ARM_GCC_493\Debug\Processor.a(CyLib.o)
 .text.UART_Start
                0x00000e5c       0x20 .\CortexM3\ARM_GCC_493\Debug\Processor.a(UART.o)
                0x00000e5c                UART_Start
 .text.UART_Init
                0x00000e7c       0x40 .\CortexM3\ARM_GCC_493\Debug\Processor.a(UART.o)
                0x00000e7c                UART_Init
 .text.UART_Enable
                0x00000ebc       0x5c .\CortexM3\ARM_GCC_493\Debug\Processor.a(UART.o)
                0x00000ebc                UART_Enable
 .text.UART_ReadRxData
                0x00000f18       0x20 .\CortexM3\ARM_GCC_493\Debug\Processor.a(UART.o)
                0x00000f18                UART_ReadRxData
 .text.UART_ClearRxBuffer
                0x00000f38       0x40 .\CortexM3\ARM_GCC_493\Debug\Processor.a(UART.o)
                0x00000f38                UART_ClearRxBuffer
 .text.UART_WriteTxData
                0x00000f78       0x2c .\CortexM3\ARM_GCC_493\Debug\Processor.a(UART.o)
                0x00000f78                UART_WriteTxData
 .text.rx_int_StartEx
                0x00000fa4       0x24 .\CortexM3\ARM_GCC_493\Debug\Processor.a(rx_int.o)
                0x00000fa4                rx_int_StartEx
 .text.rx_int_SetVector
                0x00000fc8       0x24 .\CortexM3\ARM_GCC_493\Debug\Processor.a(rx_int.o)
                0x00000fc8                rx_int_SetVector
 .text.rx_int_SetPriority
                0x00000fec       0x24 .\CortexM3\ARM_GCC_493\Debug\Processor.a(rx_int.o)
                0x00000fec                rx_int_SetPriority
 .text.rx_int_Enable
                0x00001010       0x18 .\CortexM3\ARM_GCC_493\Debug\Processor.a(rx_int.o)
                0x00001010                rx_int_Enable
 .text.rx_int_Disable
                0x00001028       0x18 .\CortexM3\ARM_GCC_493\Debug\Processor.a(rx_int.o)
                0x00001028                rx_int_Disable
 .text.UART_IntClock_Start
                0x00001040       0x34 .\CortexM3\ARM_GCC_493\Debug\Processor.a(UART_IntClock.o)
                0x00001040                UART_IntClock_Start
 .text.LED_1_Write
                0x00001074       0x3c .\CortexM3\ARM_GCC_493\Debug\Processor.a(LED_1.o)
                0x00001074                LED_1_Write
 .text.SPIM_1_Init
                0x000010b0       0x30 .\CortexM3\ARM_GCC_493\Debug\Processor.a(SPIM_1.o)
                0x000010b0                SPIM_1_Init
 .text.SPIM_1_Enable
                0x000010e0       0x64 .\CortexM3\ARM_GCC_493\Debug\Processor.a(SPIM_1.o)
                0x000010e0                SPIM_1_Enable
 .text.SPIM_1_Start
                0x00001144       0x20 .\CortexM3\ARM_GCC_493\Debug\Processor.a(SPIM_1.o)
                0x00001144                SPIM_1_Start
 .text.SPIM_1_EnableTxInt
                0x00001164        0xc .\CortexM3\ARM_GCC_493\Debug\Processor.a(SPIM_1.o)
                0x00001164                SPIM_1_EnableTxInt
 .text.SPIM_1_EnableRxInt
                0x00001170        0xc .\CortexM3\ARM_GCC_493\Debug\Processor.a(SPIM_1.o)
                0x00001170                SPIM_1_EnableRxInt
 .text.SPIM_1_ReadTxStatus
                0x0000117c       0x20 .\CortexM3\ARM_GCC_493\Debug\Processor.a(SPIM_1.o)
                0x0000117c                SPIM_1_ReadTxStatus
 .text.SPIM_1_ReadRxStatus
                0x0000119c       0x20 .\CortexM3\ARM_GCC_493\Debug\Processor.a(SPIM_1.o)
                0x0000119c                SPIM_1_ReadRxStatus
 .text.SPIM_1_WriteTxData
                0x000011bc       0x34 .\CortexM3\ARM_GCC_493\Debug\Processor.a(SPIM_1.o)
                0x000011bc                SPIM_1_WriteTxData
 .text.SPIM_1_ClearFIFO
                0x000011f0       0x5c .\CortexM3\ARM_GCC_493\Debug\Processor.a(SPIM_1.o)
                0x000011f0                SPIM_1_ClearFIFO
 .text.DC_Write
                0x0000124c       0x3c .\CortexM3\ARM_GCC_493\Debug\Processor.a(DC.o)
                0x0000124c                DC_Write
 .text.SPIM_1_IntClock_Start
                0x00001288       0x34 .\CortexM3\ARM_GCC_493\Debug\Processor.a(SPIM_1_IntClock.o)
                0x00001288                SPIM_1_IntClock_Start
 .text.LCD_1_Init
                0x000012bc       0x6c .\CortexM3\ARM_GCC_493\Debug\Processor.a(LCD_1.o)
                0x000012bc                LCD_1_Init
 .text.LCD_1_Enable
                0x00001328       0x18 .\CortexM3\ARM_GCC_493\Debug\Processor.a(LCD_1.o)
                0x00001328                LCD_1_Enable
 .text.LCD_1_Start
                0x00001340       0x20 .\CortexM3\ARM_GCC_493\Debug\Processor.a(LCD_1.o)
                0x00001340                LCD_1_Start
 .text.LCD_1_WriteControl
                0x00001360       0x34 .\CortexM3\ARM_GCC_493\Debug\Processor.a(LCD_1.o)
                0x00001360                LCD_1_WriteControl
 .text.LCD_1_IsReady
                0x00001394      0x178 .\CortexM3\ARM_GCC_493\Debug\Processor.a(LCD_1.o)
                0x00001394                LCD_1_IsReady
 .text.LCD_1_WrCntrlNib
                0x0000150c       0x60 .\CortexM3\ARM_GCC_493\Debug\Processor.a(LCD_1.o)
 .text._PushFreeBlock
                0x0000156c       0x24 ..\..\..\emWinGraphics_v5_46\LinkLibrary\PSoC5\GCC\libemWin_nosnts_cm3_gcc.a(GUI_Alloc.o)
 .text._RemoveFreeBlock
                0x00001590       0x40 ..\..\..\emWinGraphics_v5_46\LinkLibrary\PSoC5\GCC\libemWin_nosnts_cm3_gcc.a(GUI_Alloc.o)
 .text._AddFreeMemory
                0x000015d0       0xa4 ..\..\..\emWinGraphics_v5_46\LinkLibrary\PSoC5\GCC\libemWin_nosnts_cm3_gcc.a(GUI_Alloc.o)
 .text._RemoveHoles
                0x00001674       0x98 ..\..\..\emWinGraphics_v5_46\LinkLibrary\PSoC5\GCC\libemWin_nosnts_cm3_gcc.a(GUI_Alloc.o)
 .text.GUI_ALLOC_FreeFixedBlock
                0x0000170c       0x14 ..\..\..\emWinGraphics_v5_46\LinkLibrary\PSoC5\GCC\libemWin_nosnts_cm3_gcc.a(GUI_Alloc.o)
                0x0000170c                GUI_ALLOC_FreeFixedBlock
 .text.GUI_ALLOC_h2p
                0x00001720       0x14 ..\..\..\emWinGraphics_v5_46\LinkLibrary\PSoC5\GCC\libemWin_nosnts_cm3_gcc.a(GUI_Alloc.o)
                0x00001720                GUI_ALLOC_h2p
 .text.GUI_ALLOC_LockH
                0x00001734       0x1c ..\..\..\emWinGraphics_v5_46\LinkLibrary\PSoC5\GCC\libemWin_nosnts_cm3_gcc.a(GUI_Alloc.o)
                0x00001734                GUI_ALLOC_LockH
 .text.GUI_ALLOC_UnlockH
                0x00001750       0x30 ..\..\..\emWinGraphics_v5_46\LinkLibrary\PSoC5\GCC\libemWin_nosnts_cm3_gcc.a(GUI_Alloc.o)
                0x00001750                GUI_ALLOC_UnlockH
 .text.GUI_ALLOC_AssignMemory
                0x00001780       0x10 ..\..\..\emWinGraphics_v5_46\LinkLibrary\PSoC5\GCC\libemWin_nosnts_cm3_gcc.a(GUI_Alloc.o)
                0x00001780                GUI_ALLOC_AssignMemory
 .text.GUI_ALLOC_Free
                0x00001790       0x28 ..\..\..\emWinGraphics_v5_46\LinkLibrary\PSoC5\GCC\libemWin_nosnts_cm3_gcc.a(GUI_Alloc.o)
                0x00001790                GUI_ALLOC_Free
 .text._EnlargeBlocks
                0x000017b8       0x9c ..\..\..\emWinGraphics_v5_46\LinkLibrary\PSoC5\GCC\libemWin_nosnts_cm3_gcc.a(GUI_Alloc.o)
 .text._InitOnce
                0x00001854       0x6c ..\..\..\emWinGraphics_v5_46\LinkLibrary\PSoC5\GCC\libemWin_nosnts_cm3_gcc.a(GUI_Alloc.o)
 .text.GUI_ALLOC_GetFixedBlock
                0x000018c0       0xa4 ..\..\..\emWinGraphics_v5_46\LinkLibrary\PSoC5\GCC\libemWin_nosnts_cm3_gcc.a(GUI_Alloc.o)
                0x000018c0                GUI_ALLOC_GetFixedBlock
 .text._Alloc   0x00001964       0xf0 ..\..\..\emWinGraphics_v5_46\LinkLibrary\PSoC5\GCC\libemWin_nosnts_cm3_gcc.a(GUI_Alloc.o)
 .text.GUI_ALLOC_AllocNoInit
                0x00001a54        0x8 ..\..\..\emWinGraphics_v5_46\LinkLibrary\PSoC5\GCC\libemWin_nosnts_cm3_gcc.a(GUI_Alloc.o)
                0x00001a54                GUI_ALLOC_AllocNoInit
 .text.GUI_ALLOC_AllocZero
                0x00001a5c       0x30 ..\..\..\emWinGraphics_v5_46\LinkLibrary\PSoC5\GCC\libemWin_nosnts_cm3_gcc.a(GUI_Alloc.o)
                0x00001a5c                GUI_ALLOC_AllocZero
 .text.GUIMONO_DispChar
                0x00001a8c      0x13c ..\..\..\emWinGraphics_v5_46\LinkLibrary\PSoC5\GCC\libemWin_nosnts_cm3_gcc.a(GUI_CharM.o)
                0x00001a8c                GUIMONO_DispChar
 .text.GUIMONO_GetCharDistX
                0x00001bc8       0x18 ..\..\..\emWinGraphics_v5_46\LinkLibrary\PSoC5\GCC\libemWin_nosnts_cm3_gcc.a(GUI_CharM.o)
                0x00001bc8                GUIMONO_GetCharDistX
 .text.GUIMONO_GetFontInfo
                0x00001be0        0x6 ..\..\..\emWinGraphics_v5_46\LinkLibrary\PSoC5\GCC\libemWin_nosnts_cm3_gcc.a(GUI_CharM.o)
                0x00001be0                GUIMONO_GetFontInfo
 .text.GUIMONO_IsInFont
                0x00001be6       0x36 ..\..\..\emWinGraphics_v5_46\LinkLibrary\PSoC5\GCC\libemWin_nosnts_cm3_gcc.a(GUI_CharM.o)
                0x00001be6                GUIMONO_IsInFont
 .text.GUI_CalcColorDist
                0x00001c1c       0x4e ..\..\..\emWinGraphics_v5_46\LinkLibrary\PSoC5\GCC\libemWin_nosnts_cm3_gcc.a(GUI_Common.o)
                0x00001c1c                GUI_CalcColorDist
 .text.GUI_MergeRect
                0x00001c6a       0x56 ..\..\..\emWinGraphics_v5_46\LinkLibrary\PSoC5\GCC\libemWin_nosnts_cm3_gcc.a(GUI_Common.o)
                0x00001c6a                GUI_MergeRect
 .text.GUI_MoveRect
                0x00001cc0       0x20 ..\..\..\emWinGraphics_v5_46\LinkLibrary\PSoC5\GCC\libemWin_nosnts_cm3_gcc.a(GUI_Common.o)
                0x00001cc0                GUI_MoveRect
 .text.GUI_GotoXY
                0x00001ce0       0x10 ..\..\..\emWinGraphics_v5_46\LinkLibrary\PSoC5\GCC\libemWin_nosnts_cm3_gcc.a(GUI_Common.o)
                0x00001ce0                GUI_GotoXY
 .text.GUI_RectsIntersect
                0x00001cf0       0x3a ..\..\..\emWinGraphics_v5_46\LinkLibrary\PSoC5\GCC\libemWin_nosnts_cm3_gcc.a(GUI_Common.o)
                0x00001cf0                GUI_RectsIntersect
 .text.GUI_SelectLCD
                0x00001d2a       0x12 ..\..\..\emWinGraphics_v5_46\LinkLibrary\PSoC5\GCC\libemWin_nosnts_cm3_gcc.a(GUI_Common.o)
                0x00001d2a                GUI_SelectLCD
 .text.GUI_SetBkColor
                0x00001d3c        0x4 ..\..\..\emWinGraphics_v5_46\LinkLibrary\PSoC5\GCC\libemWin_nosnts_cm3_gcc.a(GUI_Common.o)
                0x00001d3c                GUI_SetBkColor
 .text.GUI_SetFont
                0x00001d40       0x14 ..\..\..\emWinGraphics_v5_46\LinkLibrary\PSoC5\GCC\libemWin_nosnts_cm3_gcc.a(GUI_Common.o)
                0x00001d40                GUI_SetFont
 .text.GUI_SetOrg
                0x00001d54       0x38 ..\..\..\emWinGraphics_v5_46\LinkLibrary\PSoC5\GCC\libemWin_nosnts_cm3_gcc.a(GUI_Common.o)
                0x00001d54                GUI_SetOrg
 .text._OnExit  0x00001d8c       0x48 ..\..\..\emWinGraphics_v5_46\LinkLibrary\PSoC5\GCC\libemWin_nosnts_cm3_gcc.a(GUI_Core.o)
 .text.GUI_SetDefaultFont
                0x00001dd4        0xc ..\..\..\emWinGraphics_v5_46\LinkLibrary\PSoC5\GCC\libemWin_nosnts_cm3_gcc.a(GUI_Core.o)
                0x00001dd4                GUI_SetDefaultFont
 .text.GUI_ClearRect
                0x00001de0       0x60 ..\..\..\emWinGraphics_v5_46\LinkLibrary\PSoC5\GCC\libemWin_nosnts_cm3_gcc.a(GUI_Core.o)
                0x00001de0                GUI_ClearRect
 .text.GUI_Clear
                0x00001e40       0x20 ..\..\..\emWinGraphics_v5_46\LinkLibrary\PSoC5\GCC\libemWin_nosnts_cm3_gcc.a(GUI_Core.o)
                0x00001e40                GUI_Clear
 .text.GUI__RegisterExit
                0x00001e60       0x10 ..\..\..\emWinGraphics_v5_46\LinkLibrary\PSoC5\GCC\libemWin_nosnts_cm3_gcc.a(GUI_Core.o)
                0x00001e60                GUI__RegisterExit
 .text.GUI__Config
                0x00001e70       0x30 ..\..\..\emWinGraphics_v5_46\LinkLibrary\PSoC5\GCC\libemWin_nosnts_cm3_gcc.a(GUI_Core.o)
                0x00001e70                GUI__Config
 .text.GUI_Init
                0x00001ea0       0xec ..\..\..\emWinGraphics_v5_46\LinkLibrary\PSoC5\GCC\libemWin_nosnts_cm3_gcc.a(GUI_Core.o)
                0x00001ea0                GUI_Init
 .text.GUI_DEVICE__GetpDriver
                0x00001f8c       0x20 ..\..\..\emWinGraphics_v5_46\LinkLibrary\PSoC5\GCC\libemWin_nosnts_cm3_gcc.a(GUI_Device.o)
                0x00001f8c                GUI_DEVICE__GetpDriver
 .text.GUI_DEVICE_Delete
                0x00001fac        0x4 ..\..\..\emWinGraphics_v5_46\LinkLibrary\PSoC5\GCC\libemWin_nosnts_cm3_gcc.a(GUI_Device.o)
                0x00001fac                GUI_DEVICE_Delete
 .text.GUI_DEVICE_Create
                0x00001fb0       0x48 ..\..\..\emWinGraphics_v5_46\LinkLibrary\PSoC5\GCC\libemWin_nosnts_cm3_gcc.a(GUI_Device.o)
                0x00001fb0                GUI_DEVICE_Create
 .text.GUI_DEVICE_Unlink
                0x00001ff8       0x30 ..\..\..\emWinGraphics_v5_46\LinkLibrary\PSoC5\GCC\libemWin_nosnts_cm3_gcc.a(GUI_Device.o)
                0x00001ff8                GUI_DEVICE_Unlink
 .text.GUI_DEVICE_Link
                0x00002028       0x84 ..\..\..\emWinGraphics_v5_46\LinkLibrary\PSoC5\GCC\libemWin_nosnts_cm3_gcc.a(GUI_Device.o)
                0x00002028                GUI_DEVICE_Link
 .text.GUI_DEVICE_CreateAndLink
                0x000020ac       0x28 ..\..\..\emWinGraphics_v5_46\LinkLibrary\PSoC5\GCC\libemWin_nosnts_cm3_gcc.a(GUI_Device.o)
                0x000020ac                GUI_DEVICE_CreateAndLink
 .text.GUI_WrapGetNumLines
                0x000020d4       0x20 ..\..\..\emWinGraphics_v5_46\LinkLibrary\PSoC5\GCC\libemWin_nosnts_cm3_gcc.a(GUI_DispString.o)
                0x000020d4                GUI_WrapGetNumLines
 .text.GUI_DispStringInRectWrap
                0x000020f4      0x1e8 ..\..\..\emWinGraphics_v5_46\LinkLibrary\PSoC5\GCC\libemWin_nosnts_cm3_gcc.a(GUI_DispString.o)
                0x000020f4                GUI_DispStringInRectWrap
 .text.GUI_StoreKey
                0x000022dc       0x10 ..\..\..\emWinGraphics_v5_46\LinkLibrary\PSoC5\GCC\libemWin_nosnts_cm3_gcc.a(GUI_OnKey.o)
                0x000022dc                GUI_StoreKey
 .text.GUI_UC__GetCharCodeInc
                0x000022ec       0x28 ..\..\..\emWinGraphics_v5_46\LinkLibrary\PSoC5\GCC\libemWin_nosnts_cm3_gcc.a(GUI_UC.o)
                0x000022ec                GUI_UC__GetCharCodeInc
 .text.GUI_UC__NumChars2NumBytes
                0x00002314       0x24 ..\..\..\emWinGraphics_v5_46\LinkLibrary\PSoC5\GCC\libemWin_nosnts_cm3_gcc.a(GUI_UC.o)
                0x00002314                GUI_UC__NumChars2NumBytes
 .text._GetCharCode
                0x00002338        0x4 ..\..\..\emWinGraphics_v5_46\LinkLibrary\PSoC5\GCC\libemWin_nosnts_cm3_gcc.a(GUI_UC_EncodeNone.o)
 .text._GetCharSize
                0x0000233c        0x4 ..\..\..\emWinGraphics_v5_46\LinkLibrary\PSoC5\GCC\libemWin_nosnts_cm3_gcc.a(GUI_UC_EncodeNone.o)
 .text._CalcSizeOfChar
                0x00002340        0x4 ..\..\..\emWinGraphics_v5_46\LinkLibrary\PSoC5\GCC\libemWin_nosnts_cm3_gcc.a(GUI_UC_EncodeNone.o)
 .text._Encode  0x00002344        0x6 ..\..\..\emWinGraphics_v5_46\LinkLibrary\PSoC5\GCC\libemWin_nosnts_cm3_gcc.a(GUI_UC_EncodeNone.o)
 *fill*         0x0000234a        0x2 
 .text.GUI_SignalEvent
                0x0000234c       0x10 ..\..\..\emWinGraphics_v5_46\LinkLibrary\PSoC5\GCC\libemWin_nosnts_cm3_gcc.a(GUI_WaitEvent.o)
                0x0000234c                GUI_SignalEvent
 .text.LCD_Index2Color_M565
                0x0000235c       0x28 ..\..\..\emWinGraphics_v5_46\LinkLibrary\PSoC5\GCC\libemWin_nosnts_cm3_gcc.a(GUICC_M565.o)
                0x0000235c                LCD_Index2Color_M565
 .text._Color2Index_M565
                0x00002384       0x28 ..\..\..\emWinGraphics_v5_46\LinkLibrary\PSoC5\GCC\libemWin_nosnts_cm3_gcc.a(GUICC_M565.o)
 .text._GetIndexMask_M565
                0x000023ac        0x6 ..\..\..\emWinGraphics_v5_46\LinkLibrary\PSoC5\GCC\libemWin_nosnts_cm3_gcc.a(GUICC_M565.o)
 *fill*         0x000023b2        0x2 
 .text._Color2IndexBulk
                0x000023b4       0x5c ..\..\..\emWinGraphics_v5_46\LinkLibrary\PSoC5\GCC\libemWin_nosnts_cm3_gcc.a(GUICC_M565.o)
 .text._Index2ColorBulk
                0x00002410       0x64 ..\..\..\emWinGraphics_v5_46\LinkLibrary\PSoC5\GCC\libemWin_nosnts_cm3_gcc.a(GUICC_M565.o)
 .text._Log2PhysY_X1Y0S0
                0x00002474        0x4 ..\..\..\emWinGraphics_v5_46\LinkLibrary\PSoC5\GCC\libemWin_nosnts_cm3_gcc.a(GUIDRV_FlexColor.o)
 .text._Log2PhysY_X1Y1S0
                0x00002478        0x8 ..\..\..\emWinGraphics_v5_46\LinkLibrary\PSoC5\GCC\libemWin_nosnts_cm3_gcc.a(GUIDRV_FlexColor.o)
 .text._Log2PhysY_X1Y0S1
                0x00002480        0x4 ..\..\..\emWinGraphics_v5_46\LinkLibrary\PSoC5\GCC\libemWin_nosnts_cm3_gcc.a(GUIDRV_FlexColor.o)
 .text._Log2PhysY_X1Y1S1
                0x00002484        0x8 ..\..\..\emWinGraphics_v5_46\LinkLibrary\PSoC5\GCC\libemWin_nosnts_cm3_gcc.a(GUIDRV_FlexColor.o)
 .text._SetPixelIndex
                0x0000248c        0xe ..\..\..\emWinGraphics_v5_46\LinkLibrary\PSoC5\GCC\libemWin_nosnts_cm3_gcc.a(GUIDRV_FlexColor.o)
 .text._GetPixelIndex
                0x0000249a        0x8 ..\..\..\emWinGraphics_v5_46\LinkLibrary\PSoC5\GCC\libemWin_nosnts_cm3_gcc.a(GUIDRV_FlexColor.o)
 .text._XorPixel
                0x000024a2       0x24 ..\..\..\emWinGraphics_v5_46\LinkLibrary\PSoC5\GCC\libemWin_nosnts_cm3_gcc.a(GUIDRV_FlexColor.o)
 .text._DrawHLine
                0x000024c6       0x10 ..\..\..\emWinGraphics_v5_46\LinkLibrary\PSoC5\GCC\libemWin_nosnts_cm3_gcc.a(GUIDRV_FlexColor.o)
 .text._DrawVLine
                0x000024d6       0x12 ..\..\..\emWinGraphics_v5_46\LinkLibrary\PSoC5\GCC\libemWin_nosnts_cm3_gcc.a(GUIDRV_FlexColor.o)
 .text._FillRect
                0x000024e8        0xe ..\..\..\emWinGraphics_v5_46\LinkLibrary\PSoC5\GCC\libemWin_nosnts_cm3_gcc.a(GUIDRV_FlexColor.o)
 .text._DrawBitmap
                0x000024f6        0xe ..\..\..\emWinGraphics_v5_46\LinkLibrary\PSoC5\GCC\libemWin_nosnts_cm3_gcc.a(GUIDRV_FlexColor.o)
 .text._GetDevFunc_SetRect
                0x00002504        0x2 ..\..\..\emWinGraphics_v5_46\LinkLibrary\PSoC5\GCC\libemWin_nosnts_cm3_gcc.a(GUIDRV_FlexColor.o)
 *fill*         0x00002506        0x2 
 .text._GetDevFunc_SetRectOutside
                0x00002508       0x40 ..\..\..\emWinGraphics_v5_46\LinkLibrary\PSoC5\GCC\libemWin_nosnts_cm3_gcc.a(GUIDRV_FlexColor.o)
 .text._ReadPixelCust_16bpp
                0x00002548        0xa ..\..\..\emWinGraphics_v5_46\LinkLibrary\PSoC5\GCC\libemWin_nosnts_cm3_gcc.a(GUIDRV_FlexColor.o)
 .text._ReadPixelCust_18bpp
                0x00002552        0xa ..\..\..\emWinGraphics_v5_46\LinkLibrary\PSoC5\GCC\libemWin_nosnts_cm3_gcc.a(GUIDRV_FlexColor.o)
 .text._ReadRectCust_16bpp
                0x0000255c       0x3a ..\..\..\emWinGraphics_v5_46\LinkLibrary\PSoC5\GCC\libemWin_nosnts_cm3_gcc.a(GUIDRV_FlexColor.o)
 .text._ReadRectCust_18bpp
                0x00002596       0x3a ..\..\..\emWinGraphics_v5_46\LinkLibrary\PSoC5\GCC\libemWin_nosnts_cm3_gcc.a(GUIDRV_FlexColor.o)
 .text._GetDevFunc
                0x000025d0       0x7c ..\..\..\emWinGraphics_v5_46\LinkLibrary\PSoC5\GCC\libemWin_nosnts_cm3_gcc.a(GUIDRV_FlexColor.o)
 .text._GetDevProp
                0x0000264c       0x5a ..\..\..\emWinGraphics_v5_46\LinkLibrary\PSoC5\GCC\libemWin_nosnts_cm3_gcc.a(GUIDRV_FlexColor.o)
 .text._GetDevData
                0x000026a6        0xc ..\..\..\emWinGraphics_v5_46\LinkLibrary\PSoC5\GCC\libemWin_nosnts_cm3_gcc.a(GUIDRV_FlexColor.o)
 .text._GetRect
                0x000026b2       0x16 ..\..\..\emWinGraphics_v5_46\LinkLibrary\PSoC5\GCC\libemWin_nosnts_cm3_gcc.a(GUIDRV_FlexColor.o)
 .text.GUIDRV_FlexColor__SetLog2Phys
                0x000026c8       0x48 ..\..\..\emWinGraphics_v5_46\LinkLibrary\PSoC5\GCC\libemWin_nosnts_cm3_gcc.a(GUIDRV_FlexColor.o)
                0x000026c8                GUIDRV_FlexColor__SetLog2Phys
 .text._SetOrg  0x00002710       0x16 ..\..\..\emWinGraphics_v5_46\LinkLibrary\PSoC5\GCC\libemWin_nosnts_cm3_gcc.a(GUIDRV_FlexColor.o)
 .text._Log2PhysY_X0Y0S1
                0x00002726        0x4 ..\..\..\emWinGraphics_v5_46\LinkLibrary\PSoC5\GCC\libemWin_nosnts_cm3_gcc.a(GUIDRV_FlexColor.o)
 .text._Log2PhysX_X0Y0S0
                0x0000272a        0x4 ..\..\..\emWinGraphics_v5_46\LinkLibrary\PSoC5\GCC\libemWin_nosnts_cm3_gcc.a(GUIDRV_FlexColor.o)
 .text._Log2PhysX_X0Y1S0
                0x0000272e        0x4 ..\..\..\emWinGraphics_v5_46\LinkLibrary\PSoC5\GCC\libemWin_nosnts_cm3_gcc.a(GUIDRV_FlexColor.o)
 .text._Log2PhysX_X0Y0S1
                0x00002732        0x4 ..\..\..\emWinGraphics_v5_46\LinkLibrary\PSoC5\GCC\libemWin_nosnts_cm3_gcc.a(GUIDRV_FlexColor.o)
 .text._Log2PhysX_X0Y1S1
                0x00002736        0x4 ..\..\..\emWinGraphics_v5_46\LinkLibrary\PSoC5\GCC\libemWin_nosnts_cm3_gcc.a(GUIDRV_FlexColor.o)
 .text._Log2PhysY_X0Y0S0
                0x0000273a        0x4 ..\..\..\emWinGraphics_v5_46\LinkLibrary\PSoC5\GCC\libemWin_nosnts_cm3_gcc.a(GUIDRV_FlexColor.o)
 .text._Log2PhysY_X0Y1S0
                0x0000273e        0x8 ..\..\..\emWinGraphics_v5_46\LinkLibrary\PSoC5\GCC\libemWin_nosnts_cm3_gcc.a(GUIDRV_FlexColor.o)
 .text._Log2PhysX_X1Y0S0
                0x00002746        0x8 ..\..\..\emWinGraphics_v5_46\LinkLibrary\PSoC5\GCC\libemWin_nosnts_cm3_gcc.a(GUIDRV_FlexColor.o)
 .text._Log2PhysX_X1Y1S0
                0x0000274e        0x8 ..\..\..\emWinGraphics_v5_46\LinkLibrary\PSoC5\GCC\libemWin_nosnts_cm3_gcc.a(GUIDRV_FlexColor.o)
 .text._Log2PhysX_X1Y0S1
                0x00002756        0x8 ..\..\..\emWinGraphics_v5_46\LinkLibrary\PSoC5\GCC\libemWin_nosnts_cm3_gcc.a(GUIDRV_FlexColor.o)
 .text._Log2PhysX_X1Y1S1
                0x0000275e        0x8 ..\..\..\emWinGraphics_v5_46\LinkLibrary\PSoC5\GCC\libemWin_nosnts_cm3_gcc.a(GUIDRV_FlexColor.o)
 .text._Log2PhysY_X0Y1S1
                0x00002766        0x8 ..\..\..\emWinGraphics_v5_46\LinkLibrary\PSoC5\GCC\libemWin_nosnts_cm3_gcc.a(GUIDRV_FlexColor.o)
 .text.GUIDRV_FlexColor__SetPixelIndexNoCache
                0x0000276e       0x88 ..\..\..\emWinGraphics_v5_46\LinkLibrary\PSoC5\GCC\libemWin_nosnts_cm3_gcc.a(GUIDRV_FlexColor.o)
                0x0000276e                GUIDRV_FlexColor__SetPixelIndexNoCache
 .text.GUIDRV_FlexColor__GetPixelIndexNoCache
                0x000027f6       0xb2 ..\..\..\emWinGraphics_v5_46\LinkLibrary\PSoC5\GCC\libemWin_nosnts_cm3_gcc.a(GUIDRV_FlexColor.o)
                0x000027f6                GUIDRV_FlexColor__GetPixelIndexNoCache
 .text.GUIDRV_FlexColor__InitOnce
                0x000028a8       0x3c ..\..\..\emWinGraphics_v5_46\LinkLibrary\PSoC5\GCC\libemWin_nosnts_cm3_gcc.a(GUIDRV_FlexColor.o)
                0x000028a8                GUIDRV_FlexColor__InitOnce
 .text._SetDevFunc
                0x000028e4       0x9c ..\..\..\emWinGraphics_v5_46\LinkLibrary\PSoC5\GCC\libemWin_nosnts_cm3_gcc.a(GUIDRV_FlexColor.o)
 .text._GetDevFunc_Init
                0x00002980       0x5a ..\..\..\emWinGraphics_v5_46\LinkLibrary\PSoC5\GCC\libemWin_nosnts_cm3_gcc.a(GUIDRV_FlexColor.o)
 .text._GetDevFunc_SetSize
                0x000029da       0x14 ..\..\..\emWinGraphics_v5_46\LinkLibrary\PSoC5\GCC\libemWin_nosnts_cm3_gcc.a(GUIDRV_FlexColor.o)
 .text._GetDevFunc_SetVSize
                0x000029ee       0x14 ..\..\..\emWinGraphics_v5_46\LinkLibrary\PSoC5\GCC\libemWin_nosnts_cm3_gcc.a(GUIDRV_FlexColor.o)
 .text._GetDevFunc_Off
                0x00002a02       0x16 ..\..\..\emWinGraphics_v5_46\LinkLibrary\PSoC5\GCC\libemWin_nosnts_cm3_gcc.a(GUIDRV_FlexColor.o)
 .text._GetDevFunc_On
                0x00002a18       0x16 ..\..\..\emWinGraphics_v5_46\LinkLibrary\PSoC5\GCC\libemWin_nosnts_cm3_gcc.a(GUIDRV_FlexColor.o)
 .text.GUIDRV_FlexColor_Config
                0x00002a2e       0x3c ..\..\..\emWinGraphics_v5_46\LinkLibrary\PSoC5\GCC\libemWin_nosnts_cm3_gcc.a(GUIDRV_FlexColor.o)
                0x00002a2e                GUIDRV_FlexColor_Config
 .text.GUIDRV_FlexColor_SetFunc
                0x00002a6a       0x32 ..\..\..\emWinGraphics_v5_46\LinkLibrary\PSoC5\GCC\libemWin_nosnts_cm3_gcc.a(GUIDRV_FlexColor.o)
                0x00002a6a                GUIDRV_FlexColor_SetFunc
 .text._WriteU16_A1
                0x00002a9c       0x14 ..\..\..\emWinGraphics_v5_46\LinkLibrary\PSoC5\GCC\libemWin_nosnts_cm3_gcc.a(GUIDRV_FlexColor_16bpp_C0B8.o)
 .text._WriteDataMP
                0x00002ab0       0x4e ..\..\..\emWinGraphics_v5_46\LinkLibrary\PSoC5\GCC\libemWin_nosnts_cm3_gcc.a(GUIDRV_FlexColor_16bpp_C0B8.o)
 .text._ReadData
                0x00002afe        0xa ..\..\..\emWinGraphics_v5_46\LinkLibrary\PSoC5\GCC\libemWin_nosnts_cm3_gcc.a(GUIDRV_FlexColor_16bpp_C0B8.o)
 .text._WriteData
                0x00002b08        0x6 ..\..\..\emWinGraphics_v5_46\LinkLibrary\PSoC5\GCC\libemWin_nosnts_cm3_gcc.a(GUIDRV_FlexColor_16bpp_C0B8.o)
 *fill*         0x00002b0e        0x2 
 .text._FillRect
                0x00002b10      0x104 ..\..\..\emWinGraphics_v5_46\LinkLibrary\PSoC5\GCC\libemWin_nosnts_cm3_gcc.a(GUIDRV_FlexColor_16bpp_C0B8.o)
 .text._DrawBitmap
                0x00002c14      0x528 ..\..\..\emWinGraphics_v5_46\LinkLibrary\PSoC5\GCC\libemWin_nosnts_cm3_gcc.a(GUIDRV_FlexColor_16bpp_C0B8.o)
 .text.GUIDRV_FlexColor_SetMode16bppC0B8
                0x0000313c       0x68 ..\..\..\emWinGraphics_v5_46\LinkLibrary\PSoC5\GCC\libemWin_nosnts_cm3_gcc.a(GUIDRV_FlexColor_16bpp_C0B8.o)
                0x0000313c                GUIDRV_FlexColor_SetMode16bppC0B8
 .text._SetPhysRAMAddr
                0x000031a4       0xa6 ..\..\..\emWinGraphics_v5_46\LinkLibrary\PSoC5\GCC\libemWin_nosnts_cm3_gcc.a(GUIDRV_FlexColor_Func66709.o)
 .text._SetRect
                0x0000324a       0xa6 ..\..\..\emWinGraphics_v5_46\LinkLibrary\PSoC5\GCC\libemWin_nosnts_cm3_gcc.a(GUIDRV_FlexColor_Func66709.o)
 .text._SetOrientation
                0x000032f0       0x40 ..\..\..\emWinGraphics_v5_46\LinkLibrary\PSoC5\GCC\libemWin_nosnts_cm3_gcc.a(GUIDRV_FlexColor_Func66709.o)
 .text._ReadPixel_16bpp_B8
                0x00003330       0x38 ..\..\..\emWinGraphics_v5_46\LinkLibrary\PSoC5\GCC\libemWin_nosnts_cm3_gcc.a(GUIDRV_FlexColor_Func66709.o)
 .text._ReadPixel_16bpp_B16_I
                0x00003368       0x3c ..\..\..\emWinGraphics_v5_46\LinkLibrary\PSoC5\GCC\libemWin_nosnts_cm3_gcc.a(GUIDRV_FlexColor_Func66709.o)
 .text._SetReg_B8
                0x000033a4       0x1a ..\..\..\emWinGraphics_v5_46\LinkLibrary\PSoC5\GCC\libemWin_nosnts_cm3_gcc.a(GUIDRV_FlexColor_Func66709.o)
 .text._SetReg_B16
                0x000033be        0x8 ..\..\..\emWinGraphics_v5_46\LinkLibrary\PSoC5\GCC\libemWin_nosnts_cm3_gcc.a(GUIDRV_FlexColor_Func66709.o)
 .text._WritePara_B8
                0x000033c6        0x8 ..\..\..\emWinGraphics_v5_46\LinkLibrary\PSoC5\GCC\libemWin_nosnts_cm3_gcc.a(GUIDRV_FlexColor_Func66709.o)
 .text._WritePara_B16
                0x000033ce        0x8 ..\..\..\emWinGraphics_v5_46\LinkLibrary\PSoC5\GCC\libemWin_nosnts_cm3_gcc.a(GUIDRV_FlexColor_Func66709.o)
 *fill*         0x000033d6        0x2 
 .text._SetInterface
                0x000033d8       0x34 ..\..\..\emWinGraphics_v5_46\LinkLibrary\PSoC5\GCC\libemWin_nosnts_cm3_gcc.a(GUIDRV_FlexColor_Func66709.o)
 .text._ReadRect_16bpp_B8
                0x0000340c       0x66 ..\..\..\emWinGraphics_v5_46\LinkLibrary\PSoC5\GCC\libemWin_nosnts_cm3_gcc.a(GUIDRV_FlexColor_Func66709.o)
 .text._ReadRect_16bpp_B16_I
                0x00003472       0x6a ..\..\..\emWinGraphics_v5_46\LinkLibrary\PSoC5\GCC\libemWin_nosnts_cm3_gcc.a(GUIDRV_FlexColor_Func66709.o)
 .text.GUIDRV_FlexColor_SetFunc66709
                0x000034dc       0x6c ..\..\..\emWinGraphics_v5_46\LinkLibrary\PSoC5\GCC\libemWin_nosnts_cm3_gcc.a(GUIDRV_FlexColor_Func66709.o)
                0x000034dc                GUIDRV_FlexColor_SetFunc66709
 .text._SetDrawMode
                0x00003548       0x28 ..\..\..\emWinGraphics_v5_46\LinkLibrary\PSoC5\GCC\libemWin_nosnts_cm3_gcc.a(LCD.o)
 .text.LCD_SetDrawMode
                0x00003570        0xc ..\..\..\emWinGraphics_v5_46\LinkLibrary\PSoC5\GCC\libemWin_nosnts_cm3_gcc.a(LCD.o)
                0x00003570                LCD_SetDrawMode
 .text.LCD_DrawPixel
                0x0000357c       0x60 ..\..\..\emWinGraphics_v5_46\LinkLibrary\PSoC5\GCC\libemWin_nosnts_cm3_gcc.a(LCD.o)
                0x0000357c                LCD_DrawPixel
 .text.LCD_DrawHLine
                0x000035dc       0x50 ..\..\..\emWinGraphics_v5_46\LinkLibrary\PSoC5\GCC\libemWin_nosnts_cm3_gcc.a(LCD.o)
                0x000035dc                LCD_DrawHLine
 .text.LCD_FillRect
                0x0000362c       0x58 ..\..\..\emWinGraphics_v5_46\LinkLibrary\PSoC5\GCC\libemWin_nosnts_cm3_gcc.a(LCD.o)
                0x0000362c                LCD_FillRect
 .text.LCD__DrawBitmap_1bpp
                0x00003684      0x1d8 ..\..\..\emWinGraphics_v5_46\LinkLibrary\PSoC5\GCC\libemWin_nosnts_cm3_gcc.a(LCD.o)
                0x00003684                LCD__DrawBitmap_1bpp
 .text.LCD_DrawBitmap
                0x0000385c      0x224 ..\..\..\emWinGraphics_v5_46\LinkLibrary\PSoC5\GCC\libemWin_nosnts_cm3_gcc.a(LCD.o)
                0x0000385c                LCD_DrawBitmap
 .text.LCD_SetClipRectMax
                0x00003a80       0x1c ..\..\..\emWinGraphics_v5_46\LinkLibrary\PSoC5\GCC\libemWin_nosnts_cm3_gcc.a(LCD.o)
                0x00003a80                LCD_SetClipRectMax
 .text.LCD_Init
                0x00003a9c       0x90 ..\..\..\emWinGraphics_v5_46\LinkLibrary\PSoC5\GCC\libemWin_nosnts_cm3_gcc.a(LCD.o)
                0x00003a9c                LCD_Init
 .text.LCD_Color2Index
                0x00003b2c       0x1c ..\..\..\emWinGraphics_v5_46\LinkLibrary\PSoC5\GCC\libemWin_nosnts_cm3_gcc.a(LCD.o)
                0x00003b2c                LCD_Color2Index
 .text.LCD_Index2Color
                0x00003b48       0x1c ..\..\..\emWinGraphics_v5_46\LinkLibrary\PSoC5\GCC\libemWin_nosnts_cm3_gcc.a(LCD.o)
                0x00003b48                LCD_Index2Color
 .text.LCD_SetColorIndex
                0x00003b64       0x18 ..\..\..\emWinGraphics_v5_46\LinkLibrary\PSoC5\GCC\libemWin_nosnts_cm3_gcc.a(LCD.o)
                0x00003b64                LCD_SetColorIndex
 .text._SetColor
                0x00003b7c       0x20 ..\..\..\emWinGraphics_v5_46\LinkLibrary\PSoC5\GCC\libemWin_nosnts_cm3_gcc.a(LCD.o)
 .text.LCD_SetBkColorIndex
                0x00003b9c       0x18 ..\..\..\emWinGraphics_v5_46\LinkLibrary\PSoC5\GCC\libemWin_nosnts_cm3_gcc.a(LCD.o)
                0x00003b9c                LCD_SetBkColorIndex
 .text._SetBkColor
                0x00003bb4       0x20 ..\..\..\emWinGraphics_v5_46\LinkLibrary\PSoC5\GCC\libemWin_nosnts_cm3_gcc.a(LCD.o)
 .text.LCD_SetBkColor
                0x00003bd4        0xc ..\..\..\emWinGraphics_v5_46\LinkLibrary\PSoC5\GCC\libemWin_nosnts_cm3_gcc.a(LCD.o)
                0x00003bd4                LCD_SetBkColor
 .text.LCD_SetColor
                0x00003be0        0xc ..\..\..\emWinGraphics_v5_46\LinkLibrary\PSoC5\GCC\libemWin_nosnts_cm3_gcc.a(LCD.o)
                0x00003be0                LCD_SetColor
 .text._OnExit  0x00003bec       0x1c ..\..\..\emWinGraphics_v5_46\LinkLibrary\PSoC5\GCC\libemWin_nosnts_cm3_gcc.a(LCD_Color.o)
 .text.LCD_InitColors
                0x00003c08       0x3c ..\..\..\emWinGraphics_v5_46\LinkLibrary\PSoC5\GCC\libemWin_nosnts_cm3_gcc.a(LCD_Color.o)
                0x00003c08                LCD_InitColors
 .text.LCD_GetpPalConvTableUncached
                0x00003c44       0x6c ..\..\..\emWinGraphics_v5_46\LinkLibrary\PSoC5\GCC\libemWin_nosnts_cm3_gcc.a(LCD_Color.o)
                0x00003c44                LCD_GetpPalConvTableUncached
 .text.LCD_GetpPalConvTableBM
                0x00003cb0        0x4 ..\..\..\emWinGraphics_v5_46\LinkLibrary\PSoC5\GCC\libemWin_nosnts_cm3_gcc.a(LCD_Color.o)
                0x00003cb0                LCD_GetpPalConvTableBM
 .text.LCD_InitLUT
                0x00003cb4       0x88 ..\..\..\emWinGraphics_v5_46\LinkLibrary\PSoC5\GCC\libemWin_nosnts_cm3_gcc.a(LCD_Color.o)
                0x00003cb4                LCD_InitLUT
 .text._GetDevProp.part.0
                0x00003d3c       0x18 ..\..\..\emWinGraphics_v5_46\LinkLibrary\PSoC5\GCC\libemWin_nosnts_cm3_gcc.a(LCD_GetEx.o)
 .text._GetDevProp
                0x00003d54        0xc ..\..\..\emWinGraphics_v5_46\LinkLibrary\PSoC5\GCC\libemWin_nosnts_cm3_gcc.a(LCD_GetEx.o)
 .text._GetMaxValue
                0x00003d60       0x10 ..\..\..\emWinGraphics_v5_46\LinkLibrary\PSoC5\GCC\libemWin_nosnts_cm3_gcc.a(LCD_GetEx.o)
 .text.LCD_GetBitsPerPixelEx
                0x00003d70        0x6 ..\..\..\emWinGraphics_v5_46\LinkLibrary\PSoC5\GCC\libemWin_nosnts_cm3_gcc.a(LCD_GetEx.o)
                0x00003d70                LCD_GetBitsPerPixelEx
 .text.LCD_GetNumColorsEx
                0x00003d76        0x6 ..\..\..\emWinGraphics_v5_46\LinkLibrary\PSoC5\GCC\libemWin_nosnts_cm3_gcc.a(LCD_GetEx.o)
                0x00003d76                LCD_GetNumColorsEx
 .text.LCD_GetNumColors
                0x00003d7c       0x10 ..\..\..\emWinGraphics_v5_46\LinkLibrary\PSoC5\GCC\libemWin_nosnts_cm3_gcc.a(LCD_GetEx.o)
                0x00003d7c                LCD_GetNumColors
 .text.GUI_GetBitsPerPixelEx
                0x00003d8c       0x14 ..\..\..\emWinGraphics_v5_46\LinkLibrary\PSoC5\GCC\libemWin_nosnts_cm3_gcc.a(LCD_GetEx.o)
                0x00003d8c                GUI_GetBitsPerPixelEx
 .text.LCD_GetPaletteEx
                0x00003da0       0x16 ..\..\..\emWinGraphics_v5_46\LinkLibrary\PSoC5\GCC\libemWin_nosnts_cm3_gcc.a(LCD_GetEx.o)
                0x00003da0                LCD_GetPaletteEx
 *fill*         0x00003db6        0x2 
 .text.LCD_GetPalette
                0x00003db8       0x10 ..\..\..\emWinGraphics_v5_46\LinkLibrary\PSoC5\GCC\libemWin_nosnts_cm3_gcc.a(LCD_GetEx.o)
                0x00003db8                LCD_GetPalette
 .text.GUI_GetpfIndex2ColorEx
                0x00003dc8       0x10 ..\..\..\emWinGraphics_v5_46\LinkLibrary\PSoC5\GCC\libemWin_nosnts_cm3_gcc.a(LCD_GetEx.o)
                0x00003dc8                GUI_GetpfIndex2ColorEx
 .text.GUI_GetpfColor2IndexEx
                0x00003dd8       0x10 ..\..\..\emWinGraphics_v5_46\LinkLibrary\PSoC5\GCC\libemWin_nosnts_cm3_gcc.a(LCD_GetEx.o)
                0x00003dd8                GUI_GetpfColor2IndexEx
 .text.LCD_GetXSizeMax
                0x00003de8        0x6 ..\..\..\emWinGraphics_v5_46\LinkLibrary\PSoC5\GCC\libemWin_nosnts_cm3_gcc.a(LCD_GetEx.o)
                0x00003de8                LCD_GetXSizeMax
 .text.LCD_GetYSizeMax
                0x00003dee        0x6 ..\..\..\emWinGraphics_v5_46\LinkLibrary\PSoC5\GCC\libemWin_nosnts_cm3_gcc.a(LCD_GetEx.o)
                0x00003dee                LCD_GetYSizeMax
 .text.LCD_SetDisplaySize
                0x00003df4        0xc ..\..\..\emWinGraphics_v5_46\LinkLibrary\PSoC5\GCC\libemWin_nosnts_cm3_gcc.a(LCD_GetEx.o)
                0x00003df4                LCD_SetDisplaySize
 .text.LCD_GetXSizeDisplay
                0x00003e00        0xc ..\..\..\emWinGraphics_v5_46\LinkLibrary\PSoC5\GCC\libemWin_nosnts_cm3_gcc.a(LCD_GetEx.o)
                0x00003e00                LCD_GetXSizeDisplay
 .text.LCD_GetYSizeDisplay
                0x00003e0c        0xc ..\..\..\emWinGraphics_v5_46\LinkLibrary\PSoC5\GCC\libemWin_nosnts_cm3_gcc.a(LCD_GetEx.o)
                0x00003e0c                LCD_GetYSizeDisplay
 .text.LCD__GetBPP
                0x00003e18       0x7e ..\..\..\emWinGraphics_v5_46\LinkLibrary\PSoC5\GCC\libemWin_nosnts_cm3_gcc.a(LCD_GetEx.o)
                0x00003e18                LCD__GetBPP
 .text.LCD__GetBPPDevice
                0x00003e96       0x2c ..\..\..\emWinGraphics_v5_46\LinkLibrary\PSoC5\GCC\libemWin_nosnts_cm3_gcc.a(LCD_GetEx.o)
                0x00003e96                LCD__GetBPPDevice
 .text.LCD_GetNumLayers
                0x00003ec2       0x10 ..\..\..\emWinGraphics_v5_46\LinkLibrary\PSoC5\GCC\libemWin_nosnts_cm3_gcc.a(LCD_GetNumDisplays.o)
                0x00003ec2                LCD_GetNumLayers
 *fill*         0x00003ed2        0x2 
 .text.LCD_SelectLCD
                0x00003ed4       0x40 ..\..\..\emWinGraphics_v5_46\LinkLibrary\PSoC5\GCC\libemWin_nosnts_cm3_gcc.a(LCD_SelectLCD.o)
                0x00003ed4                LCD_SelectLCD
 .text.LCD_SetLUTEntryEx
                0x00003f14       0x30 ..\..\..\emWinGraphics_v5_46\LinkLibrary\PSoC5\GCC\libemWin_nosnts_cm3_gcc.a(LCD_Set.o)
                0x00003f14                LCD_SetLUTEntryEx
 .text.LCD_SetSizeEx
                0x00003f44       0x30 ..\..\..\emWinGraphics_v5_46\LinkLibrary\PSoC5\GCC\libemWin_nosnts_cm3_gcc.a(LCD_Set.o)
                0x00003f44                LCD_SetSizeEx
 .text.LCD_SetVSizeEx
                0x00003f74       0x30 ..\..\..\emWinGraphics_v5_46\LinkLibrary\PSoC5\GCC\libemWin_nosnts_cm3_gcc.a(LCD_Set.o)
                0x00003f74                LCD_SetVSizeEx
 .text.LCD_UpdateColorIndices
                0x00003fa4       0x24 ..\..\..\emWinGraphics_v5_46\LinkLibrary\PSoC5\GCC\libemWin_nosnts_cm3_gcc.a(LCD_UpdateColorIndices.o)
                0x00003fa4                LCD_UpdateColorIndices
 .text._OnExit  0x00003fc8       0x88 ..\..\..\emWinGraphics_v5_46\LinkLibrary\PSoC5\GCC\libemWin_nosnts_cm3_gcc.a(WM.o)
 .text._Findy1  0x00004050       0xa6 ..\..\..\emWinGraphics_v5_46\LinkLibrary\PSoC5\GCC\libemWin_nosnts_cm3_gcc.a(WM.o)
 .text._Findx0  0x000040f6       0x86 ..\..\..\emWinGraphics_v5_46\LinkLibrary\PSoC5\GCC\libemWin_nosnts_cm3_gcc.a(WM.o)
 .text._Findx1  0x0000417c       0x72 ..\..\..\emWinGraphics_v5_46\LinkLibrary\PSoC5\GCC\libemWin_nosnts_cm3_gcc.a(WM.o)
 *fill*         0x000041ee        0x2 
 .text.WM__ClipAtParentBorders
                0x000041f0       0x50 ..\..\..\emWinGraphics_v5_46\LinkLibrary\PSoC5\GCC\libemWin_nosnts_cm3_gcc.a(WM.o)
                0x000041f0                WM__ClipAtParentBorders
 .text.WM__InsertWindowIntoList
                0x00004240       0xac ..\..\..\emWinGraphics_v5_46\LinkLibrary\PSoC5\GCC\libemWin_nosnts_cm3_gcc.a(WM.o)
                0x00004240                WM__InsertWindowIntoList
 .text.WM__Client2Screen
                0x000042ec       0x10 ..\..\..\emWinGraphics_v5_46\LinkLibrary\PSoC5\GCC\libemWin_nosnts_cm3_gcc.a(WM.o)
                0x000042ec                WM__Client2Screen
 .text._SetClipRectUserIntersect
                0x000042fc       0x50 ..\..\..\emWinGraphics_v5_46\LinkLibrary\PSoC5\GCC\libemWin_nosnts_cm3_gcc.a(WM.o)
 .text.WM__ActivateClipRect
                0x0000434c       0x48 ..\..\..\emWinGraphics_v5_46\LinkLibrary\PSoC5\GCC\libemWin_nosnts_cm3_gcc.a(WM.o)
                0x0000434c                WM__ActivateClipRect
 .text.WM__InvalidateDrawAndDescs
                0x00004394       0x50 ..\..\..\emWinGraphics_v5_46\LinkLibrary\PSoC5\GCC\libemWin_nosnts_cm3_gcc.a(WM.o)
                0x00004394                WM__InvalidateDrawAndDescs
 .text.WM__RectIsNZ
                0x000043e4       0x22 ..\..\..\emWinGraphics_v5_46\LinkLibrary\PSoC5\GCC\libemWin_nosnts_cm3_gcc.a(WM.o)
                0x000043e4                WM__RectIsNZ
 *fill*         0x00004406        0x2 
 .text._Invalidate1Abs
                0x00004408       0x84 ..\..\..\emWinGraphics_v5_46\LinkLibrary\PSoC5\GCC\libemWin_nosnts_cm3_gcc.a(WM.o)
 .text.WM__Invalidate1Abs
                0x0000448c        0x6 ..\..\..\emWinGraphics_v5_46\LinkLibrary\PSoC5\GCC\libemWin_nosnts_cm3_gcc.a(WM.o)
                0x0000448c                WM__Invalidate1Abs
 .text.WM_InvalidateWindowAndDescsEx
                0x00004492       0x64 ..\..\..\emWinGraphics_v5_46\LinkLibrary\PSoC5\GCC\libemWin_nosnts_cm3_gcc.a(WM.o)
                0x00004492                WM_InvalidateWindowAndDescsEx
 .text.WM__InvalidateRect
                0x000044f6       0x76 ..\..\..\emWinGraphics_v5_46\LinkLibrary\PSoC5\GCC\libemWin_nosnts_cm3_gcc.a(WM.o)
                0x000044f6                WM__InvalidateRect
 .text.WM__InvalidateRectEx
                0x0000456c        0x6 ..\..\..\emWinGraphics_v5_46\LinkLibrary\PSoC5\GCC\libemWin_nosnts_cm3_gcc.a(WM.o)
                0x0000456c                WM__InvalidateRectEx
 .text.WM__SendMsgNoData
                0x00004572       0x16 ..\..\..\emWinGraphics_v5_46\LinkLibrary\PSoC5\GCC\libemWin_nosnts_cm3_gcc.a(WM.o)
                0x00004572                WM__SendMsgNoData
 .text.WM__GetClientRectWin
                0x00004588       0x18 ..\..\..\emWinGraphics_v5_46\LinkLibrary\PSoC5\GCC\libemWin_nosnts_cm3_gcc.a(WM.o)
                0x00004588                WM__GetClientRectWin
 .text.WM_InvalidateRect
                0x000045a0       0x78 ..\..\..\emWinGraphics_v5_46\LinkLibrary\PSoC5\GCC\libemWin_nosnts_cm3_gcc.a(WM.o)
                0x000045a0                WM_InvalidateRect
 .text.WM_InvalidateWindow
                0x00004618        0x6 ..\..\..\emWinGraphics_v5_46\LinkLibrary\PSoC5\GCC\libemWin_nosnts_cm3_gcc.a(WM.o)
                0x00004618                WM_InvalidateWindow
 *fill*         0x0000461e        0x2 
 .text.WM_SelectWindow
                0x00004620       0x38 ..\..\..\emWinGraphics_v5_46\LinkLibrary\PSoC5\GCC\libemWin_nosnts_cm3_gcc.a(WM.o)
                0x00004620                WM_SelectWindow
 .text.WM_CreateWindowAsChild
                0x00004658      0x154 ..\..\..\emWinGraphics_v5_46\LinkLibrary\PSoC5\GCC\libemWin_nosnts_cm3_gcc.a(WM.o)
                0x00004658                WM_CreateWindowAsChild
 .text.WM_CreateWindow
                0x000047ac       0x1a ..\..\..\emWinGraphics_v5_46\LinkLibrary\PSoC5\GCC\libemWin_nosnts_cm3_gcc.a(WM.o)
                0x000047ac                WM_CreateWindow
 *fill*         0x000047c6        0x2 
 .text.WM__GetNextIVR
                0x000047c8      0x184 ..\..\..\emWinGraphics_v5_46\LinkLibrary\PSoC5\GCC\libemWin_nosnts_cm3_gcc.a(WM.o)
                0x000047c8                WM__GetNextIVR
 .text.WM__InitIVRSearch
                0x0000494c      0x100 ..\..\..\emWinGraphics_v5_46\LinkLibrary\PSoC5\GCC\libemWin_nosnts_cm3_gcc.a(WM.o)
                0x0000494c                WM__InitIVRSearch
 .text.WM_Activate
                0x00004a4c       0x10 ..\..\..\emWinGraphics_v5_46\LinkLibrary\PSoC5\GCC\libemWin_nosnts_cm3_gcc.a(WM.o)
                0x00004a4c                WM_Activate
 .text.WM_DefaultProc
                0x00004a5c       0x4c ..\..\..\emWinGraphics_v5_46\LinkLibrary\PSoC5\GCC\libemWin_nosnts_cm3_gcc.a(WM.o)
                0x00004a5c                WM_DefaultProc
 .text._cbBackWin
                0x00004aa8       0x48 ..\..\..\emWinGraphics_v5_46\LinkLibrary\PSoC5\GCC\libemWin_nosnts_cm3_gcc.a(WM.o)
 .text.WM_Init  0x00004af0       0xa8 ..\..\..\emWinGraphics_v5_46\LinkLibrary\PSoC5\GCC\libemWin_nosnts_cm3_gcc.a(WM.o)
                0x00004af0                WM_Init
 .text.WM__GetFirstSibling
                0x00004b98       0x12 ..\..\..\emWinGraphics_v5_46\LinkLibrary\PSoC5\GCC\libemWin_nosnts_cm3_gcc.a(WM__Private.o)
                0x00004b98                WM__GetFirstSibling
 .text.WM__GetPrevSibling
                0x00004baa       0x26 ..\..\..\emWinGraphics_v5_46\LinkLibrary\PSoC5\GCC\libemWin_nosnts_cm3_gcc.a(WM__Private.o)
                0x00004baa                WM__GetPrevSibling
 .text.WM__SendMessage
                0x00004bd0       0x3c ..\..\..\emWinGraphics_v5_46\LinkLibrary\PSoC5\GCC\libemWin_nosnts_cm3_gcc.a(WM__Private.o)
                0x00004bd0                WM__SendMessage
 .text.WM__AddCriticalHandle
                0x00004c0c       0x10 ..\..\..\emWinGraphics_v5_46\LinkLibrary\PSoC5\GCC\libemWin_nosnts_cm3_gcc.a(WM__Private.o)
                0x00004c0c                WM__AddCriticalHandle
 .text.WM__GetClientRectEx
                0x00004c1c       0x22 ..\..\..\emWinGraphics_v5_46\LinkLibrary\PSoC5\GCC\libemWin_nosnts_cm3_gcc.a(WM__Private.o)
                0x00004c1c                WM__GetClientRectEx
 *fill*         0x00004c3e        0x2 
 .text.WM_GetDesktopWindow
                0x00004c40        0xc ..\..\..\emWinGraphics_v5_46\LinkLibrary\PSoC5\GCC\libemWin_nosnts_cm3_gcc.a(WM_Lib.o)
                0x00004c40                WM_GetDesktopWindow
 .text.WM_GetFirstChild
                0x00004c4c       0x10 ..\..\..\emWinGraphics_v5_46\LinkLibrary\PSoC5\GCC\libemWin_nosnts_cm3_gcc.a(WM_Lib.o)
                0x00004c4c                WM_GetFirstChild
 .text.WM_GetParent
                0x00004c5c       0x10 ..\..\..\emWinGraphics_v5_46\LinkLibrary\PSoC5\GCC\libemWin_nosnts_cm3_gcc.a(WM_Lib.o)
                0x00004c5c                WM_GetParent
 .text.WM_BringToBottom
                0x00004c6c       0x86 ..\..\..\emWinGraphics_v5_46\LinkLibrary\PSoC5\GCC\libemWin_nosnts_cm3_gcc.a(WM_Lib.o)
                0x00004c6c                WM_BringToBottom
 .text.WM_SendToParent
                0x00004cf2       0x1c ..\..\..\emWinGraphics_v5_46\LinkLibrary\PSoC5\GCC\libemWin_nosnts_cm3_gcc.a(WM_Lib.o)
                0x00004cf2                WM_SendToParent
 *fill*         0x00004d0e        0x2 
 .text.WM_SetUserClipRect
                0x00004d10       0x18 ..\..\..\emWinGraphics_v5_46\LinkLibrary\PSoC5\GCC\libemWin_nosnts_cm3_gcc.a(WM_Lib.o)
                0x00004d10                WM_SetUserClipRect
 .text.GUI__ManageCacheEx
                0x00004d28       0xd8 ..\..\..\emWinGraphics_v5_46\LinkLibrary\PSoC5\GCC\libemWin_nosnts_cm3_gcc.a(GUI__ManageCache.o)
                0x00004d28                GUI__ManageCacheEx
 .text.GUI__ManageCache
                0x00004e00       0x10 ..\..\..\emWinGraphics_v5_46\LinkLibrary\PSoC5\GCC\libemWin_nosnts_cm3_gcc.a(GUI__ManageCache.o)
                0x00004e00                GUI__ManageCache
 .text.GUI__IntersectRect
                0x00004e10       0x3a ..\..\..\emWinGraphics_v5_46\LinkLibrary\PSoC5\GCC\libemWin_nosnts_cm3_gcc.a(GUI__Private.o)
                0x00004e10                GUI__IntersectRect
 .text.GUI__IntersectRects
                0x00004e4a       0x56 ..\..\..\emWinGraphics_v5_46\LinkLibrary\PSoC5\GCC\libemWin_nosnts_cm3_gcc.a(GUI__Private.o)
                0x00004e4a                GUI__IntersectRects
 .text.GUI__memset16
                0x00004ea0       0x64 ..\..\..\emWinGraphics_v5_46\LinkLibrary\PSoC5\GCC\libemWin_nosnts_cm3_gcc.a(GUI__Private.o)
                0x00004ea0                GUI__memset16
 .text._GetWordWrap
                0x00004f04       0x98 ..\..\..\emWinGraphics_v5_46\LinkLibrary\PSoC5\GCC\libemWin_nosnts_cm3_gcc.a(GUI__Wrap.o)
 .text._GetCharWrap
                0x00004f9c       0x36 ..\..\..\emWinGraphics_v5_46\LinkLibrary\PSoC5\GCC\libemWin_nosnts_cm3_gcc.a(GUI__Wrap.o)
 *fill*         0x00004fd2        0x2 
 .text._WrapGetNumCharsDisp
                0x00004fd4       0x2c ..\..\..\emWinGraphics_v5_46\LinkLibrary\PSoC5\GCC\libemWin_nosnts_cm3_gcc.a(GUI__Wrap.o)
 .text.GUI__WrapGetNumCharsDisp
                0x00005000        0x6 ..\..\..\emWinGraphics_v5_46\LinkLibrary\PSoC5\GCC\libemWin_nosnts_cm3_gcc.a(GUI__Wrap.o)
                0x00005000                GUI__WrapGetNumCharsDisp
 .text.GUI__WrapGetNumCharsToNextLine
                0x00005006       0x5e ..\..\..\emWinGraphics_v5_46\LinkLibrary\PSoC5\GCC\libemWin_nosnts_cm3_gcc.a(GUI__Wrap.o)
                0x00005006                GUI__WrapGetNumCharsToNextLine
 .text.GUI__WrapGetNumBytesToNextLine
                0x00005064       0x14 ..\..\..\emWinGraphics_v5_46\LinkLibrary\PSoC5\GCC\libemWin_nosnts_cm3_gcc.a(GUI__Wrap.o)
                0x00005064                GUI__WrapGetNumBytesToNextLine
 .text.GUI_GetFontDistY
                0x00005078       0x10 ..\..\..\emWinGraphics_v5_46\LinkLibrary\PSoC5\GCC\libemWin_nosnts_cm3_gcc.a(GUI_Char.o)
                0x00005078                GUI_GetFontDistY
 .text.GUI_GetCharDistX
                0x00005088       0x10 ..\..\..\emWinGraphics_v5_46\LinkLibrary\PSoC5\GCC\libemWin_nosnts_cm3_gcc.a(GUI_Char.o)
                0x00005088                GUI_GetCharDistX
 .text.GUI_GetCharDistXEx
                0x00005098       0x10 ..\..\..\emWinGraphics_v5_46\LinkLibrary\PSoC5\GCC\libemWin_nosnts_cm3_gcc.a(GUI_Char.o)
                0x00005098                GUI_GetCharDistXEx
 .text._Log2VisBuffered
                0x000050a8        0x2 ..\..\..\emWinGraphics_v5_46\LinkLibrary\PSoC5\GCC\libemWin_nosnts_cm3_gcc.a(GUI_CharLine.o)
 *fill*         0x000050aa        0x2 
 .text._DispLine
                0x000050ac       0x9c ..\..\..\emWinGraphics_v5_46\LinkLibrary\PSoC5\GCC\libemWin_nosnts_cm3_gcc.a(GUI_CharLine.o)
 .text.GUI__GetLineNumChars
                0x00005148       0x38 ..\..\..\emWinGraphics_v5_46\LinkLibrary\PSoC5\GCC\libemWin_nosnts_cm3_gcc.a(GUI_CharLine.o)
                0x00005148                GUI__GetLineNumChars
 .text.GUI__GetOverlap
                0x00005180       0x1c ..\..\..\emWinGraphics_v5_46\LinkLibrary\PSoC5\GCC\libemWin_nosnts_cm3_gcc.a(GUI_CharLine.o)
                0x00005180                GUI__GetOverlap
 .text.GUI__GetLineDistX
                0x0000519c       0x60 ..\..\..\emWinGraphics_v5_46\LinkLibrary\PSoC5\GCC\libemWin_nosnts_cm3_gcc.a(GUI_CharLine.o)
                0x0000519c                GUI__GetLineDistX
 .text.GUI__DispLine
                0x000051fc       0xa8 ..\..\..\emWinGraphics_v5_46\LinkLibrary\PSoC5\GCC\libemWin_nosnts_cm3_gcc.a(GUI_CharLine.o)
                0x000051fc                GUI__DispLine
 .text.GUI_SelectLayer
                0x000052a4       0x24 ..\..\..\emWinGraphics_v5_46\LinkLibrary\PSoC5\GCC\libemWin_nosnts_cm3_gcc.a(GUI_SelectLayer.o)
                0x000052a4                GUI_SelectLayer
 .text._GetIndexMask_0
                0x000052c8       0x52 ..\..\..\emWinGraphics_v5_46\LinkLibrary\PSoC5\GCC\libemWin_nosnts_cm3_gcc.a(GUICC_0.o)
 .text._Index2Color_0
                0x0000531a       0x1e ..\..\..\emWinGraphics_v5_46\LinkLibrary\PSoC5\GCC\libemWin_nosnts_cm3_gcc.a(GUICC_0.o)
 .text._Color2Index_0
                0x00005338       0x52 ..\..\..\emWinGraphics_v5_46\LinkLibrary\PSoC5\GCC\libemWin_nosnts_cm3_gcc.a(GUICC_0.o)
 .text.GUI_MEMDEV_GetBitsPerPixel
                0x0000538a       0x2a ..\..\..\emWinGraphics_v5_46\LinkLibrary\PSoC5\GCC\libemWin_nosnts_cm3_gcc.a(GUIDEV.o)
                0x0000538a                GUI_MEMDEV_GetBitsPerPixel
 .text.GUI_MEMDEV_Delete
                0x000053b4       0x44 ..\..\..\emWinGraphics_v5_46\LinkLibrary\PSoC5\GCC\libemWin_nosnts_cm3_gcc.a(GUIDEV.o)
                0x000053b4                GUI_MEMDEV_Delete
 .text._GetDevData
                0x000053f8       0x10 ..\..\..\emWinGraphics_v5_46\LinkLibrary\PSoC5\GCC\libemWin_nosnts_cm3_gcc.a(GUIDEV_16.o)
 .text._GetDevFunc
                0x00005408       0x10 ..\..\..\emWinGraphics_v5_46\LinkLibrary\PSoC5\GCC\libemWin_nosnts_cm3_gcc.a(GUIDEV_16.o)
 .text._SetOrg  0x00005418        0xc ..\..\..\emWinGraphics_v5_46\LinkLibrary\PSoC5\GCC\libemWin_nosnts_cm3_gcc.a(GUIDEV_16.o)
 .text._GetRect
                0x00005424       0x36 ..\..\..\emWinGraphics_v5_46\LinkLibrary\PSoC5\GCC\libemWin_nosnts_cm3_gcc.a(GUIDEV_16.o)
 *fill*         0x0000545a        0x2 
 .text._XY2PTR  0x0000545c       0x40 ..\..\..\emWinGraphics_v5_46\LinkLibrary\PSoC5\GCC\libemWin_nosnts_cm3_gcc.a(GUIDEV_16.o)
 .text._GetPixelIndex
                0x0000549c        0xe ..\..\..\emWinGraphics_v5_46\LinkLibrary\PSoC5\GCC\libemWin_nosnts_cm3_gcc.a(GUIDEV_16.o)
 *fill*         0x000054aa        0x2 
 .text._XorPixel
                0x000054ac       0x58 ..\..\..\emWinGraphics_v5_46\LinkLibrary\PSoC5\GCC\libemWin_nosnts_cm3_gcc.a(GUIDEV_16.o)
 .text._SetPixelIndex
                0x00005504       0x4c ..\..\..\emWinGraphics_v5_46\LinkLibrary\PSoC5\GCC\libemWin_nosnts_cm3_gcc.a(GUIDEV_16.o)
 .text._DrawVLine
                0x00005550       0xbc ..\..\..\emWinGraphics_v5_46\LinkLibrary\PSoC5\GCC\libemWin_nosnts_cm3_gcc.a(GUIDEV_16.o)
 .text._FillRect
                0x0000560c       0xb4 ..\..\..\emWinGraphics_v5_46\LinkLibrary\PSoC5\GCC\libemWin_nosnts_cm3_gcc.a(GUIDEV_16.o)
 .text._DrawHLine
                0x000056c0        0xe ..\..\..\emWinGraphics_v5_46\LinkLibrary\PSoC5\GCC\libemWin_nosnts_cm3_gcc.a(GUIDEV_16.o)
 *fill*         0x000056ce        0x2 
 .text._DrawBitmap
                0x000056d0      0x720 ..\..\..\emWinGraphics_v5_46\LinkLibrary\PSoC5\GCC\libemWin_nosnts_cm3_gcc.a(GUIDEV_16.o)
 .text._GetDevProp
                0x00005df0       0x18 ..\..\..\emWinGraphics_v5_46\LinkLibrary\PSoC5\GCC\libemWin_nosnts_cm3_gcc.a(GUIDEV_16.o)
 .text.GUI_USAGE_DecUseCnt
                0x00005e08       0x28 ..\..\..\emWinGraphics_v5_46\LinkLibrary\PSoC5\GCC\libemWin_nosnts_cm3_gcc.a(GUIDEV_Usage.o)
                0x00005e08                GUI_USAGE_DecUseCnt
 .text.GUI_USAGE_AddRect
                0x00005e30       0x26 ..\..\..\emWinGraphics_v5_46\LinkLibrary\PSoC5\GCC\libemWin_nosnts_cm3_gcc.a(GUIDEV_Usage.o)
                0x00005e30                GUI_USAGE_AddRect
 .text._Convert16
                0x00005e56       0x3e ..\..\..\emWinGraphics_v5_46\LinkLibrary\PSoC5\GCC\libemWin_nosnts_cm3_gcc.a(GUIDEV_WriteToActiveOpaque.o)
 .text._Convert8
                0x00005e94       0x42 ..\..\..\emWinGraphics_v5_46\LinkLibrary\PSoC5\GCC\libemWin_nosnts_cm3_gcc.a(GUIDEV_WriteToActiveOpaque.o)
 *fill*         0x00005ed6        0x2 
 .text.GUI_MEMDEV__WriteToActiveOpaque
                0x00005ed8      0x74c ..\..\..\emWinGraphics_v5_46\LinkLibrary\PSoC5\GCC\libemWin_nosnts_cm3_gcc.a(GUIDEV_WriteToActiveOpaque.o)
                0x00005ed8                GUI_MEMDEV__WriteToActiveOpaque
 .text.LCD_SetClipRectEx
                0x00006624       0x30 ..\..\..\emWinGraphics_v5_46\LinkLibrary\PSoC5\GCC\libemWin_nosnts_cm3_gcc.a(LCD_SetClipRectEx.o)
                0x00006624                LCD_SetClipRectEx
 .text.GUI__CompactPixelIndices
                0x00006654      0x16e ..\..\..\emWinGraphics_v5_46\LinkLibrary\PSoC5\GCC\libemWin_nosnts_cm3_gcc.a(GUI__CompactPixelIndices.o)
                0x00006654                GUI__CompactPixelIndices
 .text.GUI_MEMDEV_GetDataPtr
                0x000067c2       0x20 ..\..\..\emWinGraphics_v5_46\LinkLibrary\PSoC5\GCC\libemWin_nosnts_cm3_gcc.a(GUIDEV_GetDataPtr.o)
                0x000067c2                GUI_MEMDEV_GetDataPtr
 *fill*         0x000067e2        0x2 
 .text.__libc_init_array
                0x000067e4       0x4c c:/program files (x86)/cypress/psoc creator/3.3/psoc creator/import/gnu/arm/4.9.3/bin/../lib/gcc/arm-none-eabi/4.9.3/../../../../arm-none-eabi/lib/armv7-m\libg_nano.a(lib_a-init.o)
                0x000067e4                __libc_init_array
 .text.memcpy   0x00006830       0x16 c:/program files (x86)/cypress/psoc creator/3.3/psoc creator/import/gnu/arm/4.9.3/bin/../lib/gcc/arm-none-eabi/4.9.3/../../../../arm-none-eabi/lib/armv7-m\libg_nano.a(lib_a-memcpy.o)
                0x00006830                memcpy
 .text.memmove  0x00006846       0x36 c:/program files (x86)/cypress/psoc creator/3.3/psoc creator/import/gnu/arm/4.9.3/bin/../lib/gcc/arm-none-eabi/4.9.3/../../../../arm-none-eabi/lib/armv7-m\libg_nano.a(lib_a-memmove.o)
                0x00006846                memmove
 .text.memset   0x0000687c       0x10 c:/program files (x86)/cypress/psoc creator/3.3/psoc creator/import/gnu/arm/4.9.3/bin/../lib/gcc/arm-none-eabi/4.9.3/../../../../arm-none-eabi/lib/armv7-m\libg_nano.a(lib_a-memset.o)
                0x0000687c                memset
 .text          0x0000688c       0x14 c:/program files (x86)/cypress/psoc creator/3.3/psoc creator/import/gnu/arm/4.9.3/bin/../lib/gcc/arm-none-eabi/4.9.3/../../../../arm-none-eabi/lib/armv7-m\libg_nano.a(lib_a-strcmp.o)
                0x0000688c                strcmp
 *(.plt)
 *(.gnu.warning)
 *(.glue_7t)
 .glue_7t       0x00000000        0x0 linker stubs
 *(.glue_7)
 .glue_7        0x00000000        0x0 linker stubs
 *(.vfp11_veneer)
 .vfp11_veneer  0x00000000        0x0 linker stubs
 *(.bootloader)
 *(.ARM.extab* .gnu.linkonce.armextab.*)
 *(.gcc_except_table)

.v4_bx          0x000068a0        0x0
 .v4_bx         0x00000000        0x0 linker stubs

.iplt           0x000068a0        0x0
 .iplt          0x00000000        0x0 c:/program files (x86)/cypress/psoc creator/3.3/psoc creator/import/gnu/arm/4.9.3/bin/../lib/gcc/arm-none-eabi/4.9.3/armv7-m/crtbegin.o

.eh_frame_hdr
 *(.eh_frame_hdr)

.eh_frame       0x000068a0       0x2c
 *(.eh_frame)
 .eh_frame      0x000068a0        0x0 c:/program files (x86)/cypress/psoc creator/3.3/psoc creator/import/gnu/arm/4.9.3/bin/../lib/gcc/arm-none-eabi/4.9.3/armv7-m/crtbegin.o
 .eh_frame      0x000068a0       0x28 c:/program files (x86)/cypress/psoc creator/3.3/psoc creator/import/gnu/arm/4.9.3/bin/../lib/gcc/arm-none-eabi/4.9.3/../../../../arm-none-eabi/lib/armv7-m\libg_nano.a(lib_a-strcmp.o)
 .eh_frame      0x000068c8        0x4 c:/program files (x86)/cypress/psoc creator/3.3/psoc creator/import/gnu/arm/4.9.3/bin/../lib/gcc/arm-none-eabi/4.9.3/armv7-m/crtend.o
                0x000068cc                PROVIDE (__exidx_start, .)

.ARM.exidx
 *(.ARM.exidx* .gnu.linkonce.armexidx.*)
                0x000068cc                __exidx_end = .

.rodata         0x000068cc     0x1a9c
 *(.rodata .rodata.* .gnu.linkonce.r.*)
 .rodata        0x000068cc       0x58 .\CortexM3\ARM_GCC_493\Debug\Processor.a(cyfitter_cfg.o)
                0x000068cc                CapSense_AMuxCH0__addrTable
                0x000068e0                CapSense_AMuxCH0__maskTable
 .rodata        0x00006924      0x73c ..\..\..\emWinGraphics_v5_46\LinkLibrary\PSoC5\GCC\libemWin_nosnts_cm3_gcc.a(F6x8.o)
                0x00006924                GUI_Font6x9
                0x00006948                GUI_Font6x8
 .rodata        0x00007060      0xd0c ..\..\..\emWinGraphics_v5_46\LinkLibrary\PSoC5\GCC\libemWin_nosnts_cm3_gcc.a(F8x16.o)
                0x00007060                GUI_Font8x16x3x3
                0x00007084                GUI_Font8x16x2x2
                0x000070a8                GUI_Font8x16x1x2
                0x000070f4                GUI_Font8x18
                0x00007118                GUI_Font8x17
                0x0000713c                GUI_Font8x16
 .rodata        0x00007d6c        0x8 ..\..\..\emWinGraphics_v5_46\LinkLibrary\PSoC5\GCC\libemWin_nosnts_cm3_gcc.a(GUI_Core.o)
 .rodata.str1.1
                0x00007d74       0x14 ..\..\..\emWinGraphics_v5_46\LinkLibrary\PSoC5\GCC\libemWin_nosnts_cm3_gcc.a(GUI_Core.o)
 .rodata        0x00007d88       0x10 ..\..\..\emWinGraphics_v5_46\LinkLibrary\PSoC5\GCC\libemWin_nosnts_cm3_gcc.a(GUI_UC_EncodeNone.o)
                0x00007d88                GUI_UC_None
 .rodata        0x00007d98       0x18 ..\..\..\emWinGraphics_v5_46\LinkLibrary\PSoC5\GCC\libemWin_nosnts_cm3_gcc.a(GUICC_M565.o)
                0x00007d98                LCD_API_ColorConv_M565
 .rodata        0x00007db0       0x74 ..\..\..\emWinGraphics_v5_46\LinkLibrary\PSoC5\GCC\libemWin_nosnts_cm3_gcc.a(GUIDRV_FlexColor.o)
                0x00007df0                GUIDRV_FlexColor_API
 .rodata        0x00007e24        0x8 ..\..\..\emWinGraphics_v5_46\LinkLibrary\PSoC5\GCC\libemWin_nosnts_cm3_gcc.a(GUIDRV_FlexColor_Func66709.o)
 .rodata        0x00007e2c        0xc ..\..\..\emWinGraphics_v5_46\LinkLibrary\PSoC5\GCC\libemWin_nosnts_cm3_gcc.a(LCD.o)
 .rodata        0x00007e38      0x370 ..\..\..\emWinGraphics_v5_46\LinkLibrary\PSoC5\GCC\libemWin_nosnts_cm3_gcc.a(GUI__DivTbl.o)
                0x00007e38                GUI__aConvert_255_63
                0x00007f38                GUI__aConvert_255_31
                0x00008038                GUI__aConvert_255_15
                0x00008138                GUI__aConvert_63_255
                0x00008178                GUI__aConvert_31_255
                0x00008198                GUI__aConvert_15_255
 .rodata        0x000081a8       0x18 ..\..\..\emWinGraphics_v5_46\LinkLibrary\PSoC5\GCC\libemWin_nosnts_cm3_gcc.a(GUICC_0.o)
                0x000081a8                LCD_API_ColorConv_0
 .rodata        0x000081c0       0x74 ..\..\..\emWinGraphics_v5_46\LinkLibrary\PSoC5\GCC\libemWin_nosnts_cm3_gcc.a(GUIDEV_16.o)
                0x000081c0                GUI_MEMDEV_DEVICE_16
 .rodata        0x00008234      0x100 ..\..\..\emWinGraphics_v5_46\LinkLibrary\PSoC5\GCC\libemWin_nosnts_cm3_gcc.a(LCD_Mirror.o)
                0x00008234                LCD_aMirror
                0x00008334                . = ALIGN (0x4)
 *(.init)
 .init          0x00008334        0x4 c:/program files (x86)/cypress/psoc creator/3.3/psoc creator/import/gnu/arm/4.9.3/bin/../lib/gcc/arm-none-eabi/4.9.3/armv7-m/crti.o
                0x00008334                _init
 .init          0x00008338        0x8 c:/program files (x86)/cypress/psoc creator/3.3/psoc creator/import/gnu/arm/4.9.3/bin/../lib/gcc/arm-none-eabi/4.9.3/armv7-m/crtn.o
                0x00008340                . = ALIGN (0x4)
                0x00008340                __preinit_array_start = .
 *(.preinit_array)
                0x00008340                __preinit_array_end = .
                0x00008340                . = ALIGN (0x4)
                0x00008340                __init_array_start = .
 *(SORT(.init_array.*))
 *(.init_array)
 .init_array    0x00008340        0x4 c:/program files (x86)/cypress/psoc creator/3.3/psoc creator/import/gnu/arm/4.9.3/bin/../lib/gcc/arm-none-eabi/4.9.3/armv7-m/crtbegin.o
 .init_array    0x00008344        0x4 .\CortexM3\ARM_GCC_493\Debug\Cm3Start.o
                0x00008348                __init_array_end = .
                0x00008348                . = ALIGN (0x4)
 *(.fini)
 .fini          0x00008348        0x4 c:/program files (x86)/cypress/psoc creator/3.3/psoc creator/import/gnu/arm/4.9.3/bin/../lib/gcc/arm-none-eabi/4.9.3/armv7-m/crti.o
                0x00008348                _fini
 .fini          0x0000834c        0x8 c:/program files (x86)/cypress/psoc creator/3.3/psoc creator/import/gnu/arm/4.9.3/bin/../lib/gcc/arm-none-eabi/4.9.3/armv7-m/crtn.o
                0x00008354                . = ALIGN (0x4)
                0x00008354                __fini_array_start = .
 *(.fini_array)
 .fini_array    0x00008354        0x4 c:/program files (x86)/cypress/psoc creator/3.3/psoc creator/import/gnu/arm/4.9.3/bin/../lib/gcc/arm-none-eabi/4.9.3/armv7-m/crtbegin.o
 *(SORT(.fini_array.*))
                0x00008358                __fini_array_end = .
                0x00008358                . = ALIGN (0x4)
 *crtbegin.o(.ctors)
 *(EXCLUDE_FILE(*crtend.o) .ctors)
 *(SORT(.ctors.*))
 *crtend.o(.ctors)
                0x00008358                . = ALIGN (0x4)
 *crtbegin.o(.dtors)
 *(EXCLUDE_FILE(*crtend.o) .dtors)
 *(SORT(.dtors.*))
 *crtend.o(.dtors)
                0x00008358                . = ALIGN (0x4)
                0x00008358                __cy_regions = .
                0x00008358        0x4 LONG 0x8368 __cy_region_init_ram
                0x0000835c        0x4 LONG 0x1fff8108 __cy_region_start_data
                0x00008360        0x4 LONG 0x68 __cy_region_init_size_ram
                0x00008364        0x4 LONG 0x2a40 __cy_region_zero_size_ram
                0x00008368                __cy_regions_end = .
                0x00008368                . = ALIGN (0x8)
                0x00008368                _etext = .

.cy_checksum_exclude
                0x00008368        0x0
 *(.cy_checksum_exclude)

.ramvectors     0x1fff8000      0x100
                0x1fff8000                __cy_region_start_ram = .
 *(.ramvectors)
 .ramvectors    0x1fff8000      0x100 .\CortexM3\ARM_GCC_493\Debug\Cm3Start.o
                0x1fff8000                CyRamVectors

.noinit         0x1fff8100        0x5
 *(.noinit)
 .noinit        0x1fff8100        0x4 .\CortexM3\ARM_GCC_493\Debug\Cm3Start.o
 .noinit        0x1fff8104        0x1 .\CortexM3\ARM_GCC_493\Debug\Processor.a(CyLib.o)
                0x1fff8104                CyResetStatus

.data           0x1fff8108       0x68 load address 0x00008368
                0x1fff8108                __cy_region_start_data = .
 *(.jcr)
 .jcr           0x1fff8108        0x0 c:/program files (x86)/cypress/psoc creator/3.3/psoc creator/import/gnu/arm/4.9.3/bin/../lib/gcc/arm-none-eabi/4.9.3/armv7-m/crtbegin.o
 .jcr           0x1fff8108        0x4 c:/program files (x86)/cypress/psoc creator/3.3/psoc creator/import/gnu/arm/4.9.3/bin/../lib/gcc/arm-none-eabi/4.9.3/armv7-m/crtend.o
 *(.got.plt)
 *(.got)
 *(.shdata)
 *(.data .data.* .gnu.linkonce.d.*)
 .data          0x1fff810c       0x1c .\CortexM3\ARM_GCC_493\Debug\main.o
                0x1fff810c                SCREEN_X
                0x1fff8110                SCREEN_Y
                0x1fff8114                MARGIN
                0x1fff8118                Y_INC
                0x1fff811c                end_command
                0x1fff8120                delimiter
                0x1fff8124                aWm
 .data          0x1fff8128       0x10 .\CortexM3\ARM_GCC_493\Debug\Processor.a(CyLib.o)
                0x1fff8128                cydelay_freq_hz
                0x1fff812c                cydelay_freq_khz
                0x1fff8130                cydelay_freq_mhz
                0x1fff8134                cydelay_32k_ms
 .data          0x1fff8138       0x10 ..\..\..\emWinGraphics_v5_46\LinkLibrary\PSoC5\GCC\libemWin_nosnts_cm3_gcc.a(GUI_Core.o)
                0x1fff8138                GUI_pContext
                0x1fff813c                GUI_pfGetpPalConvTable
                0x1fff8140                GUI__ColorDefault
                0x1fff8144                GUI__pFontDefault
 .data          0x1fff8148        0x8 ..\..\..\emWinGraphics_v5_46\LinkLibrary\PSoC5\GCC\libemWin_nosnts_cm3_gcc.a(GUIDRV_FlexColor_Func66709.o)
 .data          0x1fff8150        0x4 ..\..\..\emWinGraphics_v5_46\LinkLibrary\PSoC5\GCC\libemWin_nosnts_cm3_gcc.a(LCD.o)
                0x1fff8150                LCD__pSetColorAPI
 .data          0x1fff8154        0x4 ..\..\..\emWinGraphics_v5_46\LinkLibrary\PSoC5\GCC\libemWin_nosnts_cm3_gcc.a(LCD_Color.o)
 .data          0x1fff8158        0x8 ..\..\..\emWinGraphics_v5_46\LinkLibrary\PSoC5\GCC\libemWin_nosnts_cm3_gcc.a(GUI__Private.o)
                0x1fff8158                GUI__pfMemcpy
                0x1fff815c                GUI__pfMemset
 .data          0x1fff8160        0x8 ..\..\..\emWinGraphics_v5_46\LinkLibrary\PSoC5\GCC\libemWin_nosnts_cm3_gcc.a(GUI__Wrap.o)
                0x1fff8160                GUI__Wrap_pfGetWordWrap
                0x1fff8164                GUI__Wrap_pfGetCharWrap
 .data          0x1fff8168        0x4 ..\..\..\emWinGraphics_v5_46\LinkLibrary\PSoC5\GCC\libemWin_nosnts_cm3_gcc.a(GUI_CharLine.o)
                0x1fff8168                GUI_CharLine_pfLog2Vis
                0x1fff8170                . = ALIGN (0x8)
 *fill*         0x1fff816c        0x4 
 *(.ram)
                0x1fff8170                _edata = .

.igot.plt       0x1fff8170        0x0 load address 0x000083d0
 .igot.plt      0x00000000        0x0 c:/program files (x86)/cypress/psoc creator/3.3/psoc creator/import/gnu/arm/4.9.3/bin/../lib/gcc/arm-none-eabi/4.9.3/armv7-m/crtbegin.o

.bss            0x1fff8170     0x2a40 load address 0x000083d0
                0x1fff8170                PROVIDE (__bss_start__, .)
 *(.shbss)
 *(.bss .bss.* .gnu.linkonce.b.*)
 .bss           0x1fff8170       0x1c c:/program files (x86)/cypress/psoc creator/3.3/psoc creator/import/gnu/arm/4.9.3/bin/../lib/gcc/arm-none-eabi/4.9.3/armv7-m/crtbegin.o
 .bss           0x1fff818c        0x8 .\CortexM3\ARM_GCC_493\Debug\main.o
                0x1fff818c                printindex
                0x1fff8190                wordindex
 .bss           0x1fff8194     0x2000 .\CortexM3\ARM_GCC_493\Debug\GUIConf.o
 .bss           0x1fffa194       0x1c .\CortexM3\ARM_GCC_493\Debug\Processor.a(CyLib.o)
                0x1fffa1a8                CySysTickInitVar
 .bss           0x1fffa1b0        0x2 .\CortexM3\ARM_GCC_493\Debug\Processor.a(UART.o)
                0x1fffa1b0                UART_initVar
 .bss           0x1fffa1b2        0x1 .\CortexM3\ARM_GCC_493\Debug\Processor.a(SPIM_1.o)
                0x1fffa1b2                SPIM_1_initVar
 .bss           0x1fffa1b3        0x2 .\CortexM3\ARM_GCC_493\Debug\Processor.a(LCD_1.o)
                0x1fffa1b3                LCD_1_enableState
                0x1fffa1b4                LCD_1_initVar
 *fill*         0x1fffa1b5        0x3 
 .bss           0x1fffa1b8       0x10 ..\..\..\emWinGraphics_v5_46\LinkLibrary\PSoC5\GCC\libemWin_nosnts_cm3_gcc.a(GUI_Alloc.o)
 .bss           0x1fffa1c8       0x90 ..\..\..\emWinGraphics_v5_46\LinkLibrary\PSoC5\GCC\libemWin_nosnts_cm3_gcc.a(GUI_Core.o)
                0x1fffa23c                GUI__BkColorDefault
 .bss           0x1fffa258        0x1 ..\..\..\emWinGraphics_v5_46\LinkLibrary\PSoC5\GCC\libemWin_nosnts_cm3_gcc.a(GUI_DispString.o)
 *fill*         0x1fffa259        0x3 
 .bss           0x1fffa25c       0x60 ..\..\..\emWinGraphics_v5_46\LinkLibrary\PSoC5\GCC\libemWin_nosnts_cm3_gcc.a(GUI_OnKey.o)
 .bss           0x1fffa2bc        0x8 ..\..\..\emWinGraphics_v5_46\LinkLibrary\PSoC5\GCC\libemWin_nosnts_cm3_gcc.a(GUI_WaitEvent.o)
 .bss           0x1fffa2c4        0x8 ..\..\..\emWinGraphics_v5_46\LinkLibrary\PSoC5\GCC\libemWin_nosnts_cm3_gcc.a(GUICC_M565.o)
 .bss           0x1fffa2cc       0x1c ..\..\..\emWinGraphics_v5_46\LinkLibrary\PSoC5\GCC\libemWin_nosnts_cm3_gcc.a(GUIDRV_FlexColor.o)
 .bss           0x1fffa2e8        0xc ..\..\..\emWinGraphics_v5_46\LinkLibrary\PSoC5\GCC\libemWin_nosnts_cm3_gcc.a(LCD_Color.o)
 .bss           0x1fffa2f4        0x8 ..\..\..\emWinGraphics_v5_46\LinkLibrary\PSoC5\GCC\libemWin_nosnts_cm3_gcc.a(LCD_GetEx.o)
 .bss           0x1fffa2fc       0x30 ..\..\..\emWinGraphics_v5_46\LinkLibrary\PSoC5\GCC\libemWin_nosnts_cm3_gcc.a(WM.o)
 .bss           0x1fffa32c        0x4 ..\..\..\emWinGraphics_v5_46\LinkLibrary\PSoC5\GCC\libemWin_nosnts_cm3_gcc.a(WM__Private.o)
 .bss           0x1fffa330       0x14 ..\..\..\emWinGraphics_v5_46\LinkLibrary\PSoC5\GCC\libemWin_nosnts_cm3_gcc.a(GUI__ManageCache.o)
 .bss           0x1fffa344        0x8 ..\..\..\emWinGraphics_v5_46\LinkLibrary\PSoC5\GCC\libemWin_nosnts_cm3_gcc.a(GUI__Wrap.o)
 *(COMMON)
 COMMON         0x1fffa34c      0x6ee .\CortexM3\ARM_GCC_493\Debug\main.o
                0x1fffa34c                print
                0x1fffa3b0                rects
                0x1fffa490                words
                0x1fffaa08                word
 *fill*         0x1fffaa3a        0x2 
 COMMON         0x1fffaa3c        0x4 .\CortexM3\ARM_GCC_493\Debug\GUI_X.o
                0x1fffaa3c                OS_TimeMS
 COMMON         0x1fffaa40       0xc0 ..\..\..\emWinGraphics_v5_46\LinkLibrary\PSoC5\GCC\libemWin_nosnts_cm3_gcc.a(GUI_Alloc.o)
                0x1fffaa40                GUI_ALLOC__Context
 COMMON         0x1fffab00       0x5c ..\..\..\emWinGraphics_v5_46\LinkLibrary\PSoC5\GCC\libemWin_nosnts_cm3_gcc.a(GUI_Core.o)
                0x1fffab00                GUI__aNumBuffers
                0x1fffab01                GUI__NumLayersInUse
                0x1fffab04                GUI__LayerMask
                0x1fffab08                GUI__DrawStreamedBitmap
                0x1fffab09                GUI_DecChar
                0x1fffab0c                GUI_pLCD_APIList
                0x1fffab10                GUI_AA__ClipX0
                0x1fffab14                GUI_DCACHE__pfClearCacheHook
                0x1fffab18                GUI_OrgY
                0x1fffab1c                GUI_pfHookMTOUCH
                0x1fffab20                GUI_pfDispCharLine
                0x1fffab24                GUI_pfTimerExec
                0x1fffab28                GUI_OrgX
                0x1fffab2c                GUI_pfDispCharStyle
                0x1fffab30                GUI__IsInitialized
                0x1fffab34                GUI__pfDrawM565BitmapFunc
                0x1fffab38                GUI__PreserveTrans
                0x1fffab3c                GUI__pfDrawM565MemdevFunc
                0x1fffab40                GUI_MTOUCH__pStoreEvent
                0x1fffab44                GUI_pfExecAnimations
                0x1fffab48                GUI_pUC_API
                0x1fffab4c                GUI_pfUpdateSoftLayer
                0x1fffab50                GUI__apDevice
                0x1fffab54                GUI__BufferSize
                0x1fffab58                WM_pfHandlePID
 COMMON         0x1fffab5c        0x4 ..\..\..\emWinGraphics_v5_46\LinkLibrary\PSoC5\GCC\libemWin_nosnts_cm3_gcc.a(LCD_Color.o)
                0x1fffab5c                LCD__aConvTable
 COMMON         0x1fffab60       0x40 ..\..\..\emWinGraphics_v5_46\LinkLibrary\PSoC5\GCC\libemWin_nosnts_cm3_gcc.a(WM.o)
                0x1fffab60                WM__NumWindows
                0x1fffab64                WM__hATransWindow
                0x1fffab68                WM__ahDesktopWin
                0x1fffab6c                WM_pfPollPID
                0x1fffab70                WM__pExecGestures
                0x1fffab74                WM__ahWinFocus
                0x1fffab78                WM__NumInvalidWindows
                0x1fffab7c                WM__FirstWin
                0x1fffab80                WM__CaptureReleaseAuto
                0x1fffab81                WM__PaintCallbackCnt
                0x1fffab84                WM__CreateFlags
                0x1fffab88                WM__aBkColor
                0x1fffab8c                WM__pFirstCriticalHandle
                0x1fffab90                WM_MULTIBUF__pAPI
                0x1fffab94                WM__ahCapture
                0x1fffab98                WM__hCreateStatic
                0x1fffab9c                WM__TransWindowCnt
 COMMON         0x1fffaba0       0x10 ..\..\..\emWinGraphics_v5_46\LinkLibrary\PSoC5\GCC\libemWin_nosnts_cm3_gcc.a(WM_Touch.o)
                0x1fffaba0                WM__aCHWinLast
                0x1fffaba8                WM__aCHWinModal
                0x1fffabb0                . = ALIGN (0x8)
 *(.ram.b)
                0x1fffabb0                _end = .
                0x1fffabb0                __end = .
                0x1fffabb0                PROVIDE (end, .)
                0x1fffabb0                PROVIDE (__bss_end__, .)
                0x00008368                __cy_region_init_ram = LOADADDR (.data)
                0x00000068                __cy_region_init_size_ram = (_edata - ADDR (.data))
                0x00002a40                __cy_region_zero_size_ram = (_end - _edata)

.heap           0x1fffabb0     0x1000 load address 0x000083d0
                0x1fffabb0                . = _end
                0x1fffbbb0                . = (. + 0x1000)
 *fill*         0x1fffabb0     0x1000 
                0x1fffbbb0                __cy_heap_limit = .

.stack          0x20004000     0x4000
                0x20004000                __cy_stack_limit = .
                0x20008000                . = (. + 0x4000)
 *fill*         0x20004000     0x4000 
                0x00000001                ASSERT ((__cy_stack_limit >= __cy_heap_limit), region RAM overflowed with stack)
                0x00000000                cy_checksum_exclude_size = (CY_APPL_LOADABLE == 0x1)?SIZEOF (.cy_checksum_exclude):0x0
                0x00000001                ASSERT ((cy_checksum_exclude_size <= CY_CHECKSUM_EXCLUDE_SIZE), CY_BOOT: Section .cy_checksum_exclude size exceedes specified limit.)

.cyloadermeta
 *(.cyloadermeta)

.cyloadablemeta
 *(.cyloadablemeta)

.cyconfigecc    0x80000000      0x954
 *(.cyconfigecc)
 .cyconfigecc   0x80000000      0x954 .\CortexM3\ARM_GCC_493\Debug\cymetadata.o
                0x80000000                cy_meta_configecc

.cycustnvl      0x90000000        0x4
 *(.cycustnvl)
 .cycustnvl     0x90000000        0x4 .\CortexM3\ARM_GCC_493\Debug\cymetadata.o
                0x90000000                cy_meta_custnvl

.cywolatch      0x90100000        0x4
 *(.cywolatch)
 .cywolatch     0x90100000        0x4 .\CortexM3\ARM_GCC_493\Debug\cymetadata.o
                0x90100000                cy_meta_wonvl

.cyeeprom       0x90200000        0x0
 *(.cyeeprom)
                0x00000001                ASSERT ((. <= ((0x90200000 + ee_offset) + ee_size)), .cyeeprom data will not fit in EEPROM)

.cyflashprotect
                0x90400000      0x100
 *(.cyflashprotect)
 .cyflashprotect
                0x90400000      0x100 .\CortexM3\ARM_GCC_493\Debug\cymetadata.o
                0x90400000                cy_meta_flashprotect

.cymeta         0x90500000        0xc
 *(.cymeta)
 .cymeta        0x90500000        0xc .\CortexM3\ARM_GCC_493\Debug\cymetadata.o
                0x90500000                cy_metadata

.rel.dyn        0x000083d0        0x0 load address 0x9050000c
 .rel.iplt      0x00000000        0x0 c:/program files (x86)/cypress/psoc creator/3.3/psoc creator/import/gnu/arm/4.9.3/bin/../lib/gcc/arm-none-eabi/4.9.3/armv7-m/crtbegin.o

.stab
 *(.stab)

.stabstr
 *(.stabstr)

.debug
 *(.debug)

.line
 *(.line)

.debug_srcinfo
 *(.debug_srcinfo)

.debug_sfnames
 *(.debug_sfnames)

.debug_aranges  0x00000000      0xa88
 *(.debug_aranges)
 .debug_aranges
                0x00000000       0x48 .\CortexM3\ARM_GCC_493\Debug\main.o
 .debug_aranges
                0x00000048       0x60 .\CortexM3\ARM_GCC_493\Debug\GUI_X.o
 .debug_aranges
                0x000000a8       0x20 .\CortexM3\ARM_GCC_493\Debug\GUIConf.o
 .debug_aranges
                0x000000c8       0x30 .\CortexM3\ARM_GCC_493\Debug\LCDConf.o
 .debug_aranges
                0x000000f8       0x48 .\CortexM3\ARM_GCC_493\Debug\tft.o
 .debug_aranges
                0x00000140       0x48 .\CortexM3\ARM_GCC_493\Debug\Cm3Start.o
 .debug_aranges
                0x00000188       0x18 .\CortexM3\ARM_GCC_493\Debug\cymetadata.o
 .debug_aranges
                0x000001a0       0x70 .\CortexM3\ARM_GCC_493\Debug\Processor.a(cyfitter_cfg.o)
 .debug_aranges
                0x00000210       0x20 .\CortexM3\ARM_GCC_493\Debug\Processor.a(CyBootAsmGnu.o)
 .debug_aranges
                0x00000230      0x298 .\CortexM3\ARM_GCC_493\Debug\Processor.a(CyLib.o)
 .debug_aranges
                0x000004c8       0x98 .\CortexM3\ARM_GCC_493\Debug\Processor.a(cyPm.o)
 .debug_aranges
                0x00000560       0xf0 .\CortexM3\ARM_GCC_493\Debug\Processor.a(UART.o)
 .debug_aranges
                0x00000650       0x80 .\CortexM3\ARM_GCC_493\Debug\Processor.a(rx_int.o)
 .debug_aranges
                0x000006d0       0x70 .\CortexM3\ARM_GCC_493\Debug\Processor.a(UART_IntClock.o)
 .debug_aranges
                0x00000740       0x38 .\CortexM3\ARM_GCC_493\Debug\Processor.a(LED_1.o)
 .debug_aranges
                0x00000778       0xd8 .\CortexM3\ARM_GCC_493\Debug\Processor.a(SPIM_1.o)
 .debug_aranges
                0x00000850       0x38 .\CortexM3\ARM_GCC_493\Debug\Processor.a(DC.o)
 .debug_aranges
                0x00000888       0x70 .\CortexM3\ARM_GCC_493\Debug\Processor.a(SPIM_1_IntClock.o)
 .debug_aranges
                0x000008f8       0x98 .\CortexM3\ARM_GCC_493\Debug\Processor.a(LCD_1.o)
 .debug_aranges
                0x00000990       0x80 .\CortexM3\ARM_GCC_493\Debug\Processor.a(CyFlash.o)
 .debug_aranges
                0x00000a10       0x78 .\CortexM3\ARM_GCC_493\Debug\Processor.a(CySpc.o)

.debug_pubnames
 *(.debug_pubnames)

.debug_info     0x00000000     0x5592
 *(.debug_info .gnu.linkonce.wi.*)
 .debug_info    0x00000000      0x8f9 .\CortexM3\ARM_GCC_493\Debug\main.o
 .debug_info    0x000008f9      0x1fd .\CortexM3\ARM_GCC_493\Debug\GUI_X.o
 .debug_info    0x00000af6      0x5f2 .\CortexM3\ARM_GCC_493\Debug\GUIConf.o
 .debug_info    0x000010e8      0x7e2 .\CortexM3\ARM_GCC_493\Debug\LCDConf.o
 .debug_info    0x000018ca      0x19a .\CortexM3\ARM_GCC_493\Debug\tft.o
 .debug_info    0x00001a64      0x317 .\CortexM3\ARM_GCC_493\Debug\Cm3Start.o
 .debug_info    0x00001d7b      0x13e .\CortexM3\ARM_GCC_493\Debug\cymetadata.o
 .debug_info    0x00001eb9      0x4ec .\CortexM3\ARM_GCC_493\Debug\Processor.a(cyfitter_cfg.o)
 .debug_info    0x000023a5       0xc5 .\CortexM3\ARM_GCC_493\Debug\Processor.a(CyBootAsmGnu.o)
 .debug_info    0x0000246a      0xe31 .\CortexM3\ARM_GCC_493\Debug\Processor.a(CyLib.o)
 .debug_info    0x0000329b      0x55f .\CortexM3\ARM_GCC_493\Debug\Processor.a(cyPm.o)
 .debug_info    0x000037fa      0x500 .\CortexM3\ARM_GCC_493\Debug\Processor.a(UART.o)
 .debug_info    0x00003cfa      0x238 .\CortexM3\ARM_GCC_493\Debug\Processor.a(rx_int.o)
 .debug_info    0x00003f32      0x25b .\CortexM3\ARM_GCC_493\Debug\Processor.a(UART_IntClock.o)
 .debug_info    0x0000418d      0x11d .\CortexM3\ARM_GCC_493\Debug\Processor.a(LED_1.o)
 .debug_info    0x000042aa      0x3ec .\CortexM3\ARM_GCC_493\Debug\Processor.a(SPIM_1.o)