Archive member included because of file (symbol)

.\CortexM3\ARM_GCC_493\Debug\RS232.a(cyfitter_cfg.o)
                              .\CortexM3\ARM_GCC_493\Debug\Cm3Start.o (cyfitter_cfg)
.\CortexM3\ARM_GCC_493\Debug\RS232.a(CyBootAsmGnu.o)
                              .\CortexM3\ARM_GCC_493\Debug\RS232.a(cyfitter_cfg.o) (CyDelayCycles)
.\CortexM3\ARM_GCC_493\Debug\RS232.a(CyLib.o)
                              .\CortexM3\ARM_GCC_493\Debug\Cm3Start.o (CyResetStatus)
.\CortexM3\ARM_GCC_493\Debug\RS232.a(cyPm.o)
                              .\CortexM3\ARM_GCC_493\Debug\RS232.a(CyLib.o) (CyPmReadStatus)
.\CortexM3\ARM_GCC_493\Debug\RS232.a(LCD.o)
                              .\CortexM3\ARM_GCC_493\Debug\main.o (LCD_WriteControl)
.\CortexM3\ARM_GCC_493\Debug\RS232.a(UART.o)
                              .\CortexM3\ARM_GCC_493\Debug\main.o (UART_Start)
.\CortexM3\ARM_GCC_493\Debug\RS232.a(rx_int.o)
                              .\CortexM3\ARM_GCC_493\Debug\main.o (rx_int_StartEx)
.\CortexM3\ARM_GCC_493\Debug\RS232.a(UART_IntClock.o)
                              .\CortexM3\ARM_GCC_493\Debug\RS232.a(UART.o) (UART_IntClock_Start)
.\CortexM3\ARM_GCC_493\Debug\RS232.a(CapSense.o)
                              .\CortexM3\ARM_GCC_493\Debug\main.o (CapSense_Start)
.\CortexM3\ARM_GCC_493\Debug\RS232.a(CapSense_CSHL.o)
                              .\CortexM3\ARM_GCC_493\Debug\main.o (CapSense_InitializeAllBaselines)
.\CortexM3\ARM_GCC_493\Debug\RS232.a(CapSense_INT.o)
                              .\CortexM3\ARM_GCC_493\Debug\RS232.a(CapSense.o) (CapSense_IsrCH0_ISR)
.\CortexM3\ARM_GCC_493\Debug\RS232.a(CapSense_SMS_Wrapper.o)
                              .\CortexM3\ARM_GCC_493\Debug\RS232.a(CapSense_CSHL.o) (CapSense_CalculateThresholds)
.\CortexM3\ARM_GCC_493\Debug\RS232.a(CapSense_CompCH0.o)
                              .\CortexM3\ARM_GCC_493\Debug\RS232.a(CapSense.o) (CapSense_CompCH0_Init)
.\CortexM3\ARM_GCC_493\Debug\RS232.a(CapSense_IdacCH0.o)
                              .\CortexM3\ARM_GCC_493\Debug\RS232.a(CapSense.o) (CapSense_IdacCH0_Init)
.\CortexM3\ARM_GCC_493\Debug\RS232.a(CapSense_AMuxCH0.o)
                              .\CortexM3\ARM_GCC_493\Debug\RS232.a(CapSense.o) (CapSense_AMuxCH0_Init)
.\CortexM3\ARM_GCC_493\Debug\RS232.a(CapSense_IntClock.o)
                              .\CortexM3\ARM_GCC_493\Debug\RS232.a(CapSense.o) (CapSense_IntClock_Start)
.\CortexM3\ARM_GCC_493\Debug\RS232.a(LED_1.o)
                              .\CortexM3\ARM_GCC_493\Debug\main.o (LED_1_Write)
.\CortexM3\ARM_GCC_493\Debug\RS232.a(LED_2.o)
                              .\CortexM3\ARM_GCC_493\Debug\main.o (LED_2_Write)
.\CortexM3\ARM_GCC_493\Debug\RS232.a(CyFlash.o)
                              .\CortexM3\ARM_GCC_493\Debug\RS232.a(cyPm.o) (CyFlash_SetWaitCycles)
.\CortexM3\ARM_GCC_493\Debug\RS232.a(CySpc.o)
                              .\CortexM3\ARM_GCC_493\Debug\RS232.a(CyFlash.o) (CySpcStart)
C:\Program Files (x86)\Cypress\PSoC Creator\3.3\PSoC Creator\psoc\content\cycomponentlibrary\CyComponentLibrary.cylib\CapSense_CSD_v3_50\Library\CapSenseLibrary_GCC.a(CapSense_CSD_SmartSense_v3_50.o)
                              .\CortexM3\ARM_GCC_493\Debug\RS232.a(CapSense_SMS_Wrapper.o) (SMS_LIB_V3_50_CalculateThresholds)
c:/program files (x86)/cypress/psoc creator/3.3/psoc creator/import/gnu/arm/4.9.3/bin/../lib/gcc/arm-none-eabi/4.9.3/armv7-m\libgcc.a(_udivsi3.o)
                              C:\Program Files (x86)\Cypress\PSoC Creator\3.3\PSoC Creator\psoc\content\cycomponentlibrary\CyComponentLibrary.cylib\CapSense_CSD_v3_50\Library\CapSenseLibrary_GCC.a(CapSense_CSD_SmartSense_v3_50.o) (__aeabi_uidiv)
c:/program files (x86)/cypress/psoc creator/3.3/psoc creator/import/gnu/arm/4.9.3/bin/../lib/gcc/arm-none-eabi/4.9.3/armv7-m\libgcc.a(_dvmd_tls.o)
                              c:/program files (x86)/cypress/psoc creator/3.3/psoc creator/import/gnu/arm/4.9.3/bin/../lib/gcc/arm-none-eabi/4.9.3/armv7-m\libgcc.a(_udivsi3.o) (__aeabi_idiv0)
c:/program files (x86)/cypress/psoc creator/3.3/psoc creator/import/gnu/arm/4.9.3/bin/../lib/gcc/arm-none-eabi/4.9.3/../../../../arm-none-eabi/lib/armv7-m\libg_nano.a(lib_a-errno.o)
                              .\CortexM3\ARM_GCC_493\Debug\Cm3Start.o (__errno)
c:/program files (x86)/cypress/psoc creator/3.3/psoc creator/import/gnu/arm/4.9.3/bin/../lib/gcc/arm-none-eabi/4.9.3/../../../../arm-none-eabi/lib/armv7-m\libg_nano.a(lib_a-exit.o)
                              c:/program files (x86)/cypress/psoc creator/3.3/psoc creator/import/gnu/arm/4.9.3/bin/../lib/gcc/arm-none-eabi/4.9.3/../../../../arm-none-eabi/lib/armv7-m/crt0.o (exit)
c:/program files (x86)/cypress/psoc creator/3.3/psoc creator/import/gnu/arm/4.9.3/bin/../lib/gcc/arm-none-eabi/4.9.3/../../../../arm-none-eabi/lib/armv7-m\libg_nano.a(lib_a-impure.o)
[...]
Memory Configuration

Name             Origin             Length             Attributes
rom              0x00000000         0x00040000         xr
ram              0x1fff8000         0x00010000         xrw
*default*        0x00000000         0xffffffff

Linker script and memory map

LOAD c:/program files (x86)/cypress/psoc creator/3.3/psoc creator/import/gnu/arm/4.9.3/bin/../lib/gcc/arm-none-eabi/4.9.3/armv7-m/crti.o
LOAD c:/program files (x86)/cypress/psoc creator/3.3/psoc creator/import/gnu/arm/4.9.3/bin/../lib/gcc/arm-none-eabi/4.9.3/armv7-m/crtbegin.o
LOAD c:/program files (x86)/cypress/psoc creator/3.3/psoc creator/import/gnu/arm/4.9.3/bin/../lib/gcc/arm-none-eabi/4.9.3/../../../../arm-none-eabi/lib/armv7-m/crt0.o
START GROUP
LOAD .\CortexM3\ARM_GCC_493\Debug\main.o
LOAD .\CortexM3\ARM_GCC_493\Debug\Cm3Start.o
LOAD .\CortexM3\ARM_GCC_493\Debug\cymetadata.o
LOAD .\CortexM3\ARM_GCC_493\Debug\RS232.a
LOAD C:\Program Files (x86)\Cypress\PSoC Creator\3.3\PSoC Creator\psoc\content\cycomponentlibrary\CyComponentLibrary.cylib\CapSense_CSD_v3_50\Library\CapSenseLibrary_GCC.a
LOAD C:\Program Files (x86)\Cypress\PSoC Creator\3.3\PSoC Creator\psoc\content\cycomponentlibrary\CyComponentLibrary.cylib\CortexM3\ARM_GCC_493\Debug\CyComponentLibrary.a
END GROUP
START GROUP
LOAD c:/program files (x86)/cypress/psoc creator/3.3/psoc creator/import/gnu/arm/4.9.3/bin/../lib/gcc/arm-none-eabi/4.9.3/armv7-m\libgcc.a
LOAD c:/program files (x86)/cypress/psoc creator/3.3/psoc creator/import/gnu/arm/4.9.3/bin/../lib/gcc/arm-none-eabi/4.9.3/../../../../arm-none-eabi/lib/armv7-m\libg_nano.a
LOAD c:/program files (x86)/cypress/psoc creator/3.3/psoc creator/import/gnu/arm/4.9.3/bin/../lib/gcc/arm-none-eabi/4.9.3/../../../../arm-none-eabi/lib/armv7-m\libc_nano.a
END GROUP
START GROUP
LOAD c:/program files (x86)/cypress/psoc creator/3.3/psoc creator/import/gnu/arm/4.9.3/bin/../lib/gcc/arm-none-eabi/4.9.3/armv7-m\libgcc.a
LOAD c:/program files (x86)/cypress/psoc creator/3.3/psoc creator/import/gnu/arm/4.9.3/bin/../lib/gcc/arm-none-eabi/4.9.3/../../../../arm-none-eabi/lib/armv7-m\libc_nano.a
END GROUP
LOAD c:/program files (x86)/cypress/psoc creator/3.3/psoc creator/import/gnu/arm/4.9.3/bin/../lib/gcc/arm-none-eabi/4.9.3/armv7-m/crtend.o
LOAD c:/program files (x86)/cypress/psoc creator/3.3/psoc creator/import/gnu/arm/4.9.3/bin/../lib/gcc/arm-none-eabi/4.9.3/armv7-m/crtn.o
START GROUP
LOAD c:/program files (x86)/cypress/psoc creator/3.3/psoc creator/import/gnu/arm/4.9.3/bin/../lib/gcc/arm-none-eabi/4.9.3/armv7-m\libgcc.a
LOAD c:/program files (x86)/cypress/psoc creator/3.3/psoc creator/import/gnu/arm/4.9.3/bin/../lib/gcc/arm-none-eabi/4.9.3/../../../../arm-none-eabi/lib/armv7-m\libc.a
LOAD c:/program files (x86)/cypress/psoc creator/3.3/psoc creator/import/gnu/arm/4.9.3/bin/../lib/gcc/arm-none-eabi/4.9.3/../../../../arm-none-eabi/lib/armv7-m\libnosys.a
END GROUP
                0x00000000                CY_APPL_ORIGIN = 0x0
                0x00000100                CY_FLASH_ROW_SIZE = 0x100
                0x00000020                CY_ECC_ROW_SIZE = 0x20
                0x00000000                CY_EE_IN_BTLDR = 0x0
                0x00000000                CY_APPL_LOADABLE = 0x0
                0x00000800                CY_EE_SIZE = 0x800
                0x00000001                CY_APPL_NUM = 0x1
                0x00000001                CY_APPL_MAX = 0x1
                0x00000040                CY_METADATA_SIZE = 0x40
                0x00000000                CY_APPL_LOADABLE = 0x0
                0x00000000                CY_CHECKSUM_EXCLUDE_SIZE = ALIGN (0x0, CY_FLASH_ROW_SIZE)
                0x1fff81e0                PROVIDE (__cy_heap_start, _end)
                0x00000001                PROVIDE (__cy_region_num, ((__cy_regions_end - __cy_regions) / 0x10))
                0x20008000                PROVIDE (__cy_stack, (ORIGIN (ram) + 0x10000))
                0x20004000                PROVIDE (__cy_heap_end, (__cy_stack - 0x4000))

.cybootloader   0x00000000        0x0
 *(.cybootloader)
                0x00000000                appl1_start = CY_APPL_ORIGIN?CY_APPL_ORIGIN:ALIGN (CY_FLASH_ROW_SIZE)
                0x0001ff00                appl2_start = (appl1_start + ALIGN ((((0x40000 - appl1_start) - (0x2 * CY_FLASH_ROW_SIZE)) / 0x2), CY_FLASH_ROW_SIZE))
                0x00000000                appl_start = (CY_APPL_NUM == 0x1)?appl1_start:appl2_start
                0x00000000                ecc_offset = ((appl_start / CY_FLASH_ROW_SIZE) * CY_ECC_ROW_SIZE)
                0x00000000                ee_offset = (CY_APPL_LOADABLE && ! (CY_EE_IN_BTLDR))?((CY_EE_SIZE / CY_APPL_MAX) * (CY_APPL_NUM - 0x1)):0x0
                0x00000800                ee_size = (CY_APPL_LOADABLE && ! (CY_EE_IN_BTLDR))?(CY_EE_SIZE / CY_APPL_MAX):CY_EE_SIZE
                0x00000000                PROVIDE (CY_ECC_OFFSET, ecc_offset)

.text           0x00000000     0x2312
 CREATE_OBJECT_SYMBOLS
                0x00000000                PROVIDE (__cy_interrupt_vector, RomVectors)
 *(.romvectors)
 .romvectors    0x00000000       0x10 .\CortexM3\ARM_GCC_493\Debug\Cm3Start.o
                0x00000000                RomVectors
                0x00000001                ASSERT ((. != __cy_interrupt_vector), No interrupt vector)
                0x00000001                ASSERT (CY_APPL_ORIGIN?(SIZEOF (.cybootloader) <= CY_APPL_ORIGIN):0x1, Wrong image location)
                0x00000010                PROVIDE (__cy_reset, Reset)
 *(.text.Reset)
 .text.Reset    0x00000010       0x18 .\CortexM3\ARM_GCC_493\Debug\Cm3Start.o
                0x00000010                Reset
                0x00000001                ASSERT ((. != __cy_reset), No reset code)
 *(.dma_init)
                0x00000001                ASSERT ((((appl_start + .) <= 0x10000) || 0x1), DMA Init must be within the first 64k of flash)
 *(.text .text.* .gnu.linkonce.t.*)
 .text          0x00000028       0x5c c:/program files (x86)/cypress/psoc creator/3.3/psoc creator/import/gnu/arm/4.9.3/bin/../lib/gcc/arm-none-eabi/4.9.3/armv7-m/crtbegin.o
 .text.RX_INT   0x00000084       0x70 .\CortexM3\ARM_GCC_493\Debug\main.o
                0x00000084                RX_INT
 .text.main     0x000000f4       0xf0 .\CortexM3\ARM_GCC_493\Debug\main.o
                0x000000f4                main
 .text.get_x    0x000001e4       0x2c .\CortexM3\ARM_GCC_493\Debug\main.o
                0x000001e4                get_x
 .text.inc_x    0x00000210       0x74 .\CortexM3\ARM_GCC_493\Debug\main.o
                0x00000210                inc_x
 .text.dec_x    0x00000284       0x84 .\CortexM3\ARM_GCC_493\Debug\main.o
                0x00000284                dec_x
 .text.reset_x  0x00000308       0x2c .\CortexM3\ARM_GCC_493\Debug\main.o
                0x00000308                reset_x
 .text.lcd_backspace
                0x00000334       0x44 .\CortexM3\ARM_GCC_493\Debug\main.o
                0x00000334                lcd_backspace
 .text.send_backspace
                0x00000378       0x18 .\CortexM3\ARM_GCC_493\Debug\main.o
                0x00000378                send_backspace
 .text.IntDefaultHandler
                0x00000390        0x8 .\CortexM3\ARM_GCC_493\Debug\Cm3Start.o
                0x00000390                IntDefaultHandler
 .text.Start_c  0x00000398       0x98 .\CortexM3\ARM_GCC_493\Debug\Cm3Start.o
                0x00000398                Start_c
 .text.initialize_psoc
                0x00000430       0x8c .\CortexM3\ARM_GCC_493\Debug\Cm3Start.o
                0x00000430                initialize_psoc
 .text.CYMEMZERO
                0x000004bc       0x1c .\CortexM3\ARM_GCC_493\Debug\RS232.a(cyfitter_cfg.o)
 .text.CYCONFIGCPY
                0x000004d8       0x1c .\CortexM3\ARM_GCC_493\Debug\RS232.a(cyfitter_cfg.o)
 .text.CyClockStartupError
                0x000004f4        0xc .\CortexM3\ARM_GCC_493\Debug\RS232.a(cyfitter_cfg.o)
 .text.cfg_write_bytes32
                0x00000500       0x74 .\CortexM3\ARM_GCC_493\Debug\RS232.a(cyfitter_cfg.o)
 .text.ClockSetup
                0x00000574      0x114 .\CortexM3\ARM_GCC_493\Debug\RS232.a(cyfitter_cfg.o)
 .text.AnalogSetDefault
                0x00000688       0x6c .\CortexM3\ARM_GCC_493\Debug\RS232.a(cyfitter_cfg.o)
 .text.CapSense_AMuxCH0_Set
                0x000006f4       0x40 .\CortexM3\ARM_GCC_493\Debug\RS232.a(cyfitter_cfg.o)
                0x000006f4                CapSense_AMuxCH0_Set
 .text.CapSense_AMuxCH0_Unset
                0x00000734       0x44 .\CortexM3\ARM_GCC_493\Debug\RS232.a(cyfitter_cfg.o)
                0x00000734                CapSense_AMuxCH0_Unset
 .text.cyfitter_cfg
                0x00000778      0x1b0 .\CortexM3\ARM_GCC_493\Debug\RS232.a(cyfitter_cfg.o)
                0x00000778                cyfitter_cfg
 .text          0x00000928       0x20 .\CortexM3\ARM_GCC_493\Debug\RS232.a(CyBootAsmGnu.o)
                0x00000928                CyDelayCycles
                0x00000938                CyEnterCriticalSection
                0x00000940                CyExitCriticalSection
 .text.CyHalt   0x00000948       0x18 .\CortexM3\ARM_GCC_493\Debug\RS232.a(CyLib.o)
                0x00000948                CyHalt
 .text.CyDelay  0x00000960       0x44 .\CortexM3\ARM_GCC_493\Debug\RS232.a(CyLib.o)
                0x00000960                CyDelay
 .text.CyDelayUs
                0x000009a4       0x24 .\CortexM3\ARM_GCC_493\Debug\RS232.a(CyLib.o)
                0x000009a4                CyDelayUs
 .text.CyIntSetVector
                0x000009c8       0x50 .\CortexM3\ARM_GCC_493\Debug\RS232.a(CyLib.o)
                0x000009c8                CyIntSetVector
 .text.CyIntSetPriority
                0x00000a18       0x44 .\CortexM3\ARM_GCC_493\Debug\RS232.a(CyLib.o)
                0x00000a18                CyIntSetPriority
 .text.LCD_Init
                0x00000a5c       0x6c .\CortexM3\ARM_GCC_493\Debug\RS232.a(LCD.o)
                0x00000a5c                LCD_Init
 .text.LCD_Enable
                0x00000ac8       0x18 .\CortexM3\ARM_GCC_493\Debug\RS232.a(LCD.o)
                0x00000ac8                LCD_Enable
 .text.LCD_Start
                0x00000ae0       0x20 .\CortexM3\ARM_GCC_493\Debug\RS232.a(LCD.o)
                0x00000ae0                LCD_Start
 .text.LCD_Position
                0x00000b00       0x6c .\CortexM3\ARM_GCC_493\Debug\RS232.a(LCD.o)
                0x00000b00                LCD_Position
 .text.LCD_PutChar
                0x00000b6c       0x18 .\CortexM3\ARM_GCC_493\Debug\RS232.a(LCD.o)
                0x00000b6c                LCD_PutChar
 .text.LCD_WriteData
                0x00000b84       0x34 .\CortexM3\ARM_GCC_493\Debug\RS232.a(LCD.o)
                0x00000b84                LCD_WriteData
 .text.LCD_WriteControl
                0x00000bb8       0x34 .\CortexM3\ARM_GCC_493\Debug\RS232.a(LCD.o)
                0x00000bb8                LCD_WriteControl
 .text.LCD_IsReady
                0x00000bec      0x178 .\CortexM3\ARM_GCC_493\Debug\RS232.a(LCD.o)
                0x00000bec                LCD_IsReady
 .text.LCD_WrDatNib
                0x00000d64       0x78 .\CortexM3\ARM_GCC_493\Debug\RS232.a(LCD.o)
 .text.LCD_WrCntrlNib
                0x00000ddc       0x60 .\CortexM3\ARM_GCC_493\Debug\RS232.a(LCD.o)
 .text.UART_Start
                0x00000e3c       0x20 .\CortexM3\ARM_GCC_493\Debug\RS232.a(UART.o)
                0x00000e3c                UART_Start
 .text.UART_Init
                0x00000e5c       0x40 .\CortexM3\ARM_GCC_493\Debug\RS232.a(UART.o)
                0x00000e5c                UART_Init
 .text.UART_Enable
                0x00000e9c       0x5c .\CortexM3\ARM_GCC_493\Debug\RS232.a(UART.o)
                0x00000e9c                UART_Enable
 .text.UART_ReadRxData
                0x00000ef8       0x20 .\CortexM3\ARM_GCC_493\Debug\RS232.a(UART.o)
                0x00000ef8                UART_ReadRxData
 .text.UART_ClearRxBuffer
                0x00000f18       0x40 .\CortexM3\ARM_GCC_493\Debug\RS232.a(UART.o)
                0x00000f18                UART_ClearRxBuffer
 .text.UART_WriteTxData
                0x00000f58       0x2c .\CortexM3\ARM_GCC_493\Debug\RS232.a(UART.o)
                0x00000f58                UART_WriteTxData
 .text.rx_int_StartEx
                0x00000f84       0x24 .\CortexM3\ARM_GCC_493\Debug\RS232.a(rx_int.o)
                0x00000f84                rx_int_StartEx
 .text.rx_int_SetVector
                0x00000fa8       0x24 .\CortexM3\ARM_GCC_493\Debug\RS232.a(rx_int.o)
                0x00000fa8                rx_int_SetVector
 .text.rx_int_SetPriority
                0x00000fcc       0x24 .\CortexM3\ARM_GCC_493\Debug\RS232.a(rx_int.o)
                0x00000fcc                rx_int_SetPriority
 .text.rx_int_Enable
                0x00000ff0       0x18 .\CortexM3\ARM_GCC_493\Debug\RS232.a(rx_int.o)
                0x00000ff0                rx_int_Enable
 .text.rx_int_Disable
                0x00001008       0x18 .\CortexM3\ARM_GCC_493\Debug\RS232.a(rx_int.o)
                0x00001008                rx_int_Disable
 .text.UART_IntClock_Start
                0x00001020       0x34 .\CortexM3\ARM_GCC_493\Debug\RS232.a(UART_IntClock.o)
                0x00001020                UART_IntClock_Start
 .text.CapSense_Init
                0x00001054      0x148 .\CortexM3\ARM_GCC_493\Debug\RS232.a(CapSense.o)
                0x00001054                CapSense_Init
 .text.CapSense_Enable
                0x0000119c       0x98 .\CortexM3\ARM_GCC_493\Debug\RS232.a(CapSense.o)
                0x0000119c                CapSense_Enable
 .text.CapSense_Start
                0x00001234       0x30 .\CortexM3\ARM_GCC_493\Debug\RS232.a(CapSense.o)
                0x00001234                CapSense_Start
 .text.CapSense_FindNextSensor
                0x00001264       0x50 .\CortexM3\ARM_GCC_493\Debug\RS232.a(CapSense.o)
                0x00001264                CapSense_FindNextSensor
 .text.CapSense_SetScanSlotSettings
                0x000012b4       0x50 .\CortexM3\ARM_GCC_493\Debug\RS232.a(CapSense.o)
                0x000012b4                CapSense_SetScanSlotSettings
 .text.CapSense_ScanSensor
                0x00001304       0x34 .\CortexM3\ARM_GCC_493\Debug\RS232.a(CapSense.o)
                0x00001304                CapSense_ScanSensor
 .text.CapSense_ScanEnabledWidgets
                0x00001338       0x54 .\CortexM3\ARM_GCC_493\Debug\RS232.a(CapSense.o)
                0x00001338                CapSense_ScanEnabledWidgets
 .text.CapSense_IsBusy
                0x0000138c       0x20 .\CortexM3\ARM_GCC_493\Debug\RS232.a(CapSense.o)
                0x0000138c                CapSense_IsBusy
 .text.CapSense_ClearSensors
                0x000013ac       0x28 .\CortexM3\ARM_GCC_493\Debug\RS232.a(CapSense.o)
                0x000013ac                CapSense_ClearSensors
 .text.CapSense_EnableSensor
                0x000013d4       0x68 .\CortexM3\ARM_GCC_493\Debug\RS232.a(CapSense.o)
                0x000013d4                CapSense_EnableSensor
 .text.CapSense_DisableSensor
                0x0000143c       0x6c .\CortexM3\ARM_GCC_493\Debug\RS232.a(CapSense.o)
                0x0000143c                CapSense_DisableSensor
 .text.CapSense_PreScan
                0x000014a8       0x58 .\CortexM3\ARM_GCC_493\Debug\RS232.a(CapSense.o)
                0x000014a8                CapSense_PreScan
 .text.CapSense_PostScan
                0x00001500       0x98 .\CortexM3\ARM_GCC_493\Debug\RS232.a(CapSense.o)
                0x00001500                CapSense_PostScan
 .text.CapSense_SetPrescaler
                0x00001598       0x2c .\CortexM3\ARM_GCC_493\Debug\RS232.a(CapSense.o)
                0x00001598                CapSense_SetPrescaler
 .text.CapSense_SetAnalogSwitchesSource
                0x000015c4       0x40 .\CortexM3\ARM_GCC_493\Debug\RS232.a(CapSense.o)
                0x000015c4                CapSense_SetAnalogSwitchesSource
 .text.CapSense_BaseInit
                0x00001604       0x78 .\CortexM3\ARM_GCC_493\Debug\RS232.a(CapSense_CSHL.o)
                0x00001604                CapSense_BaseInit
 .text.CapSense_InitializeSensorBaseline
                0x0000167c       0x2c .\CortexM3\ARM_GCC_493\Debug\RS232.a(CapSense_CSHL.o)
                0x0000167c                CapSense_InitializeSensorBaseline
 .text.CapSense_InitializeAllBaselines
                0x000016a8       0x28 .\CortexM3\ARM_GCC_493\Debug\RS232.a(CapSense_CSHL.o)
                0x000016a8                CapSense_InitializeAllBaselines
 .text.CapSense_UpdateSensorBaseline
                0x000016d0      0x17c .\CortexM3\ARM_GCC_493\Debug\RS232.a(CapSense_CSHL.o)
                0x000016d0                CapSense_UpdateSensorBaseline
 .text.CapSense_UpdateEnabledBaselines
                0x0000184c       0x50 .\CortexM3\ARM_GCC_493\Debug\RS232.a(CapSense_CSHL.o)
                0x0000184c                CapSense_UpdateEnabledBaselines
 .text.CapSense_CheckIsSensorActive
                0x0000189c      0x108 .\CortexM3\ARM_GCC_493\Debug\RS232.a(CapSense_CSHL.o)
                0x0000189c                CapSense_CheckIsSensorActive
 .text.CapSense_CheckIsWidgetActive
                0x000019a4       0x54 .\CortexM3\ARM_GCC_493\Debug\RS232.a(CapSense_CSHL.o)
                0x000019a4                CapSense_CheckIsWidgetActive
 .text.CapSense_IIR4Filter
                0x000019f8       0x38 .\CortexM3\ARM_GCC_493\Debug\RS232.a(CapSense_CSHL.o)
                0x000019f8                CapSense_IIR4Filter
 .text.CapSense_IsrCH0_ISR
                0x00001a30       0x78 .\CortexM3\ARM_GCC_493\Debug\RS232.a(CapSense_INT.o)
                0x00001a30                CapSense_IsrCH0_ISR
 .text.SMS_LIB_ScanSensor
                0x00001aa8       0x18 .\CortexM3\ARM_GCC_493\Debug\RS232.a(CapSense_SMS_Wrapper.o)
                0x00001aa8                SMS_LIB_ScanSensor
 .text.SMS_LIB_IsBusy
                0x00001ac0       0x10 .\CortexM3\ARM_GCC_493\Debug\RS232.a(CapSense_SMS_Wrapper.o)
                0x00001ac0                SMS_LIB_IsBusy
 .text.CapSense_CalculateThresholds
                0x00001ad0       0x18 .\CortexM3\ARM_GCC_493\Debug\RS232.a(CapSense_SMS_Wrapper.o)
                0x00001ad0                CapSense_CalculateThresholds
 .text.CapSense_AutoTune
                0x00001ae8        0xc .\CortexM3\ARM_GCC_493\Debug\RS232.a(CapSense_SMS_Wrapper.o)
                0x00001ae8                CapSense_AutoTune
 .text.SMS_LIB_V3_50_SetAnalogSwitchesSrc_PRS
                0x00001af4        0xc .\CortexM3\ARM_GCC_493\Debug\RS232.a(CapSense_SMS_Wrapper.o)
                0x00001af4                SMS_LIB_V3_50_SetAnalogSwitchesSrc_PRS
 .text.SMS_LIB_V3_50_SetAnalogSwitchesSrc_Prescaler
                0x00001b00        0xc .\CortexM3\ARM_GCC_493\Debug\RS232.a(CapSense_SMS_Wrapper.o)
                0x00001b00                SMS_LIB_V3_50_SetAnalogSwitchesSrc_Prescaler
 .text.CapSense_CompCH0_Init
                0x00001b0c       0x64 .\CortexM3\ARM_GCC_493\Debug\RS232.a(CapSense_CompCH0.o)
                0x00001b0c                CapSense_CompCH0_Init
 .text.CapSense_CompCH0_Enable
                0x00001b70       0x34 .\CortexM3\ARM_GCC_493\Debug\RS232.a(CapSense_CompCH0.o)
                0x00001b70                CapSense_CompCH0_Enable
 .text.CapSense_CompCH0_SetSpeed
                0x00001ba4       0x80 .\CortexM3\ARM_GCC_493\Debug\RS232.a(CapSense_CompCH0.o)
                0x00001ba4                CapSense_CompCH0_SetSpeed
 .text.CapSense_IdacCH0_Init
                0x00001c24       0x44 .\CortexM3\ARM_GCC_493\Debug\RS232.a(CapSense_IdacCH0.o)
                0x00001c24                CapSense_IdacCH0_Init
 .text.CapSense_IdacCH0_Enable
                0x00001c68       0x34 .\CortexM3\ARM_GCC_493\Debug\RS232.a(CapSense_IdacCH0.o)
                0x00001c68                CapSense_IdacCH0_Enable
 .text.CapSense_IdacCH0_SetSpeed
                0x00001c9c       0x40 .\CortexM3\ARM_GCC_493\Debug\RS232.a(CapSense_IdacCH0.o)
                0x00001c9c                CapSense_IdacCH0_SetSpeed
 .text.CapSense_IdacCH0_SetPolarity
                0x00001cdc       0x40 .\CortexM3\ARM_GCC_493\Debug\RS232.a(CapSense_IdacCH0.o)
                0x00001cdc                CapSense_IdacCH0_SetPolarity
 .text.CapSense_IdacCH0_SetRange
                0x00001d1c       0x40 .\CortexM3\ARM_GCC_493\Debug\RS232.a(CapSense_IdacCH0.o)
                0x00001d1c                CapSense_IdacCH0_SetRange
 .text.CapSense_IdacCH0_SetValue
                0x00001d5c       0x20 .\CortexM3\ARM_GCC_493\Debug\RS232.a(CapSense_IdacCH0.o)
                0x00001d5c                CapSense_IdacCH0_SetValue
 .text.CapSense_IdacCH0_DacTrim
                0x00001d7c       0x54 .\CortexM3\ARM_GCC_493\Debug\RS232.a(CapSense_IdacCH0.o)
                0x00001d7c                CapSense_IdacCH0_DacTrim
 .text.CapSense_AMuxCH0_Init
                0x00001dd0        0xc .\CortexM3\ARM_GCC_493\Debug\RS232.a(CapSense_AMuxCH0.o)
                0x00001dd0                CapSense_AMuxCH0_Init
 .text.CapSense_AMuxCH0_DisconnectAll
                0x00001ddc       0x28 .\CortexM3\ARM_GCC_493\Debug\RS232.a(CapSense_AMuxCH0.o)
                0x00001ddc                CapSense_AMuxCH0_DisconnectAll
 .text.CapSense_IntClock_Start
                0x00001e04       0x34 .\CortexM3\ARM_GCC_493\Debug\RS232.a(CapSense_IntClock.o)
                0x00001e04                CapSense_IntClock_Start
 .text.LED_1_Write
                0x00001e38       0x3c .\CortexM3\ARM_GCC_493\Debug\RS232.a(LED_1.o)
                0x00001e38                LED_1_Write
 .text.LED_1_Read
                0x00001e74       0x20 .\CortexM3\ARM_GCC_493\Debug\RS232.a(LED_1.o)
                0x00001e74                LED_1_Read
 .text.LED_2_Write
                0x00001e94       0x3c .\CortexM3\ARM_GCC_493\Debug\RS232.a(LED_2.o)
                0x00001e94                LED_2_Write
 .text.SMS_LIB_V3_50_CallibrateSensor1Ch
                0x00001ed0       0x84 C:\Program Files (x86)\Cypress\PSoC Creator\3.3\PSoC Creator\psoc\content\cycomponentlibrary\CyComponentLibrary.cylib\CapSense_CSD_v3_50\Library\CapSenseLibrary_GCC.a(CapSense_CSD_SmartSense_v3_50.o)
                0x00001ed0                SMS_LIB_V3_50_CallibrateSensor1Ch
 .text.SMS_LIB_V3_50_AutoTuneSensor1Ch
                0x00001f54       0x9c C:\Program Files (x86)\Cypress\PSoC Creator\3.3\PSoC Creator\psoc\content\cycomponentlibrary\CyComponentLibrary.cylib\CapSense_CSD_v3_50\Library\CapSenseLibrary_GCC.a(CapSense_CSD_SmartSense_v3_50.o)
                0x00001f54                SMS_LIB_V3_50_AutoTuneSensor1Ch
 .text.SMS_LIB_V3_50_MeasureNoiseEnvelope
                0x00001ff0       0x94 C:\Program Files (x86)\Cypress\PSoC Creator\3.3\PSoC Creator\psoc\content\cycomponentlibrary\CyComponentLibrary.cylib\CapSense_CSD_v3_50\Library\CapSenseLibrary_GCC.a(CapSense_CSD_SmartSense_v3_50.o)
                0x00001ff0                SMS_LIB_V3_50_MeasureNoiseEnvelope
 .text.SMS_LIB_V3_50_CalculateThresholds
                0x00002084       0xc4 C:\Program Files (x86)\Cypress\PSoC Creator\3.3\PSoC Creator\psoc\content\cycomponentlibrary\CyComponentLibrary.cylib\CapSense_CSD_v3_50\Library\CapSenseLibrary_GCC.a(CapSense_CSD_SmartSense_v3_50.o)
                0x00002084                SMS_LIB_V3_50_CalculateThresholds
 .text.SMS_LIB_V3_50_Sensors2WidgetResolutionTransform
                0x00002148       0xa8 C:\Program Files (x86)\Cypress\PSoC Creator\3.3\PSoC Creator\psoc\content\cycomponentlibrary\CyComponentLibrary.cylib\CapSense_CSD_v3_50\Library\CapSenseLibrary_GCC.a(CapSense_CSD_SmartSense_v3_50.o)
                0x00002148                SMS_LIB_V3_50_Sensors2WidgetResolutionTransform
 .text.SMS_LIB_V3_50_AutoTune1Ch
                0x000021f0       0x88 C:\Program Files (x86)\Cypress\PSoC Creator\3.3\PSoC Creator\psoc\content\cycomponentlibrary\CyComponentLibrary.cylib\CapSense_CSD_v3_50\Library\CapSenseLibrary_GCC.a(CapSense_CSD_SmartSense_v3_50.o)
                0x000021f0                SMS_LIB_V3_50_AutoTune1Ch
 .text          0x00002278       0x24 c:/program files (x86)/cypress/psoc creator/3.3/psoc creator/import/gnu/arm/4.9.3/bin/../lib/gcc/arm-none-eabi/4.9.3/armv7-m\libgcc.a(_udivsi3.o)
                0x00002278                __aeabi_uidiv
                0x00002278                __udivsi3
                0x0000228c                __aeabi_uidivmod
 .text          0x0000229c        0x4 c:/program files (x86)/cypress/psoc creator/3.3/psoc creator/import/gnu/arm/4.9.3/bin/../lib/gcc/arm-none-eabi/4.9.3/armv7-m\libgcc.a(_dvmd_tls.o)
                0x0000229c                __aeabi_idiv0
                0x0000229c                __aeabi_ldiv0
 .text.__libc_init_array
                0x000022a0       0x4c c:/program files (x86)/cypress/psoc creator/3.3/psoc creator/import/gnu/arm/4.9.3/bin/../lib/gcc/arm-none-eabi/4.9.3/../../../../arm-none-eabi/lib/armv7-m\libg_nano.a(lib_a-init.o)
                0x000022a0                __libc_init_array
 .text.memcpy   0x000022ec       0x16 c:/program files (x86)/cypress/psoc creator/3.3/psoc creator/import/gnu/arm/4.9.3/bin/../lib/gcc/arm-none-eabi/4.9.3/../../../../arm-none-eabi/lib/armv7-m\libg_nano.a(lib_a-memcpy.o)
                0x000022ec                memcpy
 .text.memset   0x00002302       0x10 c:/program files (x86)/cypress/psoc creator/3.3/psoc creator/import/gnu/arm/4.9.3/bin/../lib/gcc/arm-none-eabi/4.9.3/../../../../arm-none-eabi/lib/armv7-m\libg_nano.a(lib_a-memset.o)
                0x00002302                memset
 *(.plt)
 *(.gnu.warning)
 *(.glue_7t)
 .glue_7t       0x00000000        0x0 linker stubs
 *(.glue_7)
 .glue_7        0x00000000        0x0 linker stubs
 *(.vfp11_veneer)
 .vfp11_veneer  0x00000000        0x0 linker stubs
 *(.bootloader)
 *(.ARM.extab* .gnu.linkonce.armextab.*)
 *(.gcc_except_table)

.v4_bx          0x00002314        0x0
 .v4_bx         0x00000000        0x0 linker stubs

.iplt           0x00002314        0x0
 .iplt          0x00000000        0x0 c:/program files (x86)/cypress/psoc creator/3.3/psoc creator/import/gnu/arm/4.9.3/bin/../lib/gcc/arm-none-eabi/4.9.3/armv7-m/crtbegin.o

.eh_frame_hdr
 *(.eh_frame_hdr)

.eh_frame       0x00002314        0x4
 *(.eh_frame)
 .eh_frame      0x00002314        0x0 c:/program files (x86)/cypress/psoc creator/3.3/psoc creator/import/gnu/arm/4.9.3/bin/../lib/gcc/arm-none-eabi/4.9.3/armv7-m/crtbegin.o
 .eh_frame      0x00002314        0x4 c:/program files (x86)/cypress/psoc creator/3.3/psoc creator/import/gnu/arm/4.9.3/bin/../lib/gcc/arm-none-eabi/4.9.3/armv7-m/crtend.o
                0x00002318                PROVIDE (__exidx_start, .)

.ARM.exidx
 *(.ARM.exidx* .gnu.linkonce.armexidx.*)
                0x00002318                __exidx_end = .

.rodata         0x00002318       0xf8
 *(.rodata .rodata.* .gnu.linkonce.r.*)
 .rodata        0x00002318       0x60 .\CortexM3\ARM_GCC_493\Debug\RS232.a(cyfitter_cfg.o)
                0x00002318                CapSense_AMuxCH0__addrTable
                0x0000232c                CapSense_AMuxCH0__maskTable
 .rodata        0x00002378       0x34 .\CortexM3\ARM_GCC_493\Debug\RS232.a(CapSense.o)
                0x00002378                CapSense_pcTable
                0x00002380                CapSense_portTable
                0x00002384                CapSense_maskTable
                0x00002388                CapSense_csTable
                0x000023a8                CapSense_widgetNumber
 .rodata        0x000023ac        0x8 .\CortexM3\ARM_GCC_493\Debug\RS232.a(CapSense_CSHL.o)
                0x000023ac                CapSense_rawDataIndex
                0x000023b0                CapSense_numberOfSensors
 .rodata        0x000023b4       0x24 .\CortexM3\ARM_GCC_493\Debug\RS232.a(CapSense_SMS_Wrapper.o)
                0x000023b4                SMS_LIB_SensorSensitivity
                0x000023b8                SMS_LIB_PrescalerTbl
                0x000023d8                . = ALIGN (0x4)
 *(.init)
 .init          0x000023d8        0x4 c:/program files (x86)/cypress/psoc creator/3.3/psoc creator/import/gnu/arm/4.9.3/bin/../lib/gcc/arm-none-eabi/4.9.3/armv7-m/crti.o
                0x000023d8                _init
 .init          0x000023dc        0x8 c:/program files (x86)/cypress/psoc creator/3.3/psoc creator/import/gnu/arm/4.9.3/bin/../lib/gcc/arm-none-eabi/4.9.3/armv7-m/crtn.o
                0x000023e4                . = ALIGN (0x4)
                0x000023e4                __preinit_array_start = .
 *(.preinit_array)
                0x000023e4                __preinit_array_end = .
                0x000023e4                . = ALIGN (0x4)
                0x000023e4                __init_array_start = .
 *(SORT(.init_array.*))
 *(.init_array)
 .init_array    0x000023e4        0x4 c:/program files (x86)/cypress/psoc creator/3.3/psoc creator/import/gnu/arm/4.9.3/bin/../lib/gcc/arm-none-eabi/4.9.3/armv7-m/crtbegin.o
 .init_array    0x000023e8        0x4 .\CortexM3\ARM_GCC_493\Debug\Cm3Start.o
                0x000023ec                __init_array_end = .
                0x000023ec                . = ALIGN (0x4)
 *(.fini)
 .fini          0x000023ec        0x4 c:/program files (x86)/cypress/psoc creator/3.3/psoc creator/import/gnu/arm/4.9.3/bin/../lib/gcc/arm-none-eabi/4.9.3/armv7-m/crti.o
                0x000023ec                _fini
 .fini          0x000023f0        0x8 c:/program files (x86)/cypress/psoc creator/3.3/psoc creator/import/gnu/arm/4.9.3/bin/../lib/gcc/arm-none-eabi/4.9.3/armv7-m/crtn.o
                0x000023f8                . = ALIGN (0x4)
                0x000023f8                __fini_array_start = .
 *(.fini_array)
 .fini_array    0x000023f8        0x4 c:/program files (x86)/cypress/psoc creator/3.3/psoc creator/import/gnu/arm/4.9.3/bin/../lib/gcc/arm-none-eabi/4.9.3/armv7-m/crtbegin.o
 *(SORT(.fini_array.*))
                0x000023fc                __fini_array_end = .
                0x000023fc                . = ALIGN (0x4)
 *crtbegin.o(.ctors)
 *(EXCLUDE_FILE(*crtend.o) .ctors)
 *(SORT(.ctors.*))
 *crtend.o(.ctors)
                0x000023fc                . = ALIGN (0x4)
 *crtbegin.o(.dtors)
 *(EXCLUDE_FILE(*crtend.o) .dtors)
 *(SORT(.dtors.*))
 *crtend.o(.dtors)
                0x000023fc                . = ALIGN (0x4)
                0x000023fc                __cy_regions = .
                0x000023fc        0x4 LONG 0x2410 __cy_region_init_ram
                0x00002400        0x4 LONG 0x1fff8108 __cy_region_start_data
                0x00002404        0x4 LONG 0x68 __cy_region_init_size_ram
                0x00002408        0x4 LONG 0x70 __cy_region_zero_size_ram
                0x0000240c                __cy_regions_end = .
                0x00002410                . = ALIGN (0x8)
 *fill*         0x0000240c        0x4 
                0x00002410                _etext = .

.cy_checksum_exclude
                0x00002410        0x0
 *(.cy_checksum_exclude)

.ramvectors     0x1fff8000      0x100
                0x1fff8000                __cy_region_start_ram = .
 *(.ramvectors)
 .ramvectors    0x1fff8000      0x100 .\CortexM3\ARM_GCC_493\Debug\Cm3Start.o
                0x1fff8000                CyRamVectors

.noinit         0x1fff8100        0x5
 *(.noinit)
 .noinit        0x1fff8100        0x4 .\CortexM3\ARM_GCC_493\Debug\Cm3Start.o
 .noinit        0x1fff8104        0x1 .\CortexM3\ARM_GCC_493\Debug\RS232.a(CyLib.o)
                0x1fff8104                CyResetStatus

.data           0x1fff8108       0x68 load address 0x00002410
                0x1fff8108                __cy_region_start_data = .
 *(.jcr)
 .jcr           0x1fff8108        0x0 c:/program files (x86)/cypress/psoc creator/3.3/psoc creator/import/gnu/arm/4.9.3/bin/../lib/gcc/arm-none-eabi/4.9.3/armv7-m/crtbegin.o
 .jcr           0x1fff8108        0x4 c:/program files (x86)/cypress/psoc creator/3.3/psoc creator/import/gnu/arm/4.9.3/bin/../lib/gcc/arm-none-eabi/4.9.3/armv7-m/crtend.o
 *(.got.plt)
 *(.got)
 *(.shdata)
 *(.data .data.* .gnu.linkonce.d.*)
 .data          0x1fff810c       0x10 .\CortexM3\ARM_GCC_493\Debug\RS232.a(CyLib.o)
                0x1fff810c                cydelay_freq_hz
                0x1fff8110                cydelay_freq_khz
                0x1fff8114                cydelay_freq_mhz
                0x1fff8118                cydelay_32k_ms
 .data          0x1fff811c       0x10 .\CortexM3\ARM_GCC_493\Debug\RS232.a(CapSense.o)
                0x1fff811c                CapSense_lowLevelTuningDone
                0x1fff8120                CapSense_sensorEnableMask
                0x1fff8124                CapSense_idacSettings
                0x1fff8128                CapSense_widgetResolution
 .data          0x1fff812c       0x10 .\CortexM3\ARM_GCC_493\Debug\RS232.a(CapSense_CSHL.o)
                0x1fff812c                CapSense_fingerThreshold
                0x1fff8130                CapSense_noiseThreshold
                0x1fff8134                CapSense_hysteresis
                0x1fff8138                CapSense_debounce
 .data          0x1fff813c       0x34 .\CortexM3\ARM_GCC_493\Debug\RS232.a(CapSense_SMS_Wrapper.o)
                0x1fff813c                SMS_LIB_noiseThreshold
                0x1fff8140                SMS_LIB_hysteresis
                0x1fff8144                SMS_LIB_widgetResolution
                0x1fff8148                SMS_LIB_widgetNumber
                0x1fff814c                SMS_LIB_numberOfSensors
                0x1fff8150                SMS_LIB_rawDataIndex
                0x1fff8154                SMS_LIB_fingerThreshold
                0x1fff8158                SMS_LIB_idacSettings
                0x1fff815c                SMS_LIB_prescaler
                0x1fff8160                SMS_LIB_SensorRaw
                0x1fff8164                SMS_LIB_SensorBaseline
                0x1fff8168                SMS_LIB_Var1
                0x1fff816a                SMS_LIB_Var2
                0x1fff816c                SMS_LIB_TotalSnsCnt
                0x1fff816d                SMS_LIB_TotalScanSlCnt
                0x1fff816e                SMS_LIB_EndOfWidgInd
                0x1fff8170                . = ALIGN (0x8)
 *(.ram)
                0x1fff8170                _edata = .

.igot.plt       0x1fff8170        0x0 load address 0x00002478
 .igot.plt      0x00000000        0x0 c:/program files (x86)/cypress/psoc creator/3.3/psoc creator/import/gnu/arm/4.9.3/bin/../lib/gcc/arm-none-eabi/4.9.3/armv7-m/crtbegin.o

.bss            0x1fff8170       0x70 load address 0x00002478
                0x1fff8170                PROVIDE (__bss_start__, .)
 *(.shbss)
 *(.bss .bss.* .gnu.linkonce.b.*)
 .bss           0x1fff8170       0x1c c:/program files (x86)/cypress/psoc creator/3.3/psoc creator/import/gnu/arm/4.9.3/bin/../lib/gcc/arm-none-eabi/4.9.3/armv7-m/crtbegin.o
 .bss           0x1fff818c        0x4 .\CortexM3\ARM_GCC_493\Debug\main.o
                0x1fff818c                x
                0x1fff818d                x0
                0x1fff818e                x1
                0x1fff818f                y
 .bss           0x1fff8190        0x2 .\CortexM3\ARM_GCC_493\Debug\RS232.a(LCD.o)
                0x1fff8190                LCD_enableState
                0x1fff8191                LCD_initVar
 .bss           0x1fff8192        0x2 .\CortexM3\ARM_GCC_493\Debug\RS232.a(UART.o)
                0x1fff8192                UART_initVar
 .bss           0x1fff8194        0x1 .\CortexM3\ARM_GCC_493\Debug\RS232.a(CapSense.o)
 *fill*         0x1fff8195        0x3 
 .bss           0x1fff8198        0x4 .\CortexM3\ARM_GCC_493\Debug\RS232.a(CapSense_CSHL.o)
                0x1fff8198                CapSense_debounceCounter
 *(COMMON)
 COMMON         0x1fff819c        0x8 .\CortexM3\ARM_GCC_493\Debug\RS232.a(CapSense.o)
                0x1fff819c                CapSense_sensorRaw
                0x1fff81a0                CapSense_analogSwitchDivider
                0x1fff81a2                CapSense_sensorIndex
                0x1fff81a3                CapSense_csv
 COMMON         0x1fff81a4       0x15 .\CortexM3\ARM_GCC_493\Debug\RS232.a(CapSense_CSHL.o)
                0x1fff81a4                CapSense_lowBaselineResetCnt
                0x1fff81a8                CapSense_sensorBaselineLow
                0x1fff81ac                CapSense_sensorSignal
                0x1fff81b0                CapSense_sensorBaseline
                0x1fff81b4                CapSense_rawFilterData1
                0x1fff81b8                CapSense_sensorOnMask
 *fill*         0x1fff81b9        0x3 
 COMMON         0x1fff81bc       0x1e .\CortexM3\ARM_GCC_493\Debug\RS232.a(CapSense_SMS_Wrapper.o)
                0x1fff81bc                SMS_LIB_Table4
                0x1fff81c0                SMS_LIB_Table7
                0x1fff81c4                SMS_LIB_Table8
                0x1fff81c8                SMS_LIB_Table2
                0x1fff81cc                SMS_LIB_Table5
                0x1fff81d0                SMS_LIB_Table9
                0x1fff81d4                SMS_LIB_Table6
                0x1fff81d8                SMS_LIB_Table3
                0x1fff81e0                . = ALIGN (0x8)
 *fill*         0x1fff81da        0x6 
 *(.ram.b)
                0x1fff81e0                _end = .
                0x1fff81e0                __end = .
                0x1fff81e0                PROVIDE (end, .)
                0x1fff81e0                PROVIDE (__bss_end__, .)
                0x00002410                __cy_region_init_ram = LOADADDR (.data)
                0x00000068                __cy_region_init_size_ram = (_edata - ADDR (.data))
                0x00000070                __cy_region_zero_size_ram = (_end - _edata)

.heap           0x1fff81e0     0x1000 load address 0x00002478
                0x1fff81e0                . = _end
                0x1fff91e0                . = (. + 0x1000)
 *fill*         0x1fff81e0     0x1000 
                0x1fff91e0                __cy_heap_limit = .

.stack          0x20004000     0x4000
                0x20004000                __cy_stack_limit = .
                0x20008000                . = (. + 0x4000)
 *fill*         0x20004000     0x4000 
                0x00000001                ASSERT ((__cy_stack_limit >= __cy_heap_limit), region RAM overflowed with stack)
                0x00000000                cy_checksum_exclude_size = (CY_APPL_LOADABLE == 0x1)?SIZEOF (.cy_checksum_exclude):0x0
                0x00000001                ASSERT ((cy_checksum_exclude_size <= CY_CHECKSUM_EXCLUDE_SIZE), CY_BOOT: Section .cy_checksum_exclude size exceedes specified limit.)

.cyloadermeta
 *(.cyloadermeta)

.cyloadablemeta
 *(.cyloadablemeta)

.cyconfigecc    0x80000000      0x63c
 *(.cyconfigecc)
 .cyconfigecc   0x80000000      0x63c .\CortexM3\ARM_GCC_493\Debug\cymetadata.o
                0x80000000                cy_meta_configecc

.cycustnvl      0x90000000        0x4
 *(.cycustnvl)
 .cycustnvl     0x90000000        0x4 .\CortexM3\ARM_GCC_493\Debug\cymetadata.o
                0x90000000                cy_meta_custnvl

.cywolatch      0x90100000        0x4
 *(.cywolatch)
 .cywolatch     0x90100000        0x4 .\CortexM3\ARM_GCC_493\Debug\cymetadata.o
                0x90100000                cy_meta_wonvl

.cyeeprom       0x90200000        0x0
 *(.cyeeprom)
                0x00000001                ASSERT ((. <= ((0x90200000 + ee_offset) + ee_size)), .cyeeprom data will not fit in EEPROM)

.cyflashprotect
                0x90400000      0x100
 *(.cyflashprotect)
 .cyflashprotect
                0x90400000      0x100 .\CortexM3\ARM_GCC_493\Debug\cymetadata.o
                0x90400000                cy_meta_flashprotect

.cymeta         0x90500000        0xc
 *(.cymeta)
 .cymeta        0x90500000        0xc .\CortexM3\ARM_GCC_493\Debug\cymetadata.o
                0x90500000                cy_metadata

.rel.dyn        0x00002478        0x0 load address 0x9050000c
 .rel.iplt      0x00000000        0x0 c:/program files (x86)/cypress/psoc creator/3.3/psoc creator/import/gnu/arm/4.9.3/bin/../lib/gcc/arm-none-eabi/4.9.3/armv7-m/crtbegin.o

.stab
 *(.stab)

.stabstr
 *(.stabstr)

.debug
 *(.debug)

.line
 *(.line)

.debug_srcinfo
 *(.debug_srcinfo)

.debug_sfnames
 *(.debug_sfnames)

.debug_aranges  0x00000000      0xbd8
 *(.debug_aranges)
 .debug_aranges
                0x00000000       0x58 .\CortexM3\ARM_GCC_493\Debug\main.o
 .debug_aranges
                0x00000058       0x48 .\CortexM3\ARM_GCC_493\Debug\Cm3Start.o
 .debug_aranges
                0x000000a0       0x18 .\CortexM3\ARM_GCC_493\Debug\cymetadata.o
 .debug_aranges
                0x000000b8       0x70 .\CortexM3\ARM_GCC_493\Debug\RS232.a(cyfitter_cfg.o)
 .debug_aranges
                0x00000128       0x20 .\CortexM3\ARM_GCC_493\Debug\RS232.a(CyBootAsmGnu.o)
 .debug_aranges
                0x00000148      0x298 .\CortexM3\ARM_GCC_493\Debug\RS232.a(CyLib.o)
 .debug_aranges
                0x000003e0       0x98 .\CortexM3\ARM_GCC_493\Debug\RS232.a(cyPm.o)
 .debug_aranges
                0x00000478       0x98 .\CortexM3\ARM_GCC_493\Debug\RS232.a(LCD.o)
 .debug_aranges
                0x00000510       0xf0 .\CortexM3\ARM_GCC_493\Debug\RS232.a(UART.o)
 .debug_aranges
                0x00000600       0x80 .\CortexM3\ARM_GCC_493\Debug\RS232.a(rx_int.o)
 .debug_aranges
                0x00000680       0x70 .\CortexM3\ARM_GCC_493\Debug\RS232.a(UART_IntClock.o)
 .debug_aranges
                0x000006f0       0xb0 .\CortexM3\ARM_GCC_493\Debug\RS232.a(CapSense.o)
 .debug_aranges
                0x000007a0       0x78 .\CortexM3\ARM_GCC_493\Debug\RS232.a(CapSense_CSHL.o)
 .debug_aranges
                0x00000818       0x20 .\CortexM3\ARM_GCC_493\Debug\RS232.a(CapSense_INT.o)
 .debug_aranges
                0x00000838       0x50 .\CortexM3\ARM_GCC_493\Debug\RS232.a(CapSense_SMS_Wrapper.o)
 .debug_aranges
                0x00000888       0x70 .\CortexM3\ARM_GCC_493\Debug\RS232.a(CapSense_CompCH0.o)
 .debug_aranges
                0x000008f8       0x60 .\CortexM3\ARM_GCC_493\Debug\RS232.a(CapSense_IdacCH0.o)
 .debug_aranges
                0x00000958       0x48 .\CortexM3\ARM_GCC_493\Debug\RS232.a(CapSense_AMuxCH0.o)
 .debug_aranges
                0x000009a0       0x70 .\CortexM3\ARM_GCC_493\Debug\RS232.a(CapSense_IntClock.o)
 .debug_aranges
                0x00000a10       0x38 .\CortexM3\ARM_GCC_493\Debug\RS232.a(LED_1.o)
 .debug_aranges
                0x00000a48       0x38 .\CortexM3\ARM_GCC_493\Debug\RS232.a(LED_2.o)
 .debug_aranges
                0x00000a80       0x80 .\CortexM3\ARM_GCC_493\Debug\RS232.a(CyFlash.o)
 .debug_aranges
                0x00000b00       0x78 .\CortexM3\ARM_GCC_493\Debug\RS232.a(CySpc.o)
 .debug_aranges
                0x00000b78       0x60 C:\Program Files (x86)\Cypress\PSoC Creator\3.3\PSoC Creator\psoc\content\cycomponentlibrary\CyComponentLibrary.cylib\CapSense_CSD_v3_50\Library\CapSenseLibrary_GCC.a(CapSense_CSD_SmartSense_v3_50.o)

.debug_pubnames
 *(.debug_pubnames)

.debug_info     0x00000000     0x551a
 *(.debug_info .gnu.linkonce.wi.*)
 .debug_info    0x00000000      0x1d4 .\CortexM3\ARM_GCC_493\Debug\main.o
 .debug_info    0x000001d4      0x317 .\CortexM3\ARM_GCC_493\Debug\Cm3Start.o
 .debug_info    0x000004eb      0x13c .\CortexM3\ARM_GCC_493\Debug\cymetadata.o
 .debug_info    0x00000627      0x4ec .\CortexM3\ARM_GCC_493\Debug\RS232.a(cyfitter_cfg.o)
 .debug_info    0x00000b13       0xa2 .\CortexM3\ARM_GCC_493\Debug\RS232.a(CyBootAsmGnu.o)
 .debug_info    0x00000bb5      0xe31 .\CortexM3\ARM_GCC_493\Debug\RS232.a(CyLib.o)
 .debug_info    0x000019e6      0x55f .\CortexM3\ARM_GCC_493\Debug\RS232.a(cyPm.o)
 .debug_info    0x00001f45      0x3c4 .\CortexM3\ARM_GCC_493\Debug\RS232.a(LCD.o)
 .debug_info    0x00002309      0x500 .\CortexM3\ARM_GCC_493\Debug\RS232.a(UART.o)
 .debug_info    0x00002809      0x238 .\CortexM3\ARM_GCC_493\Debug\RS232.a(rx_int.o)
 .debug_info    0x00002a41      0x25b .\CortexM3\ARM_GCC_493\Debug\RS232.a(UART_IntClock.o)
 .debug_info    0x00002c9c      0x530 .\CortexM3\ARM_GCC_493\Debug\RS232.a(CapSense.o)
 .debug_info    0x000031cc      0x591 .\CortexM3\ARM_GCC_493\Debug\RS232.a(CapSense_CSHL.o)
 .debug_info    0x0000375d       0xc1 .\CortexM3\ARM_GCC_493\Debug\RS232.a(CapSense_INT.o)
 .debug_info    0x0000381e      0x40a .\CortexM3\ARM_GCC_493\Debug\RS232.a(CapSense_SMS_Wrapper.o)
 .debug_info    0x00003c28      0x23c .\CortexM3\ARM_GCC_493\Debug\RS232.a(CapSense_CompCH0.o)
 .debug_info    0x00003e64      0x1ac .\CortexM3\ARM_GCC_493\Debug\RS232.a(CapSense_IdacCH0.o)
 .debug_info    0x00004010      0x14d .\CortexM3\ARM_GCC_493\Debug\RS232.a(CapSense_AMuxCH0.o)
 .debug_info    0x0000415d      0x25b .\CortexM3\ARM_GCC_493\Debug\RS232.a(CapSense_IntClock.o)
 .debug_info    0x000043b8      0x11d .\CortexM3\ARM_GCC_493\Debug\RS232.a(LED_1.o)
 .debug_info    0x000044d5      0x11d .\CortexM3\ARM_GCC_493\Debug\RS232.a(LED_2.o)
 .debug_info    0x000045f2      0x36a .\CortexM3\ARM_GCC_493\Debug\RS232.a(CyFlash.o)
 .debug_info    0x0000495c      0x456 .\CortexM3\ARM_GCC_493\Debug\RS232.a(CySpc.o)
 .debug_info    0x00004db2      0x768 C:\Program Files (x86)\Cypress\PSoC Creator\3.3\PSoC Creator\psoc\content\cycomponentlibrary\CyComponentLibrary.cylib\CapSense_CSD_v3_50\Library\CapSenseLibrary_GCC.a(CapSense_CSD_SmartSense_v3_50.o)

.debug_abbrev   0x00000000     0x1c1e
 *(.debug_abbrev)
 .debug_abbrev  0x00000000       0xe5 .\CortexM3\ARM_GCC_493\Debug\main.o
 .debug_abbrev  0x000000e5      0x1b6 .\CortexM3\ARM_GCC_493\Debug\Cm3Start.o
 .debug_abbrev  0x0000029b       0x77 .\CortexM3\ARM_GCC_493\Debug\cymetadata.o
 .debug_abbrev  0x00000312      0x1ca .\CortexM3\ARM_GCC_493\Debug\RS232.a(cyfitter_cfg.o)
 .debug_abbrev  0x000004dc       0x14 .\CortexM3\ARM_GCC_493\Debug\RS232.a(CyBootAsmGnu.o)
 .debug_abbrev  0x000004f0      0x217 .\CortexM3\ARM_GCC_493\Debug\RS232.a(CyLib.o)
 .debug_abbrev  0x00000707      0x16e .\CortexM3\ARM_GCC_493\Debug\RS232.a(cyPm.o)
 .debug_abbrev  0x00000875      0x12d .\CortexM3\ARM_GCC_493\Debug\RS232.a(LCD.o)
 .debug_abbrev  0x000009a2      0x170 .\CortexM3\ARM_GCC_493\Debug\RS232.a(UART.o)
 .debug_abbrev  0x00000b12      0x17f .\CortexM3\ARM_GCC_493\Debug\RS232.a(rx_int.o)
 .debug_abbrev  0x00000c91      0x12a .\CortexM3\ARM_GCC_493\Debug\RS232.a(UART_IntClock.o)
 .debug_abbrev  0x00000dbb      0x165 .\CortexM3\ARM_GCC_493\Debug\RS232.a(CapSense.o)
 .debug_abbrev  0x00000f20      0x17b .\CortexM3\ARM_GCC_493\Debug\RS232.a(CapSense_CSHL.o)
 .debug_abbrev  0x0000109b       0x67 .\CortexM3\ARM_GCC_493\Debug\RS232.a(CapSense_INT.o)
 .debug_abbrev  0x00001102      0x101 .\CortexM3\ARM_GCC_493\Debug\RS232.a(CapSense_SMS_Wrapper.o)
 .debug_abbrev  0x00001203      0x153 .\CortexM3\ARM_GCC_493\Debug\RS232.a(CapSense_CompCH0.o)
 .debug_abbrev  0x00001356      0x121 .\CortexM3\ARM_GCC_493\Debug\RS232.a(CapSense_IdacCH0.o)
 .debug_abbrev  0x00001477       0x98 .\CortexM3\ARM_GCC_493\Debug\RS232.a(CapSense_AMuxCH0.o)
 .debug_abbrev  0x0000150f      0x12a .\CortexM3\ARM_GCC_493\Debug\RS232.a(CapSense_IntClock.o)
 .debug_abbrev  0x00001639       0x9d .\CortexM3\ARM_GCC_493\Debug\RS232.a(LED_1.o)
 .debug_abbrev  0x000016d6       0x9d .\CortexM3\ARM_GCC_493\Debug\RS232.a(LED_2.o)
 .debug_abbrev  0x00001773      0x12d .\CortexM3\ARM_GCC_493\Debug\RS232.a(CyFlash.o)
 .debug_abbrev  0x000018a0      0x179 .\CortexM3\ARM_GCC_493\Debug\RS232.a(CySpc.o)
 .debug_abbrev  0x00001a19      0x205 C:\Program Files (x86)\Cypress\PSoC Creator\3.3\PSoC Creator\psoc\content\cycomponentlibrary\CyComponentLibrary.cylib\CapSense_CSD_v3_50\Library\CapSenseLibrary_GCC.a(CapSense_CSD_SmartSense_v3_50.o)

.debug_line     0x00000000     0x2eac
 *(.debug_line)
 .debug_line    0x00000000      0x257 .\CortexM3\ARM_GCC_493\Debug\main.o
 .debug_line    0x00000257      0x1d6 .\CortexM3\ARM_GCC_493\Debug\Cm3Start.o
 .debug_line    0x0000042d       0x53 .\CortexM3\ARM_GCC_493\Debug\cymetadata.o
 .debug_line    0x00000480      0x24c .\CortexM3\ARM_GCC_493\Debug\RS232.a(cyfitter_cfg.o)
 .debug_line    0x000006cc       0x68 .\CortexM3\ARM_GCC_493\Debug\RS232.a(CyBootAsmGnu.o)
 .debug_line    0x00000734      0x872 .\CortexM3\ARM_GCC_493\Debug\RS232.a(CyLib.o)
 .debug_line    0x00000fa6      0x381 .\CortexM3\ARM_GCC_493\Debug\RS232.a(cyPm.o)
 .debug_line    0x00001327      0x1e3 .\CortexM3\ARM_GCC_493\Debug\RS232.a(LCD.o)
 .debug_line    0x0000150a      0x2e4 .\CortexM3\ARM_GCC_493\Debug\RS232.a(UART.o)
 .debug_line    0x000017ee      0x16a .\CortexM3\ARM_GCC_493\Debug\RS232.a(rx_int.o)
 .debug_line    0x00001958      0x1c1 .\CortexM3\ARM_GCC_493\Debug\RS232.a(UART_IntClock.o)
 .debug_line    0x00001b19      0x259 .\CortexM3\ARM_GCC_493\Debug\RS232.a(CapSense.o)
 .debug_line    0x00001d72      0x25e .\CortexM3\ARM_GCC_493\Debug\RS232.a(CapSense_CSHL.o)
 .debug_line    0x00001fd0       0x7e .\CortexM3\ARM_GCC_493\Debug\RS232.a(CapSense_INT.o)
 .debug_line    0x0000204e       0xfb .\CortexM3\ARM_GCC_493\Debug\RS232.a(CapSense_SMS_Wrapper.o)
 .debug_line    0x00002149      0x177 .\CortexM3\ARM_GCC_493\Debug\RS232.a(CapSense_CompCH0.o)
 .debug_line    0x000022c0      0x113 .\CortexM3\ARM_GCC_493\Debug\RS232.a(CapSense_IdacCH0.o)
 .debug_line    0x000023d3       0xdc .\CortexM3\ARM_GCC_493\Debug\RS232.a(CapSense_AMuxCH0.o)
 .debug_line    0x000024af      0x1c5 .\CortexM3\ARM_GCC_493\Debug\RS232.a(CapSense_IntClock.o)
 .debug_line    0x00002674       0x96 .\CortexM3\ARM_GCC_493\Debug\RS232.a(LED_1.o)
 .debug_line    0x0000270a       0x96 .\CortexM3\ARM_GCC_493\Debug\RS232.a(LED_2.o)
 .debug_line    0x000027a0      0x207 .\CortexM3\ARM_GCC_493\Debug\RS232.a(CyFlash.o)
 .debug_line    0x000029a7      0x217 .\CortexM3\ARM_GCC_493\Debug\RS232.a(CySpc.o)
 .debug_line    0x00002bbe      0x2ee C:\Program Files (x86)\Cypress\PSoC Creator\3.3\PSoC Creator\psoc\content\cycomponentlibrary\CyComponentLibrary.cylib\CapSense_CSD_v3_50\Library\CapSenseLibrary_GCC.a(CapSense_CSD_SmartSense_v3_50.o)

.debug_frame    0x00000000     0x2f0c
 *(.debug_frame)
 .debug_frame   0x00000000      0x120 .\CortexM3\ARM_GCC_493\Debug\main.o
 .debug_frame   0x00000120       0xd8 .\CortexM3\ARM_GCC_493\Debug\Cm3Start.o
 .debug_frame   0x000001f8      0x1bc .\CortexM3\ARM_GCC_493\Debug\RS232.a(cyfitter_cfg.o)
 .debug_frame   0x000003b4      0xbe8 .\CortexM3\ARM_GCC_493\Debug\RS232.a(CyLib.o)
 .debug_frame   0x00000f9c      0x234 .\CortexM3\ARM_GCC_493\Debug\RS232.a(cyPm.o)
 .debug_frame   0x000011d0      0x260 .\CortexM3\ARM_GCC_493\Debug\RS232.a(LCD.o)
 .debug_frame   0x00001430      0x42c .\CortexM3\ARM_GCC_493\Debug\RS232.a(UART.o)
 .debug_frame   0x0000185c      0x1e8 .\CortexM3\ARM_GCC_493\Debug\RS232.a(rx_int.o)
 .debug_frame   0x00001a44      0x1b4 .\CortexM3\ARM_GCC_493\Debug\RS232.a(UART_IntClock.o)
 .debug_frame   0x00001bf8      0x2e0 .\CortexM3\ARM_GCC_493\Debug\RS232.a(CapSense.o)
 .debug_frame   0x00001ed8      0x1f0 .\CortexM3\ARM_GCC_493\Debug\RS232.a(CapSense_CSHL.o)
 .debug_frame   0x000020c8       0x2c .\CortexM3\ARM_GCC_493\Debug\RS232.a(CapSense_INT.o)
 .debug_frame   0x000020f4       0xf8 .\CortexM3\ARM_GCC_493\Debug\RS232.a(CapSense_SMS_Wrapper.o)
 .debug_frame   0x000021ec      0x19c .\CortexM3\ARM_GCC_493\Debug\RS232.a(CapSense_CompCH0.o)
 .debug_frame   0x00002388      0x158 .\CortexM3\ARM_GCC_493\Debug\RS232.a(CapSense_IdacCH0.o)
 .debug_frame   0x000024e0       0xdc .\CortexM3\ARM_GCC_493\Debug\RS232.a(CapSense_AMuxCH0.o)
 .debug_frame   0x000025bc      0x1b4 .\CortexM3\ARM_GCC_493\Debug\RS232.a(CapSense_IntClock.o)
 .debug_frame   0x00002770       0xa8 .\CortexM3\ARM_GCC_493\Debug\RS232.a(LED_1.o)
 .debug_frame   0x00002818       0xa8 .\CortexM3\ARM_GCC_493\Debug\RS232.a(LED_2.o)
 .debug_frame   0x000028c0      0x210 .\CortexM3\ARM_GCC_493\Debug\RS232.a(CyFlash.o)
 .debug_frame   0x00002ad0      0x1f8 .\CortexM3\ARM_GCC_493\Debug\RS232.a(CySpc.o)
 .debug_frame   0x00002cc8      0x168 C:\Program Files (x86)\Cypress\PSoC Creator\3.3\PSoC Creator\psoc\content\cycomponentlibrary\CyComponentLibrary.cylib\CapSense_CSD_v3_50\Library\CapSenseLibrary_GCC.a(CapSense_CSD_SmartSense_v3_50.o)
 .debug_frame   0x00002e30       0x20 c:/program files (x86)/cypress/psoc creator/3.3/psoc creator/import/gnu/arm/4.9.3/bin/../lib/gcc/arm-none-eabi/4.9.3/armv7-m\libgcc.a(_udivsi3.o)
 .debug_frame   0x00002e50       0x20 c:/program files (x86)/cypress/psoc creator/3.3/psoc creator/import/gnu/arm/4.9.3/bin/../lib/gcc/arm-none-eabi/4.9.3/../../../../arm-none-eabi/lib/armv7-m\libg_nano.a(lib_a-errno.o)
 .debug_frame   0x00002e70       0x28 c:/program files (x86)/cypress/psoc creator/3.3/psoc creator/import/gnu/arm/4.9.3/bin/../lib/gcc/arm-none-eabi/4.9.3/../../../../arm-none-eabi/lib/armv7-m\libg_nano.a(lib_a-exit.o)
 .debug_frame   0x00002e98       0x2c c:/program files (x86)/cypress/psoc creator/3.3/psoc creator/import/gnu/arm/4.9.3/bin/../lib/gcc/arm-none-eabi/4.9.3/../../../../arm-none-eabi/lib/armv7-m\libg_nano.a(lib_a-init.o)
 .debug_frame   0x00002ec4       0x28 c:/program files (x86)/cypress/psoc creator/3.3/psoc creator/import/gnu/arm/4.9.3/bin/../lib/gcc/arm-none-eabi/4.9.3/../../../../arm-none-eabi/lib/armv7-m\libg_nano.a(lib_a-memcpy.o)
 .debug_frame   0x00002eec       0x20 c:/program files (x86)/cypress/psoc creator/3.3/psoc creator/import/gnu/arm/4.9.3/bin/../lib/gcc/arm-none-eabi/4.9.3/../../../../arm-none-eabi/lib/armv7-m\libg_nano.a(lib_a-memset.o)

.debug_str      0x00000000     0x2c1c
 *(.debug_str)
 .debug_str     0x00000000      0x1ca .\CortexM3\ARM_GCC_493\Debug\main.o
                                0x21b (size before relaxing)
 .debug_str     0x000001ca      0x13e .\CortexM3\ARM_GCC_493\Debug\Cm3Start.o
                                0x2dd (size before relaxing)
 .debug_str     0x00000308       0x77 .\CortexM3\ARM_GCC_493\Debug\cymetadata.o
                                0x1fc (size before relaxing)
 .debug_str     0x0000037f      0x1ff .\CortexM3\ARM_GCC_493\Debug\RS232.a(cyfitter_cfg.o)
                                0x3aa (size before relaxing)
 .debug_str     0x0000057e      0x7f6 .\CortexM3\ARM_GCC_493\Debug\RS232.a(CyLib.o)
                                0x9d8 (size before relaxing)
 .debug_str     0x00000d74      0x367 .\CortexM3\ARM_GCC_493\Debug\RS232.a(cyPm.o)
                                0x53d (size before relaxing)
 .debug_str     0x000010db      0x16a .\CortexM3\ARM_GCC_493\Debug\RS232.a(LCD.o)
                                0x31f (size before relaxing)
 .debug_str     0x00001245      0x275 .\CortexM3\ARM_GCC_493\Debug\RS232.a(UART.o)
                                0x427 (size before relaxing)
 .debug_str     0x000014ba       0xf6 .\CortexM3\ARM_GCC_493\Debug\RS232.a(rx_int.o)
                                0x2ba (size before relaxing)
 .debug_str     0x000015b0      0x1ac .\CortexM3\ARM_GCC_493\Debug\RS232.a(UART_IntClock.o)
                                0x348 (size before relaxing)
 .debug_str     0x0000175c      0x30d .\CortexM3\ARM_GCC_493\Debug\RS232.a(CapSense.o)
                                0x4d1 (size before relaxing)
 .debug_str     0x00001a69      0x2e8 .\CortexM3\ARM_GCC_493\Debug\RS232.a(CapSense_CSHL.o)
                                0x51c (size before relaxing)
 .debug_str     0x00001d51       0x3c .\CortexM3\ARM_GCC_493\Debug\RS232.a(CapSense_INT.o)
                                0x1e3 (size before relaxing)
 .debug_str     0x00001d8d      0x315 .\CortexM3\ARM_GCC_493\Debug\RS232.a(CapSense_SMS_Wrapper.o)
                                0x5ad (size before relaxing)
 .debug_str     0x000020a2      0x1b7 .\CortexM3\ARM_GCC_493\Debug\RS232.a(CapSense_CompCH0.o)
                                0x356 (size before relaxing)
 .debug_str     0x00002259      0x133 .\CortexM3\ARM_GCC_493\Debug\RS232.a(CapSense_IdacCH0.o)
                                0x2c5 (size before relaxing)
 .debug_str     0x0000238c       0xfd .\CortexM3\ARM_GCC_493\Debug\RS232.a(CapSense_AMuxCH0.o)
                                0x281 (size before relaxing)
 .debug_str     0x00002489      0x191 .\CortexM3\ARM_GCC_493\Debug\RS232.a(CapSense_IntClock.o)
                                0x378 (size before relaxing)
 .debug_str     0x0000261a       0x68 .\CortexM3\ARM_GCC_493\Debug\RS232.a(LED_1.o)
                                0x1f4 (size before relaxing)
 .debug_str     0x00002682       0x5d .\CortexM3\ARM_GCC_493\Debug\RS232.a(LED_2.o)
                                0x1f4 (size before relaxing)
 .debug_str     0x000026df      0x147 .\CortexM3\ARM_GCC_493\Debug\RS232.a(CyFlash.o)
                                0x2fc (size before relaxing)
 .debug_str     0x00002826      0x121 .\CortexM3\ARM_GCC_493\Debug\RS232.a(CySpc.o)
                                0x2f9 (size before relaxing)
 .debug_str     0x00002947      0x2d5 C:\Program Files (x86)\Cypress\PSoC Creator\3.3\PSoC Creator\psoc\content\cycomponentlibrary\CyComponentLibrary.cylib\CapSense_CSD_v3_50\Library\CapSenseLibrary_GCC.a(CapSense_CSD_SmartSense_v3_50.o)
                                0x63b (size before relaxing)

.debug_loc      0x00000000      0x80f
 *(.debug_loc)
 .debug_loc     0x00000000      0x80f C:\Program Files (x86)\Cypress\PSoC Creator\3.3\PSoC Creator\psoc\content\cycomponentlibrary\CyComponentLibrary.cylib\CapSense_CSD_v3_50\Library\CapSenseLibrary_GCC.a(CapSense_CSD_SmartSense_v3_50.o)

.debug_macinfo
 *(.debug_macinfo)

.debug_ranges   0x00000000      0xa40
 *(.debug_ranges)
 .debug_ranges  0x00000000       0x48 .\CortexM3\ARM_GCC_493\Debug\main.o
 .debug_ranges  0x00000048       0x38 .\CortexM3\ARM_GCC_493\Debug\Cm3Start.o
 .debug_ranges  0x00000080       0x60 .\CortexM3\ARM_GCC_493\Debug\RS232.a(cyfitter_cfg.o)
 .debug_ranges  0x000000e0      0x288 .\CortexM3\ARM_GCC_493\Debug\RS232.a(CyLib.o)
 .debug_ranges  0x00000368       0x88 .\CortexM3\ARM_GCC_493\Debug\RS232.a(cyPm.o)
 .debug_ranges  0x000003f0       0x88 .\CortexM3\ARM_GCC_493\Debug\RS232.a(LCD.o)
 .debug_ranges  0x00000478       0xe0 .\CortexM3\ARM_GCC_493\Debug\RS232.a(UART.o)
 .debug_ranges  0x00000558       0x70 .\CortexM3\ARM_GCC_493\Debug\RS232.a(rx_int.o)
 .debug_ranges  0x000005c8       0x60 .\CortexM3\ARM_GCC_493\Debug\RS232.a(UART_IntClock.o)
 .debug_ranges  0x00000628       0xa0 .\CortexM3\ARM_GCC_493\Debug\RS232.a(CapSense.o)
 .debug_ranges  0x000006c8       0x68 .\CortexM3\ARM_GCC_493\Debug\RS232.a(CapSense_CSHL.o)
 .debug_ranges  0x00000730       0x10 .\CortexM3\ARM_GCC_493\Debug\RS232.a(CapSense_INT.o)
 .debug_ranges  0x00000740       0x40 .\CortexM3\ARM_GCC_493\Debug\RS232.a(CapSense_SMS_Wrapper.o)
 .debug_ranges  0x00000780       0x60 .\CortexM3\ARM_GCC_493\Debug\RS232.a(CapSense_CompCH0.o)
 .debug_ranges  0x000007e0       0x50 .\CortexM3\ARM_GCC_493\Debug\RS232.a(CapSense_IdacCH0.o)
 .debug_ranges  0x00000830       0x38 .\CortexM3\ARM_GCC_493\Debug\RS232.a(CapSense_AMuxCH0.o)
 .debug_ranges  0x00000868       0x60 .\CortexM3\ARM_GCC_493\Debug\RS232.a(CapSense_IntClock.o)
 .debug_ranges  0x000008c8       0x28 .\CortexM3\ARM_GCC_493\Debug\RS232.a(LED_1.o)
 .debug_ranges  0x000008f0       0x28 .\CortexM3\ARM_GCC_493\Debug\RS232.a(LED_2.o)
 .debug_ranges  0x00000918       0x70 .\CortexM3\ARM_GCC_493\Debug\RS232.a(CyFlash.o)
 .debug_ranges  0x00000988       0x68 .\CortexM3\ARM_GCC_493\Debug\RS232.a(CySpc.o)
 .debug_ranges  0x000009f0       0x50 C:\Program Files (x86)\Cypress\PSoC Creator\3.3\PSoC Creator\psoc\content\cycomponentlibrary\CyComponentLibrary.cylib\CapSense_CSD_v3_50\Library\CapSenseLibrary_GCC.a(CapSense_CSD_SmartSense_v3_50.o)

.comment        0x00000000       0xe0
 .comment       0x00000000       0x70 .\CortexM3\ARM_GCC_493\Debug\main.o
                                 0x71 (size before relaxing)
 .comment       0x00000000       0x71 .\CortexM3\ARM_GCC_493\Debug\Cm3Start.o
 .comment       0x00000000       0x71 .\CortexM3\ARM_GCC_493\Debug\cymetadata.o
 .comment       0x00000000       0x71 .\CortexM3\ARM_GCC_493\Debug\RS232.a(cyfitter_cfg.o)
 .comment       0x00000000       0x71 .\CortexM3\ARM_GCC_493\Debug\RS232.a(CyLib.o)
 .comment       0x00000000       0x71 .\CortexM3\ARM_GCC_493\Debug\RS232.a(cyPm.o)
 .comment       0x00000000       0x71 .\CortexM3\ARM_GCC_493\Debug\RS232.a(LCD.o)
 .comment       0x00000000       0x71 .\CortexM3\ARM_GCC_493\Debug\RS232.a(UART.o)
 .comment       0x00000000       0x71 .\CortexM3\ARM_GCC_493\Debug\RS232.a(rx_int.o)
 .comment       0x00000000       0x71 .\CortexM3\ARM_GCC_493\Debug\RS232.a(UART_IntClock.o)
 .comment       0x00000000       0x71 .\CortexM3\ARM_GCC_493\Debug\RS232.a(CapSense.o)
 .comment       0x00000000       0x71 .\CortexM3\ARM_GCC_493\Debug\RS232.a(CapSense_CSHL.o)
 .comment       0x00000000       0x71 .\CortexM3\ARM_GCC_493\Debug\RS232.a(CapSense_INT.o)
 .comment       0x00000000       0x71 .\CortexM3\ARM_GCC_493\Debug\RS232.a(CapSense_SMS_Wrapper.o)
 .comment       0x00000000       0x71 .\CortexM3\ARM_GCC_493\Debug\RS232.a(CapSense_CompCH0.o)
 .comment       0x00000000       0x71 .\CortexM3\ARM_GCC_493\Debug\RS232.a(CapSense_IdacCH0.o)
 .comment       0x00000000       0x71 .\CortexM3\ARM_GCC_493\Debug\RS232.a(CapSense_AMuxCH0.o)
 .comment       0x00000000       0x71 .\CortexM3\ARM_GCC_493\Debug\RS232.a(CapSense_IntClock.o)
 .comment       0x00000000       0x71 .\CortexM3\ARM_GCC_493\Debug\RS232.a(LED_1.o)
 .comment       0x00000000       0x71 .\CortexM3\ARM_GCC_493\Debug\RS232.a(LED_2.o)
 .comment       0x00000000       0x71 .\CortexM3\ARM_GCC_493\Debug\RS232.a(CyFlash.o)
 .comment       0x00000000       0x71 .\CortexM3\ARM_GCC_493\Debug\RS232.a(CySpc.o)
 .comment       0x00000070       0x70 C:\Program Files (x86)\Cypress\PSoC Creator\3.3\PSoC Creator\psoc\content\cycomponentlibrary\CyComponentLibrary.cylib\CapSense_CSD_v3_50\Library\CapSenseLibrary_GCC.a(CapSense_CSD_SmartSense_v3_50.o)
                                 0x71 (size before relaxing)

.debug_weaknames
 *(.debug_weaknames)

.debug_funcnames
 *(.debug_funcnames)

.debug_typenames
 *(.debug_typenames)

.debug_varnames
 *(.debug_varnames)

.note.gnu.arm.ident
 *(.note.gnu.arm.ident)

.ARM.attributes
                0x00000000       0x29
 *(.ARM.attributes)
 .ARM.attributes
                0x00000000       0x1d c:/program files (x86)/cypress/psoc creator/3.3/psoc creator/import/gnu/arm/4.9.3/bin/../lib/gcc/arm-none-eabi/4.9.3/armv7-m/crti.o
 .ARM.attributes
                0x0000001d       0x2d c:/program files (x86)/cypress/psoc creator/3.3/psoc creator/import/gnu/arm/4.9.3/bin/../lib/gcc/arm-none-eabi/4.9.3/armv7-m/crtbegin.o
 .ARM.attributes
                0x0000004a       0x1b c:/program files (x86)/cypress/psoc creator/3.3/psoc creator/import/gnu/arm/4.9.3/bin/../lib/gcc/arm-none-eabi/4.9.3/../../../../arm-none-eabi/lib/armv7-m/crt0.o
 .ARM.attributes
                0x00000065       0x33 .\CortexM3\ARM_GCC_493\Debug\main.o
 .ARM.attributes
                0x00000098       0x33 .\CortexM3\ARM_GCC_493\Debug\Cm3Start.o
 .ARM.attributes
                0x000000cb       0x33 .\CortexM3\ARM_GCC_493\Debug\cymetadata.o
 .ARM.attributes
                0x000000fe       0x33 .\CortexM3\ARM_GCC_493\Debug\RS232.a(cyfitter_cfg.o)
 .ARM.attributes
                0x00000131       0x21 .\CortexM3\ARM_GCC_493\Debug\RS232.a(CyBootAsmGnu.o)
 .ARM.attributes
                0x00000152       0x33 .\CortexM3\ARM_GCC_493\Debug\RS232.a(CyLib.o)
 .ARM.attributes
                0x00000185       0x33 .\CortexM3\ARM_GCC_493\Debug\RS232.a(cyPm.o)
 .ARM.attributes
                0x000001b8       0x33 .\CortexM3\ARM_GCC_493\Debug\RS232.a(LCD.o)
 .ARM.attributes
                0x000001eb       0x33 .\CortexM3\ARM_GCC_493\Debug\RS232.a(UART.o)
 .ARM.attributes
                0x0000021e       0x33 .\CortexM3\ARM_GCC_493\Debug\RS232.a(rx_int.o)
 .ARM.attributes
                0x00000251       0x33 .\CortexM3\ARM_GCC_493\Debug\RS232.a(UART_IntClock.o)
 .ARM.attributes
                0x00000284       0x33 .\CortexM3\ARM_GCC_493\Debug\RS232.a(CapSense.o)
 .ARM.attributes
                0x000002b7       0x33 .\CortexM3\ARM_GCC_493\Debug\RS232.a(CapSense_CSHL.o)
 .ARM.attributes
                0x000002ea       0x33 .\CortexM3\ARM_GCC_493\Debug\RS232.a(CapSense_INT.o)
 .ARM.attributes
                0x0000031d       0x33 .\CortexM3\ARM_GCC_493\Debug\RS232.a(CapSense_SMS_Wrapper.o)
 .ARM.attributes
                0x00000350       0x33 .\CortexM3\ARM_GCC_493\Debug\RS232.a(CapSense_CompCH0.o)
 .ARM.attributes
                0x00000383       0x33 .\CortexM3\ARM_GCC_493\Debug\RS232.a(CapSense_IdacCH0.o)
 .ARM.attributes
                0x000003b6       0x33 .\CortexM3\ARM_GCC_493\Debug\RS232.a(CapSense_AMuxCH0.o)
 .ARM.attributes
                0x000003e9       0x33 .\CortexM3\ARM_GCC_493\Debug\RS232.a(CapSense_IntClock.o)
 .ARM.attributes
                0x0000041c       0x33 .\CortexM3\ARM_GCC_493\Debug\RS232.a(LED_1.o)
 .ARM.attributes
                0x0000044f       0x33 .\CortexM3\ARM_GCC_493\Debug\RS232.a(LED_2.o)
 .ARM.attributes
                0x00000482       0x33 .\CortexM3\ARM_GCC_493\Debug\RS232.a(CyFlash.o)
 .ARM.attributes
                0x000004b5       0x33 .\CortexM3\ARM_GCC_493\Debug\RS232.a(CySpc.o)
 .ARM.attributes
                0x000004e8       0x31 C:\Program Files (x86)\Cypress\PSoC Creator\3.3\PSoC Creator\psoc\content\cycomponentlibrary\CyComponentLibrary.cylib\CapSense_CSD_v3_50\Library\CapSenseLibrary_GCC.a(CapSense_CSD_SmartSense_v3_50.o)
 .ARM.attributes
                0x00000519       0x1d c:/program files (x86)/cypress/psoc creator/3.3/psoc creator/import/gnu/arm/4.9.3/bin/../lib/gcc/arm-none-eabi/4.9.3/armv7-m\libgcc.a(_udivsi3.o)
 .ARM.attributes
                0x00000536       0x1d c:/program files (x86)/cypress/psoc creator/3.3/psoc creator/import/gnu/arm/4.9.3/bin/../lib/gcc/arm-none-eabi/4.9.3/armv7-m\libgcc.a(_dvmd_tls.o)
 .ARM.attributes
                0x00000553       0x2d c:/program files (x86)/cypress/psoc creator/3.3/psoc creator/import/gnu/arm/4.9.3/bin/../lib/gcc/arm-none-eabi/4.9.3/../../../../arm-none-eabi/lib/armv7-m\libg_nano.a(lib_a-errno.o)
 .ARM.attributes
                0x00000580       0x2d c:/program files (x86)/cypress/psoc creator/3.3/psoc creator/import/gnu/arm/4.9.3/bin/../lib/gcc/arm-none-eabi/4.9.3/../../../../arm-none-eabi/lib/armv7-m\libg_nano.a(lib_a-exit.o)
 .ARM.attributes
                0x000005ad       0x2d c:/program files (x86)/cypress/psoc creator/3.3/psoc creator/import/gnu/arm/4.9.3/bin/../lib/gcc/arm-none-eabi/4.9.3/../../../../arm-none-eabi/lib/armv7-m\libg_nano.a(lib_a-impure.o)
 .ARM.attributes
                0x000005da       0x2d c:/program files (x86)/cypress/psoc creator/3.3/psoc creator/import/gnu/arm/4.9.3/bin/../lib/gcc/arm-none-eabi/4.9.3/../../../../arm-none-eabi/lib/armv7-m\libg_nano.a(lib_a-init.o)
 .ARM.attributes
                0x00000607       0x2d c:/program files (x86)/cypress/psoc creator/3.3/psoc creator/import/gnu/arm/4.9.3/bin/../lib/gcc/arm-none-eabi/4.9.3/../../../../arm-none-eabi/lib/armv7-m\libg_nano.a(lib_a-memcpy.o)
 .ARM.attributes
                0x00000634       0x2d c:/program files (x86)/cypress/psoc creator/3.3/psoc creator/import/gnu/arm/4.9.3/bin/../lib/gcc/arm-none-eabi/4.9.3/../../../../arm-none-eabi/lib/armv7-m\libg_nano.a(lib_a-memset.o)
 .ARM.attributes
                0x00000661       0x2d c:/program files (x86)/cypress/psoc creator/3.3/psoc creator/import/gnu/arm/4.9.3/bin/../lib/gcc/arm-none-eabi/4.9.3/armv7-m/crtend.o
 .ARM.attributes
                0x0000068e       0x1d c:/program files (x86)/cypress/psoc creator/3.3/psoc creator/import/gnu/arm/4.9.3/bin/../lib/gcc/arm-none-eabi/4.9.3/armv7-m/crtn.o

/DISCARD/
 *(.note.GNU-stack)
OUTPUT(.\CortexM3\ARM_GCC_493\Debug\RS232.elf elf32-littlearm)
